Archive member included to satisfy reference by file (symbol)

/usr/lib/gcc/arm-none-eabi/14.2.1/thumb/v6-m/nofp/libgcc.a(_dvmd_tls.o)
                              CMakeFiles/pico2pico_slave.dir/home/frohro/Projects/pico-sdk/src/rp2_common/pico_divider/divider_hardware.S.o (__aeabi_idiv0)
/usr/lib/gcc/arm-none-eabi/14.2.1/../../../arm-none-eabi/lib/thumb/v6-m/nofp/libg.a(libc_a-strlen-stub.o)
                              CMakeFiles/pico2pico_slave.dir/home/frohro/Projects/pico-sdk/src/rp2_common/pico_stdio/stdio.c.o (strlen)
/usr/lib/gcc/arm-none-eabi/14.2.1/../../../arm-none-eabi/lib/thumb/v6-m/nofp/libg.a(libc_a-fini.o)
                              /usr/lib/gcc/arm-none-eabi/14.2.1/../../../arm-none-eabi/lib/thumb/v6-m/nofp/crt0.o (__libc_fini_array)
/usr/lib/gcc/arm-none-eabi/14.2.1/../../../arm-none-eabi/lib/thumb/v6-m/nofp/libg.a(libc_a-calloc.o)
                              CMakeFiles/pico2pico_slave.dir/home/frohro/Projects/pico-sdk/src/rp2_common/pico_malloc/malloc.c.o (calloc)
/usr/lib/gcc/arm-none-eabi/14.2.1/../../../arm-none-eabi/lib/thumb/v6-m/nofp/libg.a(libc_a-callocr.o)
                              /usr/lib/gcc/arm-none-eabi/14.2.1/../../../arm-none-eabi/lib/thumb/v6-m/nofp/libg.a(libc_a-calloc.o) (_calloc_r)
/usr/lib/gcc/arm-none-eabi/14.2.1/../../../arm-none-eabi/lib/thumb/v6-m/nofp/libg.a(libc_a-realloc.o)
                              CMakeFiles/pico2pico_slave.dir/home/frohro/Projects/pico-sdk/src/rp2_common/pico_malloc/malloc.c.o (realloc)
/usr/lib/gcc/arm-none-eabi/14.2.1/../../../arm-none-eabi/lib/thumb/v6-m/nofp/libg.a(libc_a-mallocr.o)
                              /usr/lib/gcc/arm-none-eabi/14.2.1/../../../arm-none-eabi/lib/thumb/v6-m/nofp/libg.a(libc_a-callocr.o) (_malloc_r)
/usr/lib/gcc/arm-none-eabi/14.2.1/../../../arm-none-eabi/lib/thumb/v6-m/nofp/libg.a(libc_a-freer.o)
                              /usr/lib/gcc/arm-none-eabi/14.2.1/../../../arm-none-eabi/lib/thumb/v6-m/nofp/libg.a(libc_a-mallocr.o) (_free_r)
/usr/lib/gcc/arm-none-eabi/14.2.1/../../../arm-none-eabi/lib/thumb/v6-m/nofp/libg.a(libc_a-memcmp.o)
                              CMakeFiles/pico2pico_slave.dir/home/frohro/Projects/pico-sdk/src/rp2_common/pico_atomic/atomic.c.o (memcmp)
/usr/lib/gcc/arm-none-eabi/14.2.1/../../../arm-none-eabi/lib/thumb/v6-m/nofp/libg.a(libc_a-errno.o)
                              /usr/lib/gcc/arm-none-eabi/14.2.1/../../../arm-none-eabi/lib/thumb/v6-m/nofp/libg.a(libc_a-callocr.o) (__errno)
/usr/lib/gcc/arm-none-eabi/14.2.1/../../../arm-none-eabi/lib/thumb/v6-m/nofp/libg.a(libc_a-malloc.o)
                              CMakeFiles/pico2pico_slave.dir/home/frohro/Projects/pico-sdk/src/rp2_common/pico_malloc/malloc.c.o (malloc)
/usr/lib/gcc/arm-none-eabi/14.2.1/../../../arm-none-eabi/lib/thumb/v6-m/nofp/libg.a(libc_a-reallocr.o)
                              /usr/lib/gcc/arm-none-eabi/14.2.1/../../../arm-none-eabi/lib/thumb/v6-m/nofp/libg.a(libc_a-realloc.o) (_realloc_r)
/usr/lib/gcc/arm-none-eabi/14.2.1/../../../arm-none-eabi/lib/thumb/v6-m/nofp/libg.a(libc_a-mktime.o)
                              CMakeFiles/pico2pico_slave.dir/home/frohro/Projects/pico-sdk/src/common/pico_util/datetime.c.o (mktime)
/usr/lib/gcc/arm-none-eabi/14.2.1/../../../arm-none-eabi/lib/thumb/v6-m/nofp/libg.a(libc_a-mlock.o)
                              /usr/lib/gcc/arm-none-eabi/14.2.1/../../../arm-none-eabi/lib/thumb/v6-m/nofp/libg.a(libc_a-mallocr.o) (__malloc_lock)
/usr/lib/gcc/arm-none-eabi/14.2.1/../../../arm-none-eabi/lib/thumb/v6-m/nofp/libg.a(libc_a-tzlock.o)
                              /usr/lib/gcc/arm-none-eabi/14.2.1/../../../arm-none-eabi/lib/thumb/v6-m/nofp/libg.a(libc_a-mktime.o) (__tz_lock)
/usr/lib/gcc/arm-none-eabi/14.2.1/../../../arm-none-eabi/lib/thumb/v6-m/nofp/libg.a(libc_a-sbrkr.o)
                              /usr/lib/gcc/arm-none-eabi/14.2.1/../../../arm-none-eabi/lib/thumb/v6-m/nofp/libg.a(libc_a-mallocr.o) (_sbrk_r)
/usr/lib/gcc/arm-none-eabi/14.2.1/../../../arm-none-eabi/lib/thumb/v6-m/nofp/libg.a(libc_a-atexit.o)
                              /usr/lib/gcc/arm-none-eabi/14.2.1/../../../arm-none-eabi/lib/thumb/v6-m/nofp/crt0.o (atexit)
/usr/lib/gcc/arm-none-eabi/14.2.1/../../../arm-none-eabi/lib/thumb/v6-m/nofp/libg.a(libc_a-lcltime_r.o)
                              CMakeFiles/pico2pico_slave.dir/home/frohro/Projects/pico-sdk/src/common/pico_util/datetime.c.o (localtime_r)
/usr/lib/gcc/arm-none-eabi/14.2.1/../../../arm-none-eabi/lib/thumb/v6-m/nofp/libg.a(libc_a-init.o)
                              /usr/lib/gcc/arm-none-eabi/14.2.1/../../../arm-none-eabi/lib/thumb/v6-m/nofp/crt0.o (__libc_init_array)
/usr/lib/gcc/arm-none-eabi/14.2.1/../../../arm-none-eabi/lib/thumb/v6-m/nofp/libg.a(libc_a-impure.o)
                              /usr/lib/gcc/arm-none-eabi/14.2.1/../../../arm-none-eabi/lib/thumb/v6-m/nofp/libg.a(libc_a-calloc.o) (_impure_ptr)
/usr/lib/gcc/arm-none-eabi/14.2.1/../../../arm-none-eabi/lib/thumb/v6-m/nofp/libg.a(libc_a-div.o)
[...]
Memory Configuration

Name             Origin             Length             Attributes
FLASH            0x10000000         0x00200000         xr
RAM              0x20000000         0x00040000         xrw
SCRATCH_X        0x20040000         0x00001000         xrw
SCRATCH_Y        0x20041000         0x00001000         xrw
*default*        0x00000000         0xffffffff

Linker script and memory map

LOAD /usr/lib/gcc/arm-none-eabi/14.2.1/thumb/v6-m/nofp/crti.o
LOAD /usr/lib/gcc/arm-none-eabi/14.2.1/thumb/v6-m/nofp/crtbegin.o
LOAD /usr/lib/gcc/arm-none-eabi/14.2.1/../../../arm-none-eabi/lib/thumb/v6-m/nofp/crt0.o

.flash_begin    0x10000000        0x0
                0x10000000                        __flash_binary_start = .

.boot2          0x10000000      0x100
                0x10000000                        __boot2_start__ = .
 *(.boot2)
 .boot2         0x10000000      0x100 pico-sdk/src/rp2040/boot_stage2/CMakeFiles/bs2_default_library.dir/bs2_default_padded_checksummed.S.o
                0x10000100                        __boot2_end__ = .
                0x00000001                        ASSERT (((__boot2_end__ - __boot2_start__) == 0x100), ERROR: Pico second stage bootloader must be 256 bytes in size)

.text           0x10000100     0x6e68
                0x10000100                        __logical_binary_start = .
 *(.vectors)
 .vectors       0x10000100       0xd4 CMakeFiles/pico2pico_slave.dir/home/frohro/Projects/pico-sdk/src/rp2_common/pico_crt0/crt0.S.o
                0x10000100                __vectors
                0x10000100                __VECTOR_TABLE
                0x100001c0                isr_irq30
                0x100001c0                __unhandled_user_irq
                0x100001c0                isr_irq13
                0x100001c0                isr_irq27
                0x100001c0                isr_irq31
                0x100001c0                isr_irq5
                0x100001c0                isr_irq11
                0x100001c0                isr_irq23
                0x100001c0                isr_irq18
                0x100001c0                isr_irq28
                0x100001c0                isr_irq19
                0x100001c0                isr_irq0
                0x100001c0                isr_irq6
                0x100001c0                isr_irq22
                0x100001c0                isr_irq17
                0x100001c0                isr_irq14
                0x100001c0                __vectors_end
                0x100001c0                __default_isrs_start
                0x100001c0                isr_irq2
                0x100001c0                isr_irq10
                0x100001c0                isr_irq8
                0x100001c0                isr_irq24
                0x100001c0                isr_irq1
                0x100001c0                isr_irq7
                0x100001c0                isr_irq21
                0x100001c0                isr_irq20
                0x100001c0                isr_irq15
                0x100001c0                isr_irq25
                0x100001c0                isr_irq4
                0x100001c0                isr_irq16
                0x100001c0                isr_irq29
                0x100001c0                isr_irq26
                0x100001c0                isr_irq3
                0x100001c0                isr_irq12
                0x100001c0                isr_irq9
                0x100001c6                unhandled_user_irq_num_in_r0
                0x100001c8                isr_invalid
                0x100001ca                isr_nmi
                0x100001cc                isr_hardfault
                0x100001ce                isr_svcall
                0x100001d0                isr_pendsv
                0x100001d2                isr_systick
                0x100001d4                __default_isrs_end
 *(.binary_info_header)
 .binary_info_header
                0x100001d4       0x14 CMakeFiles/pico2pico_slave.dir/home/frohro/Projects/pico-sdk/src/rp2_common/pico_crt0/crt0.S.o
                0x100001e8                        __binary_info_header_end = .
 *(.embedded_block)
                0x100001e8                        __embedded_block_end = .
 *(.reset)
 .reset         0x100001e8       0x9c CMakeFiles/pico2pico_slave.dir/home/frohro/Projects/pico-sdk/src/rp2_common/pico_crt0/crt0.S.o
                0x100001e8                _entry_point
 *(.init)
 .init          0x10000284        0x4 /usr/lib/gcc/arm-none-eabi/14.2.1/thumb/v6-m/nofp/crti.o
                0x10000284                _init
 *(EXCLUDE_FILE(*libm.a: *libc.a:*lib_a-mem*.o *libgcc.a:) .text*)
 .text          0x10000288       0x98 /usr/lib/gcc/arm-none-eabi/14.2.1/thumb/v6-m/nofp/crtbegin.o
 .text.startup.main
                0x10000320      0x170 CMakeFiles/pico2pico_slave.dir/main_slave.c.o
                0x10000320                main
 .text.gpio_set_function
                0x10000490       0x34 CMakeFiles/pico2pico_slave.dir/home/frohro/Projects/pico-sdk/src/rp2_common/hardware_gpio/gpio.c.o
                0x10000490                gpio_set_function
 .text.gpio_init
                0x100004c4       0x40 CMakeFiles/pico2pico_slave.dir/home/frohro/Projects/pico-sdk/src/rp2_common/hardware_gpio/gpio.c.o
                0x100004c4                gpio_init
 .text.rp2040_chip_version
                0x10000504        0xc CMakeFiles/pico2pico_slave.dir/home/frohro/Projects/pico-sdk/src/rp2040/pico_platform/platform.c.o
                0x10000504                rp2040_chip_version
 .text.panic    0x10000510       0x30 CMakeFiles/pico2pico_slave.dir/home/frohro/Projects/pico-sdk/src/rp2_common/pico_platform_panic/panic.c.o
                0x10000510                panic
 .text.hw_claim_or_assert
                0x10000540       0x44 CMakeFiles/pico2pico_slave.dir/home/frohro/Projects/pico-sdk/src/common/hardware_claim/claim.c.o
                0x10000540                hw_claim_or_assert
 .text.hw_claim_unused_from_range
                0x10000584       0x88 CMakeFiles/pico2pico_slave.dir/home/frohro/Projects/pico-sdk/src/common/hardware_claim/claim.c.o
                0x10000584                hw_claim_unused_from_range
 .text.next_striped_spin_lock_num
                0x1000060c       0x18 CMakeFiles/pico2pico_slave.dir/home/frohro/Projects/pico-sdk/src/rp2_common/hardware_sync/sync.c.o
                0x1000060c                next_striped_spin_lock_num
 .text.spin_lock_claim_unused
                0x10000624       0x24 CMakeFiles/pico2pico_slave.dir/home/frohro/Projects/pico-sdk/src/rp2_common/hardware_sync/sync.c.o
                0x10000624                spin_lock_claim_unused
 .text.spin_locks_reset
                0x10000648       0x1c CMakeFiles/pico2pico_slave.dir/home/frohro/Projects/pico-sdk/src/rp2_common/hardware_sync_spin_lock/sync_spin_lock.c.o
                0x10000648                spin_locks_reset
 .text.runtime_init_per_core_irq_priorities
                0x10000664       0x24 CMakeFiles/pico2pico_slave.dir/home/frohro/Projects/pico-sdk/src/rp2_common/hardware_irq/irq.c.o
                0x10000664                runtime_init_per_core_irq_priorities
 .text.irq_set_enabled
                0x10000688       0x24 CMakeFiles/pico2pico_slave.dir/home/frohro/Projects/pico-sdk/src/rp2_common/hardware_irq/irq.c.o
                0x10000688                irq_set_enabled
 .text.irq_is_enabled
                0x100006ac       0x18 CMakeFiles/pico2pico_slave.dir/home/frohro/Projects/pico-sdk/src/rp2_common/hardware_irq/irq.c.o
                0x100006ac                irq_is_enabled
 .text.irq_set_pending
                0x100006c4       0x10 CMakeFiles/pico2pico_slave.dir/home/frohro/Projects/pico-sdk/src/rp2_common/hardware_irq/irq.c.o
                0x100006c4                irq_set_pending
 .text.irq_has_shared_handler
                0x100006d4       0x24 CMakeFiles/pico2pico_slave.dir/home/frohro/Projects/pico-sdk/src/rp2_common/hardware_irq/irq.c.o
                0x100006d4                irq_has_shared_handler
 .text.irq_set_exclusive_handler
                0x100006f8       0x54 CMakeFiles/pico2pico_slave.dir/home/frohro/Projects/pico-sdk/src/rp2_common/hardware_irq/irq.c.o
                0x100006f8                irq_set_exclusive_handler
 .text.irq_add_shared_handler
                0x1000074c      0x1f4 CMakeFiles/pico2pico_slave.dir/home/frohro/Projects/pico-sdk/src/rp2_common/hardware_irq/irq.c.o
                0x1000074c                irq_add_shared_handler
 .text.irq_add_tail_to_free_list
                0x10000940       0xb4 CMakeFiles/pico2pico_slave.dir/home/frohro/Projects/pico-sdk/src/rp2_common/hardware_irq/irq.c.o
                0x10000940                irq_add_tail_to_free_list
 .text.user_irq_claim_unused
                0x100009f4       0x2c CMakeFiles/pico2pico_slave.dir/home/frohro/Projects/pico-sdk/src/rp2_common/hardware_irq/irq.c.o
                0x100009f4                user_irq_claim_unused
 .text.lock_init
                0x10000a20       0x10 CMakeFiles/pico2pico_slave.dir/home/frohro/Projects/pico-sdk/src/common/pico_sync/lock_core.c.o
                0x10000a20                lock_init
 .text.runtime_init_mutex
                0x10000a30       0x50 CMakeFiles/pico2pico_slave.dir/home/frohro/Projects/pico-sdk/src/common/pico_sync/mutex.c.o
                0x10000a30                runtime_init_mutex
 .text.mutex_init
                0x10000a80       0x1c CMakeFiles/pico2pico_slave.dir/home/frohro/Projects/pico-sdk/src/common/pico_sync/mutex.c.o
                0x10000a80                mutex_init
 .text.critical_section_init
                0x10000a9c       0x1c CMakeFiles/pico2pico_slave.dir/home/frohro/Projects/pico-sdk/src/common/pico_sync/critical_section.c.o
                0x10000a9c                critical_section_init
 .text.critical_section_init_with_lock_num
                0x10000ab8       0x14 CMakeFiles/pico2pico_slave.dir/home/frohro/Projects/pico-sdk/src/common/pico_sync/critical_section.c.o
                0x10000ab8                critical_section_init_with_lock_num
 .text.sleep_until_callback
                0x10000acc       0x30 CMakeFiles/pico2pico_slave.dir/home/frohro/Projects/pico-sdk/src/common/pico_time/time.c.o
 .text.alarm_pool_irq_handler
                0x10000afc      0x300 CMakeFiles/pico2pico_slave.dir/home/frohro/Projects/pico-sdk/src/common/pico_time/time.c.o
 .text.runtime_init_default_alarm_pool
                0x10000dfc       0xdc CMakeFiles/pico2pico_slave.dir/home/frohro/Projects/pico-sdk/src/common/pico_time/time.c.o
                0x10000dfc                runtime_init_default_alarm_pool
 .text.alarm_pool_get_default
                0x10000ed8        0x8 CMakeFiles/pico2pico_slave.dir/home/frohro/Projects/pico-sdk/src/common/pico_time/time.c.o
                0x10000ed8                alarm_pool_get_default
 .text.alarm_pool_add_alarm_at
                0x10000ee0       0xd0 CMakeFiles/pico2pico_slave.dir/home/frohro/Projects/pico-sdk/src/common/pico_time/time.c.o
                0x10000ee0                alarm_pool_add_alarm_at
 .text.alarm_pool_add_alarm_at_force_in_context
                0x10000fb0       0xb0 CMakeFiles/pico2pico_slave.dir/home/frohro/Projects/pico-sdk/src/common/pico_time/time.c.o
                0x10000fb0                alarm_pool_add_alarm_at_force_in_context
 .text.alarm_pool_cancel_alarm
                0x10001060       0x74 CMakeFiles/pico2pico_slave.dir/home/frohro/Projects/pico-sdk/src/common/pico_time/time.c.o
                0x10001060                alarm_pool_cancel_alarm
 .text.alarm_pool_core_num
                0x100010d4        0x4 CMakeFiles/pico2pico_slave.dir/home/frohro/Projects/pico-sdk/src/common/pico_time/time.c.o
                0x100010d4                alarm_pool_core_num
 .text.sleep_ms
                0x100010d8       0xfc CMakeFiles/pico2pico_slave.dir/home/frohro/Projects/pico-sdk/src/common/pico_time/time.c.o
                0x100010d8                sleep_ms
 .text.best_effort_wfe_or_timeout
                0x100011d4      0x10c CMakeFiles/pico2pico_slave.dir/home/frohro/Projects/pico-sdk/src/common/pico_time/time.c.o
                0x100011d4                best_effort_wfe_or_timeout
 .text.timer_hardware_alarm_claim
                0x100012e0       0x14 CMakeFiles/pico2pico_slave.dir/home/frohro/Projects/pico-sdk/src/rp2_common/hardware_timer/timer.c.o
                0x100012e0                timer_hardware_alarm_claim
 .text.timer_time_us_64
                0x100012f4       0x10 CMakeFiles/pico2pico_slave.dir/home/frohro/Projects/pico-sdk/src/rp2_common/hardware_timer/timer.c.o
                0x100012f4                timer_time_us_64
 .text.time_us_64
                0x10001304       0x14 CMakeFiles/pico2pico_slave.dir/home/frohro/Projects/pico-sdk/src/rp2_common/hardware_timer/timer.c.o
                0x10001304                time_us_64
 .text.busy_wait_until
                0x10001318       0x20 CMakeFiles/pico2pico_slave.dir/home/frohro/Projects/pico-sdk/src/rp2_common/hardware_timer/timer.c.o
                0x10001318                busy_wait_until
 .text.clock_configure
                0x10001338      0x140 CMakeFiles/pico2pico_slave.dir/home/frohro/Projects/pico-sdk/src/rp2_common/hardware_clocks/clocks.c.o
                0x10001338                clock_configure
 .text.clock_configure_int_divider
                0x10001478       0xf4 CMakeFiles/pico2pico_slave.dir/home/frohro/Projects/pico-sdk/src/rp2_common/hardware_clocks/clocks.c.o
                0x10001478                clock_configure_int_divider
 .text.clock_configure_undivided
                0x1000156c       0xe8 CMakeFiles/pico2pico_slave.dir/home/frohro/Projects/pico-sdk/src/rp2_common/hardware_clocks/clocks.c.o
                0x1000156c                clock_configure_undivided
 .text.clock_get_hz
                0x10001654        0xc CMakeFiles/pico2pico_slave.dir/home/frohro/Projects/pico-sdk/src/rp2_common/hardware_clocks/clocks.c.o
                0x10001654                clock_get_hz
 .text.pll_init
                0x10001660       0xa4 CMakeFiles/pico2pico_slave.dir/home/frohro/Projects/pico-sdk/src/rp2_common/hardware_pll/pll.c.o
                0x10001660                pll_init
 .text.vreg_set_voltage
                0x10001704       0x1c CMakeFiles/pico2pico_slave.dir/home/frohro/Projects/pico-sdk/src/rp2_common/hardware_vreg/vreg.c.o
                0x10001704                vreg_set_voltage
 .text.watchdog_reboot
                0x10001720       0x9c CMakeFiles/pico2pico_slave.dir/home/frohro/Projects/pico-sdk/src/rp2_common/hardware_watchdog/watchdog.c.o
                0x10001720                watchdog_reboot
 .text.tick_start
                0x100017bc       0x10 CMakeFiles/pico2pico_slave.dir/home/frohro/Projects/pico-sdk/src/rp2_common/hardware_ticks/ticks.c.o
                0x100017bc                tick_start
 .text.rom_func_lookup
                0x100017cc       0x10 CMakeFiles/pico2pico_slave.dir/home/frohro/Projects/pico-sdk/src/rp2_common/pico_bootrom/bootrom.c.o
                0x100017cc                rom_func_lookup
 .text.rom_data_lookup
                0x100017dc       0x10 CMakeFiles/pico2pico_slave.dir/home/frohro/Projects/pico-sdk/src/rp2_common/pico_bootrom/bootrom.c.o
                0x100017dc                rom_data_lookup
 .text.rom_funcs_lookup
                0x100017ec       0x44 CMakeFiles/pico2pico_slave.dir/home/frohro/Projects/pico-sdk/src/rp2_common/pico_bootrom/bootrom.c.o
                0x100017ec                rom_funcs_lookup
 .text.rom_reset_usb_boot_extra
                0x10001830       0x24 CMakeFiles/pico2pico_slave.dir/home/frohro/Projects/pico-sdk/src/rp2_common/pico_bootrom/bootrom.c.o
                0x10001830                rom_reset_usb_boot_extra
 .text.xosc_init
                0x10001854       0x28 CMakeFiles/pico2pico_slave.dir/home/frohro/Projects/pico-sdk/src/rp2_common/hardware_xosc/xosc.c.o
                0x10001854                xosc_init
 .text.first_per_core_initializer
                0x1000187c        0x4 CMakeFiles/pico2pico_slave.dir/home/frohro/Projects/pico-sdk/src/rp2_common/pico_runtime/runtime.c.o
 .text.hard_assertion_failure
                0x10001880        0xc CMakeFiles/pico2pico_slave.dir/home/frohro/Projects/pico-sdk/src/rp2_common/pico_runtime/runtime.c.o
                0x10001880                hard_assertion_failure
 .text.runtime_run_initializers
                0x1000188c       0x28 CMakeFiles/pico2pico_slave.dir/home/frohro/Projects/pico-sdk/src/rp2_common/pico_runtime/runtime.c.o
                0x1000188c                runtime_run_initializers
 .text.runtime_init_early_resets
                0x100018b4       0x2c CMakeFiles/pico2pico_slave.dir/home/frohro/Projects/pico-sdk/src/rp2_common/pico_runtime_init/runtime_init.c.o
                0x100018b4                runtime_init_early_resets
 .text.runtime_init_usb_power_down
                0x100018e0       0x1c CMakeFiles/pico2pico_slave.dir/home/frohro/Projects/pico-sdk/src/rp2_common/pico_runtime_init/runtime_init.c.o
                0x100018e0                runtime_init_usb_power_down
 .text.runtime_init_post_clock_resets
                0x100018fc       0x20 CMakeFiles/pico2pico_slave.dir/home/frohro/Projects/pico-sdk/src/rp2_common/pico_runtime_init/runtime_init.c.o
                0x100018fc                runtime_init_post_clock_resets
 .text.runtime_init_rp2040_gpio_ie_disable
                0x1000191c       0x14 CMakeFiles/pico2pico_slave.dir/home/frohro/Projects/pico-sdk/src/rp2_common/pico_runtime_init/runtime_init.c.o
                0x1000191c                runtime_init_rp2040_gpio_ie_disable
 .text.runtime_init_spin_locks_reset
                0x10001930        0x8 CMakeFiles/pico2pico_slave.dir/home/frohro/Projects/pico-sdk/src/rp2_common/pico_runtime_init/runtime_init.c.o
                0x10001930                runtime_init_spin_locks_reset
 .text.runtime_init_install_ram_vector_table
                0x10001938       0xb4 CMakeFiles/pico2pico_slave.dir/home/frohro/Projects/pico-sdk/src/rp2_common/pico_runtime_init/runtime_init.c.o
                0x10001938                runtime_init_install_ram_vector_table
 .text.runtime_init_clocks
                0x100019ec       0xd8 CMakeFiles/pico2pico_slave.dir/home/frohro/Projects/pico-sdk/src/rp2_common/pico_runtime_init/runtime_init_clocks.c.o
                0x100019ec                runtime_init_clocks
 .text          0x10001ac4       0x10 CMakeFiles/pico2pico_slave.dir/home/frohro/Projects/pico-sdk/src/rp2_common/pico_bit_ops/bit_ops_aeabi.S.o
 .text.__wrap___aeabi_idiv
                0x10001ad4       0x50 CMakeFiles/pico2pico_slave.dir/home/frohro/Projects/pico-sdk/src/rp2_common/pico_divider/divider_hardware.S.o
                0x10001ad4                __wrap___aeabi_idivmod
                0x10001ad4                divmod_s32s32
                0x10001ad4                div_s32s32
                0x10001ad4                __wrap___aeabi_idiv
                0x10001adc                divmod_s32s32_unsafe
                0x10001b08                divmod_s32s32_savestate
 .text.__wrap___aeabi_uidiv
                0x10001b24       0x4c CMakeFiles/pico2pico_slave.dir/home/frohro/Projects/pico-sdk/src/rp2_common/pico_divider/divider_hardware.S.o
                0x10001b24                __wrap___aeabi_uidiv
                0x10001b24                __wrap___aeabi_uidivmod
                0x10001b24                div_u32u32
                0x10001b24                divmod_u32u32
                0x10001b2c                divmod_u32u32_unsafe
                0x10001b54                divmod_u32u32_savestate
 .text.__wrap___aeabi_ldiv
                0x10001b70      0x424 CMakeFiles/pico2pico_slave.dir/home/frohro/Projects/pico-sdk/src/rp2_common/pico_divider/divider_hardware.S.o
                0x10001b70                div_s64s64
                0x10001b70                divmod_s64s64
                0x10001b70                __wrap___aeabi_ldivmod
                0x10001ba0                div_u64u64
                0x10001ba0                divmod_u64u64
                0x10001ba0                __wrap___aeabi_uldivmod
                0x10001bb0                divmod_u64u64_savestate
                0x10001bd0                divmod_s64s64_unsafe
                0x10001c58                divmod_u64u64_unsafe
 .text.__wrap___aeabi_darithmetic
                0x10001f94       0x80 CMakeFiles/pico2pico_slave.dir/home/frohro/Projects/pico-sdk/src/rp2_common/pico_double/double_aeabi_rp2040.S.o
                0x10001f94                __wrap___aeabi_drsub
                0x10001f9a                __wrap___aeabi_dsub
                0x10001fac                __wrap___aeabi_dadd
                0x10001fbe                __wrap___aeabi_ddiv
                0x10001ffa                __wrap___aeabi_dmul
 .text.__wrap___aeabi_cdcmple
                0x10002014       0x6c CMakeFiles/pico2pico_slave.dir/home/frohro/Projects/pico-sdk/src/rp2_common/pico_double/double_aeabi_rp2040.S.o
                0x10002014                __wrap___aeabi_cdrcmple
                0x10002024                __wrap___aeabi_cdcmple
                0x10002024                __wrap___aeabi_cdcmpeq
 .text.__wrap___aeabi_dcmplt
                0x10002080        0xc CMakeFiles/pico2pico_slave.dir/home/frohro/Projects/pico-sdk/src/rp2_common/pico_double/double_aeabi_rp2040.S.o
                0x10002080                __wrap___aeabi_dcmplt
 .text.__wrap___aeabi_dcmple
                0x1000208c       0x10 CMakeFiles/pico2pico_slave.dir/home/frohro/Projects/pico-sdk/src/rp2_common/pico_double/double_aeabi_rp2040.S.o
                0x1000208c                __wrap___aeabi_dcmple
 .text.__wrap___aeabi_dcmpge
                0x1000209c       0x10 CMakeFiles/pico2pico_slave.dir/home/frohro/Projects/pico-sdk/src/rp2_common/pico_double/double_aeabi_rp2040.S.o
                0x1000209c                __wrap___aeabi_dcmpge
 .text.__wrap___aeabi_dcmpgt
                0x100020ac        0xa CMakeFiles/pico2pico_slave.dir/home/frohro/Projects/pico-sdk/src/rp2_common/pico_double/double_aeabi_rp2040.S.o
                0x100020ac                __wrap___aeabi_dcmpgt
 .text.__wrap___aeabi_dcmpun
                0x100020b6       0x18 CMakeFiles/pico2pico_slave.dir/home/frohro/Projects/pico-sdk/src/rp2_common/pico_double/double_aeabi_rp2040.S.o
                0x100020b6                __wrap___aeabi_dcmpun
 *fill*         0x100020ce        0x2 
 .text.__wrap___aeabi_i2d
                0x100020d0       0x38 CMakeFiles/pico2pico_slave.dir/home/frohro/Projects/pico-sdk/src/rp2_common/pico_double/double_aeabi_rp2040.S.o
                0x100020d0                __wrap___aeabi_ui2d
                0x100020d0                uint2double
                0x100020d8                __wrap___aeabi_i2d
                0x100020d8                int2double
 .text.__wrap___aeabi_d2iz
                0x10002108       0x48 CMakeFiles/pico2pico_slave.dir/home/frohro/Projects/pico-sdk/src/rp2_common/pico_double/double_aeabi_rp2040.S.o
                0x10002108                __wrap___aeabi_d2iz
                0x10002108                double2int_z
 .text.__wrap___aeabi_d2uiz
                0x10002150       0x18 CMakeFiles/pico2pico_slave.dir/home/frohro/Projects/pico-sdk/src/rp2_common/pico_double/double_aeabi_rp2040.S.o
                0x10002150                double2uint_z
                0x10002150                double2uint
                0x10002150                __wrap___aeabi_d2uiz
 .text.__aeabi_double_init
                0x10002168       0xa4 CMakeFiles/pico2pico_slave.dir/home/frohro/Projects/pico-sdk/src/rp2_common/pico_double/double_init_rom_rp2040.c.o
                0x10002168                __aeabi_double_init
 .text.double_table_shim_on_use_helper
                0x1000220c       0x2c CMakeFiles/pico2pico_slave.dir/home/frohro/Projects/pico-sdk/src/rp2_common/pico_double/double_v1_rom_shim_rp2040.S.o
                0x1000220c                double_table_shim_on_use_helper
 .text.__wrap___aeabi_dsub
                0x10002238       0x10 CMakeFiles/pico2pico_slave.dir/home/frohro/Projects/pico-sdk/src/rp2_common/pico_double/double_v1_rom_shim_rp2040.S.o
                0x10002238                drsub_shim
                0x1000223e                dsub_shim
 .text.dadd_shim
                0x10002248      0x15c CMakeFiles/pico2pico_slave.dir/home/frohro/Projects/pico-sdk/src/rp2_common/pico_double/double_v1_rom_shim_rp2040.S.o
                0x10002248                dadd_shim
 .text.dmul_shim
                0x100023a4      0x15c CMakeFiles/pico2pico_slave.dir/home/frohro/Projects/pico-sdk/src/rp2_common/pico_double/double_v1_rom_shim_rp2040.S.o
                0x100023a4                dmul_shim
 .text.ddiv_shim
                0x10002500      0x1b0 CMakeFiles/pico2pico_slave.dir/home/frohro/Projects/pico-sdk/src/rp2_common/pico_double/double_v1_rom_shim_rp2040.S.o
                0x10002500                ddiv_shim
 .text.double2uint_shim
                0x100026b0        0xe CMakeFiles/pico2pico_slave.dir/home/frohro/Projects/pico-sdk/src/rp2_common/pico_double/double_v1_rom_shim_rp2040.S.o
                0x100026b0                double2uint_shim
                0x100026b2                double2ufix_shim
 *fill*         0x100026be        0x2 
 .text.double2uint64_shim
                0x100026c0       0x70 CMakeFiles/pico2pico_slave.dir/home/frohro/Projects/pico-sdk/src/rp2_common/pico_double/double_v1_rom_shim_rp2040.S.o
                0x100026c0                double2uint64_shim
                0x100026c2                double2ufix64_shim
                0x100026e2                d2fix_a
 .text.dunpacks
                0x10002730       0x3c CMakeFiles/pico2pico_slave.dir/home/frohro/Projects/pico-sdk/src/rp2_common/pico_double/double_v1_rom_shim_rp2040.S.o
                0x10002730                dunpacks
 .text.__aeabi_lmul
                0x1000276c       0x32 CMakeFiles/pico2pico_slave.dir/home/frohro/Projects/pico-sdk/src/rp2_common/pico_int64_ops/pico_int64_ops_aeabi.S.o
                0x1000276c                __wrap___aeabi_lmul
 *fill*         0x1000279e        0x2 
 .text.__aeabi_float_init
                0x100027a0       0x64 CMakeFiles/pico2pico_slave.dir/home/frohro/Projects/pico-sdk/src/rp2_common/pico_float/float_init_rom_rp2040.c.o
                0x100027a0                __aeabi_float_init
 .text.float_table_shim_on_use_helper
                0x10002804       0x2c CMakeFiles/pico2pico_slave.dir/home/frohro/Projects/pico-sdk/src/rp2_common/pico_float/float_v1_rom_shim_rp2040.S.o
                0x10002804                float_table_shim_on_use_helper
 .text          0x10002830       0x10 CMakeFiles/pico2pico_slave.dir/home/frohro/Projects/pico-sdk/src/rp2_common/pico_mem_ops/mem_ops_aeabi.S.o
                0x10002830                __aeabi_mem_init
 .text.memset   0x10002840        0xc CMakeFiles/pico2pico_slave.dir/home/frohro/Projects/pico-sdk/src/rp2_common/pico_mem_ops/mem_ops_aeabi.S.o
                0x10002840                __wrap_memset
 .text.memcpy   0x1000284c        0xc CMakeFiles/pico2pico_slave.dir/home/frohro/Projects/pico-sdk/src/rp2_common/pico_mem_ops/mem_ops_aeabi.S.o
                0x1000284c                __wrap___aeabi_memcpy
                0x1000284c                __wrap_memcpy
 .text._out_null
                0x10002858        0x4 CMakeFiles/pico2pico_slave.dir/home/frohro/Projects/pico-sdk/src/rp2_common/pico_printf/printf.c.o
 .text._out_rev
                0x1000285c       0xac CMakeFiles/pico2pico_slave.dir/home/frohro/Projects/pico-sdk/src/rp2_common/pico_printf/printf.c.o
 .text._ntoa_format
                0x10002908      0x1cc CMakeFiles/pico2pico_slave.dir/home/frohro/Projects/pico-sdk/src/rp2_common/pico_printf/printf.c.o
 .text._out_char
                0x10002ad4       0x10 CMakeFiles/pico2pico_slave.dir/home/frohro/Projects/pico-sdk/src/rp2_common/pico_printf/printf.c.o
 .text._out_fct
                0x10002ae4       0x10 CMakeFiles/pico2pico_slave.dir/home/frohro/Projects/pico-sdk/src/rp2_common/pico_printf/printf.c.o
 .text._ftoa    0x10002af4      0x4a8 CMakeFiles/pico2pico_slave.dir/home/frohro/Projects/pico-sdk/src/rp2_common/pico_printf/printf.c.o
 .text._etoa    0x10002f9c      0x57c CMakeFiles/pico2pico_slave.dir/home/frohro/Projects/pico-sdk/src/rp2_common/pico_printf/printf.c.o
 .text._vsnprintf
                0x10003518      0xbe0 CMakeFiles/pico2pico_slave.dir/home/frohro/Projects/pico-sdk/src/rp2_common/pico_printf/printf.c.o
 .text.vfctprintf
                0x100040f8       0x24 CMakeFiles/pico2pico_slave.dir/home/frohro/Projects/pico-sdk/src/rp2_common/pico_printf/printf.c.o
                0x100040f8                vfctprintf
 .text.weak_raw_vprintf
                0x1000411c       0x30 CMakeFiles/pico2pico_slave.dir/home/frohro/Projects/pico-sdk/src/rp2_common/pico_printf/printf.c.o
                0x1000411c                weak_raw_vprintf
 .text._exit    0x1000414c        0x4 CMakeFiles/pico2pico_slave.dir/home/frohro/Projects/pico-sdk/src/rp2_common/pico_clib_interface/newlib_interface.c.o
                0x1000414c                _exit
 .text.exit     0x10004150        0x8 CMakeFiles/pico2pico_slave.dir/home/frohro/Projects/pico-sdk/src/rp2_common/pico_clib_interface/newlib_interface.c.o
                0x10004150                exit
 .text.runtime_init
                0x10004158       0x2c CMakeFiles/pico2pico_slave.dir/home/frohro/Projects/pico-sdk/src/rp2_common/pico_clib_interface/newlib_interface.c.o
                0x10004158                runtime_init
 .text.stdio_out_chars_no_crlf
                0x10004184       0x10 CMakeFiles/pico2pico_slave.dir/home/frohro/Projects/pico-sdk/src/rp2_common/pico_stdio/stdio.c.o
 .text.stdio_out_chars_crlf
                0x10004194       0xb0 CMakeFiles/pico2pico_slave.dir/home/frohro/Projects/pico-sdk/src/rp2_common/pico_stdio/stdio.c.o
 .text.stdio_buffered_printer
                0x10004244       0x64 CMakeFiles/pico2pico_slave.dir/home/frohro/Projects/pico-sdk/src/rp2_common/pico_stdio/stdio.c.o
 .text.stdio_put_string
                0x100042a8       0xfc CMakeFiles/pico2pico_slave.dir/home/frohro/Projects/pico-sdk/src/rp2_common/pico_stdio/stdio.c.o
                0x100042a8                stdio_put_string
 .text.stdio_set_driver_enabled
                0x100043a4       0x30 CMakeFiles/pico2pico_slave.dir/home/frohro/Projects/pico-sdk/src/rp2_common/pico_stdio/stdio.c.o
                0x100043a4                stdio_set_driver_enabled
 .text.stdio_init_all
                0x100043d4        0x8 CMakeFiles/pico2pico_slave.dir/home/frohro/Projects/pico-sdk/src/rp2_common/pico_stdio/stdio.c.o
                0x100043d4                stdio_init_all
 .text.__wrap_putchar
                0x100043dc       0x94 CMakeFiles/pico2pico_slave.dir/home/frohro/Projects/pico-sdk/src/rp2_common/pico_stdio/stdio.c.o
                0x100043dc                stdio_putchar
                0x100043dc                __wrap_putchar
 .text.__wrap_puts
                0x10004470       0x3c CMakeFiles/pico2pico_slave.dir/home/frohro/Projects/pico-sdk/src/rp2_common/pico_stdio/stdio.c.o
                0x10004470                __wrap_puts
                0x10004470                stdio_puts
 .text.__wrap_vprintf
                0x100044ac       0xcc CMakeFiles/pico2pico_slave.dir/home/frohro/Projects/pico-sdk/src/rp2_common/pico_stdio/stdio.c.o
                0x100044ac                __wrap_vprintf
                0x100044ac                stdio_vprintf
 .text.__wrap_printf
                0x10004578       0x18 CMakeFiles/pico2pico_slave.dir/home/frohro/Projects/pico-sdk/src/rp2_common/pico_stdio/stdio.c.o
                0x10004578                stdio_printf
                0x10004578                __wrap_printf
 .text.resetd_init
                0x10004590        0x4 CMakeFiles/pico2pico_slave.dir/home/frohro/Projects/pico-sdk/src/rp2_common/pico_stdio_usb/reset_interface.c.o
 .text.resetd_reset
                0x10004594        0xc CMakeFiles/pico2pico_slave.dir/home/frohro/Projects/pico-sdk/src/rp2_common/pico_stdio_usb/reset_interface.c.o
 .text.resetd_open
                0x100045a0       0x28 CMakeFiles/pico2pico_slave.dir/home/frohro/Projects/pico-sdk/src/rp2_common/pico_stdio_usb/reset_interface.c.o
 .text.resetd_xfer_cb
                0x100045c8        0x4 CMakeFiles/pico2pico_slave.dir/home/frohro/Projects/pico-sdk/src/rp2_common/pico_stdio_usb/reset_interface.c.o
 .text.resetd_control_xfer_cb
                0x100045cc       0x54 CMakeFiles/pico2pico_slave.dir/home/frohro/Projects/pico-sdk/src/rp2_common/pico_stdio_usb/reset_interface.c.o
 .text.tud_descriptor_bos_cb
                0x10004620        0x8 CMakeFiles/pico2pico_slave.dir/home/frohro/Projects/pico-sdk/src/rp2_common/pico_stdio_usb/reset_interface.c.o
                0x10004620                tud_descriptor_bos_cb
 .text.tud_vendor_control_xfer_cb
                0x10004628       0x34 CMakeFiles/pico2pico_slave.dir/home/frohro/Projects/pico-sdk/src/rp2_common/pico_stdio_usb/reset_interface.c.o
                0x10004628                tud_vendor_control_xfer_cb
 .text.usbd_app_driver_get_cb
                0x1000465c        0xc CMakeFiles/pico2pico_slave.dir/home/frohro/Projects/pico-sdk/src/rp2_common/pico_stdio_usb/reset_interface.c.o
                0x1000465c                usbd_app_driver_get_cb
 .text.tud_cdc_line_coding_cb
                0x10004668       0x2c CMakeFiles/pico2pico_slave.dir/home/frohro/Projects/pico-sdk/src/rp2_common/pico_stdio_usb/reset_interface.c.o
                0x10004668                tud_cdc_line_coding_cb
 .text.stdio_usb_set_chars_available_callback
                0x10004694       0x14 CMakeFiles/pico2pico_slave.dir/home/frohro/Projects/pico-sdk/src/rp2_common/pico_stdio_usb/stdio_usb.c.o
                0x10004694                stdio_usb_set_chars_available_callback
 .text.usb_irq  0x100046a8       0x10 CMakeFiles/pico2pico_slave.dir/home/frohro/Projects/pico-sdk/src/rp2_common/pico_stdio_usb/stdio_usb.c.o
 .text.timer_task
                0x100046b8       0x64 CMakeFiles/pico2pico_slave.dir/home/frohro/Projects/pico-sdk/src/rp2_common/pico_stdio_usb/stdio_usb.c.o
 .text.stdio_usb_in_chars
                0x1000471c       0x8c CMakeFiles/pico2pico_slave.dir/home/frohro/Projects/pico-sdk/src/rp2_common/pico_stdio_usb/stdio_usb.c.o
                0x1000471c                stdio_usb_in_chars
 .text.stdio_usb_out_flush
                0x100047a8       0x4c CMakeFiles/pico2pico_slave.dir/home/frohro/Projects/pico-sdk/src/rp2_common/pico_stdio_usb/stdio_usb.c.o
 .text.stdio_usb_out_chars
                0x100047f4      0x100 CMakeFiles/pico2pico_slave.dir/home/frohro/Projects/pico-sdk/src/rp2_common/pico_stdio_usb/stdio_usb.c.o
 .text.low_priority_worker_irq
                0x100048f4       0xc8 CMakeFiles/pico2pico_slave.dir/home/frohro/Projects/pico-sdk/src/rp2_common/pico_stdio_usb/stdio_usb.c.o
 .text.stdio_usb_init
                0x100049bc       0xe8 CMakeFiles/pico2pico_slave.dir/home/frohro/Projects/pico-sdk/src/rp2_common/pico_stdio_usb/stdio_usb.c.o
                0x100049bc                stdio_usb_init
 .text.tud_descriptor_device_cb
                0x10004aa4        0x8 CMakeFiles/pico2pico_slave.dir/home/frohro/Projects/pico-sdk/src/rp2_common/pico_stdio_usb/stdio_usb_descriptors.c.o
                0x10004aa4                tud_descriptor_device_cb
 .text.tud_descriptor_configuration_cb
                0x10004aac        0x8 CMakeFiles/pico2pico_slave.dir/home/frohro/Projects/pico-sdk/src/rp2_common/pico_stdio_usb/stdio_usb_descriptors.c.o
                0x10004aac                tud_descriptor_configuration_cb
 .text.tud_descriptor_string_cb
                0x10004ab4       0x78 CMakeFiles/pico2pico_slave.dir/home/frohro/Projects/pico-sdk/src/rp2_common/pico_stdio_usb/stdio_usb_descriptors.c.o
                0x10004ab4                tud_descriptor_string_cb
 .text.startup._retrieve_unique_id_on_boot
                0x10004b2c       0x10 CMakeFiles/pico2pico_slave.dir/home/frohro/Projects/pico-sdk/src/rp2_common/pico_unique_id/unique_id.c.o
 .text.pico_get_unique_board_id_string
                0x10004b3c      0x1a8 CMakeFiles/pico2pico_slave.dir/home/frohro/Projects/pico-sdk/src/rp2_common/pico_unique_id/unique_id.c.o
                0x10004b3c                pico_get_unique_board_id_string
 .text.flash_get_unique_id
                0x10004ce4       0x3c CMakeFiles/pico2pico_slave.dir/home/frohro/Projects/pico-sdk/src/rp2_common/hardware_flash/flash.c.o
                0x10004ce4                flash_get_unique_id
 .text.dcd_init
                0x10004d20       0x90 CMakeFiles/pico2pico_slave.dir/home/frohro/Projects/pico-sdk/lib/tinyusb/src/portable/raspberrypi/rp2040/dcd_rp2040.c.o
                0x10004d20                dcd_init
 .text.dcd_int_enable
                0x10004db0        0xc CMakeFiles/pico2pico_slave.dir/home/frohro/Projects/pico-sdk/lib/tinyusb/src/portable/raspberrypi/rp2040/dcd_rp2040.c.o
                0x10004db0                dcd_int_enable
 .text.dcd_set_address
                0x10004dbc       0x14 CMakeFiles/pico2pico_slave.dir/home/frohro/Projects/pico-sdk/lib/tinyusb/src/portable/raspberrypi/rp2040/dcd_rp2040.c.o
                0x10004dbc                dcd_set_address
 .text.dcd_sof_enable
                0x10004dd0       0x1c CMakeFiles/pico2pico_slave.dir/home/frohro/Projects/pico-sdk/lib/tinyusb/src/portable/raspberrypi/rp2040/dcd_rp2040.c.o
                0x10004dd0                dcd_sof_enable
 .text.dcd_edpt0_status_complete
                0x10004dec       0x1c CMakeFiles/pico2pico_slave.dir/home/frohro/Projects/pico-sdk/lib/tinyusb/src/portable/raspberrypi/rp2040/dcd_rp2040.c.o
                0x10004dec                dcd_edpt0_status_complete
 .text.dcd_edpt_open
                0x10004e08      0x114 CMakeFiles/pico2pico_slave.dir/home/frohro/Projects/pico-sdk/lib/tinyusb/src/portable/raspberrypi/rp2040/dcd_rp2040.c.o
                0x10004e08                dcd_edpt_open
 .text.dcd_edpt_close_all
                0x10004f1c        0x8 CMakeFiles/pico2pico_slave.dir/home/frohro/Projects/pico-sdk/lib/tinyusb/src/portable/raspberrypi/rp2040/dcd_rp2040.c.o
                0x10004f1c                dcd_edpt_close_all
 .text.dcd_edpt_xfer
                0x10004f24       0x24 CMakeFiles/pico2pico_slave.dir/home/frohro/Projects/pico-sdk/lib/tinyusb/src/portable/raspberrypi/rp2040/dcd_rp2040.c.o
                0x10004f24                dcd_edpt_xfer
 .text.dcd_edpt_stall
                0x10004f48       0x3c CMakeFiles/pico2pico_slave.dir/home/frohro/Projects/pico-sdk/lib/tinyusb/src/portable/raspberrypi/rp2040/dcd_rp2040.c.o
                0x10004f48                dcd_edpt_stall
 .text.dcd_edpt_clear_stall
                0x10004f84       0x30 CMakeFiles/pico2pico_slave.dir/home/frohro/Projects/pico-sdk/lib/tinyusb/src/portable/raspberrypi/rp2040/dcd_rp2040.c.o
                0x10004f84                dcd_edpt_clear_stall
 .text.rp2040_usb_init
                0x10004fb4       0x40 CMakeFiles/pico2pico_slave.dir/home/frohro/Projects/pico-sdk/lib/tinyusb/src/portable/raspberrypi/rp2040/rp2040_usb.c.o
                0x10004fb4                rp2040_usb_init
 .text.hw_endpoint_xfer_start
                0x10004ff4       0x40 CMakeFiles/pico2pico_slave.dir/home/frohro/Projects/pico-sdk/lib/tinyusb/src/portable/raspberrypi/rp2040/rp2040_usb.c.o
                0x10004ff4                hw_endpoint_xfer_start
 .text.tud_event_hook_cb
                0x10005034        0x4 CMakeFiles/pico2pico_slave.dir/home/frohro/Projects/pico-sdk/lib/tinyusb/src/device/usbd.c.o
                0x10005034                tud_event_hook_cb
 .text.tud_sof_cb
                0x10005038        0x4 CMakeFiles/pico2pico_slave.dir/home/frohro/Projects/pico-sdk/lib/tinyusb/src/device/usbd.c.o
                0x10005038                tud_sof_cb
 .text.tud_descriptor_device_qualifier_cb
                0x1000503c        0x4 CMakeFiles/pico2pico_slave.dir/home/frohro/Projects/pico-sdk/lib/tinyusb/src/device/usbd.c.o
                0x1000503c                tud_descriptor_device_qualifier_cb
 .text.tud_descriptor_other_speed_configuration_cb
                0x10005040        0x4 CMakeFiles/pico2pico_slave.dir/home/frohro/Projects/pico-sdk/lib/tinyusb/src/device/usbd.c.o
                0x10005040                tud_descriptor_other_speed_configuration_cb
 .text.tud_mount_cb
                0x10005044        0x4 CMakeFiles/pico2pico_slave.dir/home/frohro/Projects/pico-sdk/lib/tinyusb/src/device/usbd.c.o
                0x10005044                tud_mount_cb
 .text.tud_umount_cb
                0x10005048        0x4 CMakeFiles/pico2pico_slave.dir/home/frohro/Projects/pico-sdk/lib/tinyusb/src/device/usbd.c.o
                0x10005048                tud_umount_cb
 .text.tud_suspend_cb
                0x1000504c        0x4 CMakeFiles/pico2pico_slave.dir/home/frohro/Projects/pico-sdk/lib/tinyusb/src/device/usbd.c.o
                0x1000504c                tud_suspend_cb
 .text.tud_resume_cb
                0x10005050        0x4 CMakeFiles/pico2pico_slave.dir/home/frohro/Projects/pico-sdk/lib/tinyusb/src/device/usbd.c.o
                0x10005050                tud_resume_cb
 .text.tud_mounted
                0x10005054       0x10 CMakeFiles/pico2pico_slave.dir/home/frohro/Projects/pico-sdk/lib/tinyusb/src/device/usbd.c.o
                0x10005054                tud_mounted
 .text.tud_suspended
                0x10005064       0x10 CMakeFiles/pico2pico_slave.dir/home/frohro/Projects/pico-sdk/lib/tinyusb/src/device/usbd.c.o
                0x10005064                tud_suspended
 .text.tud_rhport_init
                0x10005074       0xf4 CMakeFiles/pico2pico_slave.dir/home/frohro/Projects/pico-sdk/lib/tinyusb/src/device/usbd.c.o
                0x10005074                tud_rhport_init
 .text.tud_task_ext
                0x10005168      0x800 CMakeFiles/pico2pico_slave.dir/home/frohro/Projects/pico-sdk/lib/tinyusb/src/device/usbd.c.o
                0x10005168                tud_task_ext
 .text.usbd_open_edpt_pair
                0x10005968       0x9c CMakeFiles/pico2pico_slave.dir/home/frohro/Projects/pico-sdk/lib/tinyusb/src/device/usbd.c.o
                0x10005968                usbd_open_edpt_pair
 .text.usbd_edpt_open
                0x10005a04       0x34 CMakeFiles/pico2pico_slave.dir/home/frohro/Projects/pico-sdk/lib/tinyusb/src/device/usbd.c.o
                0x10005a04                usbd_edpt_open
 .text.usbd_edpt_claim
                0x10005a38       0x28 CMakeFiles/pico2pico_slave.dir/home/frohro/Projects/pico-sdk/lib/tinyusb/src/device/usbd.c.o
                0x10005a38                usbd_edpt_claim
 .text.usbd_edpt_release
                0x10005a60       0x28 CMakeFiles/pico2pico_slave.dir/home/frohro/Projects/pico-sdk/lib/tinyusb/src/device/usbd.c.o
                0x10005a60                usbd_edpt_release
 .text.usbd_edpt_xfer
                0x10005a88       0x4c CMakeFiles/pico2pico_slave.dir/home/frohro/Projects/pico-sdk/lib/tinyusb/src/device/usbd.c.o
                0x10005a88                usbd_edpt_xfer
 .text.tud_control_status
                0x10005ad4       0x2c CMakeFiles/pico2pico_slave.dir/home/frohro/Projects/pico-sdk/lib/tinyusb/src/device/usbd_control.c.o
                0x10005ad4                tud_control_status
 .text.tud_control_xfer
                0x10005b00       0xa8 CMakeFiles/pico2pico_slave.dir/home/frohro/Projects/pico-sdk/lib/tinyusb/src/device/usbd_control.c.o
                0x10005b00                tud_control_xfer
 .text.usbd_control_reset
                0x10005ba8       0x14 CMakeFiles/pico2pico_slave.dir/home/frohro/Projects/pico-sdk/lib/tinyusb/src/device/usbd_control.c.o
                0x10005ba8                usbd_control_reset
 .text.usbd_control_set_complete_callback
                0x10005bbc        0xc CMakeFiles/pico2pico_slave.dir/home/frohro/Projects/pico-sdk/lib/tinyusb/src/device/usbd_control.c.o
                0x10005bbc                usbd_control_set_complete_callback
 .text.usbd_control_set_request
                0x10005bc8       0x1c CMakeFiles/pico2pico_slave.dir/home/frohro/Projects/pico-sdk/lib/tinyusb/src/device/usbd_control.c.o
                0x10005bc8                usbd_control_set_request
 .text.usbd_control_xfer_cb
                0x10005be4       0xec CMakeFiles/pico2pico_slave.dir/home/frohro/Projects/pico-sdk/lib/tinyusb/src/device/usbd_control.c.o
                0x10005be4                usbd_control_xfer_cb
 .text._prep_out_transaction.isra.0
                0x10005cd0       0x6c CMakeFiles/pico2pico_slave.dir/home/frohro/Projects/pico-sdk/lib/tinyusb/src/class/cdc/cdc_device.c.o
 .text.tud_cdc_n_connected
                0x10005d3c       0x2c CMakeFiles/pico2pico_slave.dir/home/frohro/Projects/pico-sdk/lib/tinyusb/src/class/cdc/cdc_device.c.o
                0x10005d3c                tud_cdc_n_connected
 .text.tud_cdc_n_available
                0x10005d68       0x14 CMakeFiles/pico2pico_slave.dir/home/frohro/Projects/pico-sdk/lib/tinyusb/src/class/cdc/cdc_device.c.o
                0x10005d68                tud_cdc_n_available
 .text.tud_cdc_n_read
                0x10005d7c       0x88 CMakeFiles/pico2pico_slave.dir/home/frohro/Projects/pico-sdk/lib/tinyusb/src/class/cdc/cdc_device.c.o
                0x10005d7c                tud_cdc_n_read
 .text.tud_cdc_n_write_flush
                0x10005e04       0x74 CMakeFiles/pico2pico_slave.dir/home/frohro/Projects/pico-sdk/lib/tinyusb/src/class/cdc/cdc_device.c.o
                0x10005e04                tud_cdc_n_write_flush
 .text.tud_cdc_n_write
                0x10005e78       0x40 CMakeFiles/pico2pico_slave.dir/home/frohro/Projects/pico-sdk/lib/tinyusb/src/class/cdc/cdc_device.c.o
                0x10005e78                tud_cdc_n_write
 .text.tud_cdc_n_write_available
                0x10005eb8       0x14 CMakeFiles/pico2pico_slave.dir/home/frohro/Projects/pico-sdk/lib/tinyusb/src/class/cdc/cdc_device.c.o
                0x10005eb8                tud_cdc_n_write_available
 .text.cdcd_init
                0x10005ecc       0x70 CMakeFiles/pico2pico_slave.dir/home/frohro/Projects/pico-sdk/lib/tinyusb/src/class/cdc/cdc_device.c.o
                0x10005ecc                cdcd_init
 .text.cdcd_deinit
                0x10005f3c       0x30 CMakeFiles/pico2pico_slave.dir/home/frohro/Projects/pico-sdk/lib/tinyusb/src/class/cdc/cdc_device.c.o
                0x10005f3c                cdcd_deinit
 .text.cdcd_reset
                0x10005f6c       0x4c CMakeFiles/pico2pico_slave.dir/home/frohro/Projects/pico-sdk/lib/tinyusb/src/class/cdc/cdc_device.c.o
                0x10005f6c                cdcd_reset
 .text.cdcd_open
                0x10005fb8       0xa4 CMakeFiles/pico2pico_slave.dir/home/frohro/Projects/pico-sdk/lib/tinyusb/src/class/cdc/cdc_device.c.o
                0x10005fb8                cdcd_open
 .text.cdcd_control_xfer_cb
                0x1000605c       0xe8 CMakeFiles/pico2pico_slave.dir/home/frohro/Projects/pico-sdk/lib/tinyusb/src/class/cdc/cdc_device.c.o
                0x1000605c                cdcd_control_xfer_cb
 .text.cdcd_xfer_cb
                0x10006144      0x100 CMakeFiles/pico2pico_slave.dir/home/frohro/Projects/pico-sdk/lib/tinyusb/src/class/cdc/cdc_device.c.o
                0x10006144                cdcd_xfer_cb
 .text.vendord_init
                0x10006244       0x5c CMakeFiles/pico2pico_slave.dir/home/frohro/Projects/pico-sdk/lib/tinyusb/src/class/vendor/vendor_device.c.o
                0x10006244                vendord_init
 .text.vendord_deinit
                0x100062a0       0x1c CMakeFiles/pico2pico_slave.dir/home/frohro/Projects/pico-sdk/lib/tinyusb/src/class/vendor/vendor_device.c.o
                0x100062a0                vendord_deinit
 .text.vendord_reset
                0x100062bc       0x28 CMakeFiles/pico2pico_slave.dir/home/frohro/Projects/pico-sdk/lib/tinyusb/src/class/vendor/vendor_device.c.o
                0x100062bc                vendord_reset
 .text.vendord_open
                0x100062e4      0x120 CMakeFiles/pico2pico_slave.dir/home/frohro/Projects/pico-sdk/lib/tinyusb/src/class/vendor/vendor_device.c.o
                0x100062e4                vendord_open
 .text.vendord_xfer_cb
                0x10006404       0x9c CMakeFiles/pico2pico_slave.dir/home/frohro/Projects/pico-sdk/lib/tinyusb/src/class/vendor/vendor_device.c.o
                0x10006404                vendord_xfer_cb
 .text.tusb_rhport_init
                0x100064a0       0x4c CMakeFiles/pico2pico_slave.dir/home/frohro/Projects/pico-sdk/lib/tinyusb/src/tusb.c.o
                0x100064a0                tusb_rhport_init
 .text.tu_edpt_claim
                0x100064ec       0x50 CMakeFiles/pico2pico_slave.dir/home/frohro/Projects/pico-sdk/lib/tinyusb/src/tusb.c.o
                0x100064ec                tu_edpt_claim
 .text.tu_edpt_release
                0x1000653c       0x38 CMakeFiles/pico2pico_slave.dir/home/frohro/Projects/pico-sdk/lib/tinyusb/src/tusb.c.o
                0x1000653c                tu_edpt_release
 .text.tu_edpt_validate
                0x10006574       0x7c CMakeFiles/pico2pico_slave.dir/home/frohro/Projects/pico-sdk/lib/tinyusb/src/tusb.c.o
                0x10006574                tu_edpt_validate
 .text.tu_edpt_bind_driver
                0x100065f0       0x34 CMakeFiles/pico2pico_slave.dir/home/frohro/Projects/pico-sdk/lib/tinyusb/src/tusb.c.o
                0x100065f0                tu_edpt_bind_driver
 .text.tu_edpt_stream_init
                0x10006624       0x6c CMakeFiles/pico2pico_slave.dir/home/frohro/Projects/pico-sdk/lib/tinyusb/src/tusb.c.o
                0x10006624                tu_edpt_stream_init
 .text.tu_edpt_stream_deinit
                0x10006690        0x4 CMakeFiles/pico2pico_slave.dir/home/frohro/Projects/pico-sdk/lib/tinyusb/src/tusb.c.o
                0x10006690                tu_edpt_stream_deinit
 .text.tu_edpt_stream_write_zlp_if_needed
                0x10006694       0x68 CMakeFiles/pico2pico_slave.dir/home/frohro/Projects/pico-sdk/lib/tinyusb/src/tusb.c.o
                0x10006694                tu_edpt_stream_write_zlp_if_needed
 .text.tu_edpt_stream_write_xfer
                0x100066fc       0x68 CMakeFiles/pico2pico_slave.dir/home/frohro/Projects/pico-sdk/lib/tinyusb/src/tusb.c.o
                0x100066fc                tu_edpt_stream_write_xfer
 .text.tu_edpt_stream_read_xfer
                0x10006764       0xd8 CMakeFiles/pico2pico_slave.dir/home/frohro/Projects/pico-sdk/lib/tinyusb/src/tusb.c.o
                0x10006764                tu_edpt_stream_read_xfer
 .text.tu_fifo_config
                0x1000683c       0x6c CMakeFiles/pico2pico_slave.dir/home/frohro/Projects/pico-sdk/lib/tinyusb/src/common/tusb_fifo.c.o
                0x1000683c                tu_fifo_config
 .text.tu_fifo_count
                0x100068a8       0x2c CMakeFiles/pico2pico_slave.dir/home/frohro/Projects/pico-sdk/lib/tinyusb/src/common/tusb_fifo.c.o
                0x100068a8                tu_fifo_count
 .text.tu_fifo_empty
                0x100068d4       0x10 CMakeFiles/pico2pico_slave.dir/home/frohro/Projects/pico-sdk/lib/tinyusb/src/common/tusb_fifo.c.o
                0x100068d4                tu_fifo_empty
 .text.tu_fifo_remaining
                0x100068e4       0x2c CMakeFiles/pico2pico_slave.dir/home/frohro/Projects/pico-sdk/lib/tinyusb/src/common/tusb_fifo.c.o
                0x100068e4                tu_fifo_remaining
 .text.tu_fifo_read
                0x10006910       0x9c CMakeFiles/pico2pico_slave.dir/home/frohro/Projects/pico-sdk/lib/tinyusb/src/common/tusb_fifo.c.o
                0x10006910                tu_fifo_read
 .text.tu_fifo_read_n
                0x100069ac       0xe8 CMakeFiles/pico2pico_slave.dir/home/frohro/Projects/pico-sdk/lib/tinyusb/src/common/tusb_fifo.c.o
                0x100069ac                tu_fifo_read_n
 .text.tu_fifo_write
                0x10006a94       0xa4 CMakeFiles/pico2pico_slave.dir/home/frohro/Projects/pico-sdk/lib/tinyusb/src/common/tusb_fifo.c.o
                0x10006a94                tu_fifo_write
 .text.tu_fifo_write_n
                0x10006b38      0x178 CMakeFiles/pico2pico_slave.dir/home/frohro/Projects/pico-sdk/lib/tinyusb/src/common/tusb_fifo.c.o
                0x10006b38                tu_fifo_write_n
 .text.tu_fifo_clear
                0x10006cb0       0x40 CMakeFiles/pico2pico_slave.dir/home/frohro/Projects/pico-sdk/lib/tinyusb/src/common/tusb_fifo.c.o
                0x10006cb0                tu_fifo_clear
 .text.tu_fifo_set_overwritable
                0x10006cf0       0x48 CMakeFiles/pico2pico_slave.dir/home/frohro/Projects/pico-sdk/lib/tinyusb/src/common/tusb_fifo.c.o
                0x10006cf0                tu_fifo_set_overwritable
 .text          0x10006d38       0x5c /usr/lib/gcc/arm-none-eabi/14.2.1/../../../arm-none-eabi/lib/thumb/v6-m/nofp/libg.a(libc_a-strlen-stub.o)
                0x10006d38                strlen
 .text          0x10006d94       0x28 /usr/lib/gcc/arm-none-eabi/14.2.1/../../../arm-none-eabi/lib/thumb/v6-m/nofp/libg.a(libc_a-fini.o)
                0x10006d94                __libc_fini_array
 .text          0x10006dbc       0x10 /usr/lib/gcc/arm-none-eabi/14.2.1/../../../arm-none-eabi/lib/thumb/v6-m/nofp/libg.a(libc_a-atexit.o)
                0x10006dbc                atexit
 .text          0x10006dcc       0x78 /usr/lib/gcc/arm-none-eabi/14.2.1/../../../arm-none-eabi/lib/thumb/v6-m/nofp/libg.a(libc_a-__atexit.o)
                0x10006dcc                __register_exitproc
 .text.startup  0x10006e44       0x18 /usr/lib/gcc/arm-none-eabi/14.2.1/../../../arm-none-eabi/lib/thumb/v6-m/nofp/libg.a(libc_a-__call_atexit.o)
 *(.fini)
 .fini          0x10006e5c        0x4 /usr/lib/gcc/arm-none-eabi/14.2.1/thumb/v6-m/nofp/crti.o
                0x10006e5c                _fini
 .fini.__stub   0x10006e60       0xc0 linker stubs
 *crtbegin.o(.ctors)
 *crtbegin?.o(.ctors)
 *(EXCLUDE_FILE(*crtend.o *crtend?.o) .ctors)
 *(SORT_BY_NAME(.ctors.*))
 *(.ctors)
 *crtbegin.o(.dtors)
 *crtbegin?.o(.dtors)
 *(EXCLUDE_FILE(*crtend.o *crtend?.o) .dtors)
 *(SORT_BY_NAME(.dtors.*))
 *(.dtors)
                0x10006f20                        . = ALIGN (0x4)
                0x10006f20                        PROVIDE (__preinit_array_start = .)
 *(SORT_BY_NAME(.preinit_array.*))
 .preinit_array.00100
                0x10006f20        0x4 CMakeFiles/pico2pico_slave.dir/home/frohro/Projects/pico-sdk/src/rp2_common/pico_runtime_init/runtime_init.c.o
                0x10006f20                __pre_init_runtime_init_early_resets
 .preinit_array.00101
                0x10006f24        0x4 CMakeFiles/pico2pico_slave.dir/home/frohro/Projects/pico-sdk/src/rp2_common/pico_runtime_init/runtime_init.c.o
                0x10006f24                __pre_init_runtime_init_usb_power_down
 .preinit_array.00275
                0x10006f28        0x4 CMakeFiles/pico2pico_slave.dir/home/frohro/Projects/pico-sdk/src/rp2_common/pico_bit_ops/bit_ops_aeabi.S.o
 .preinit_array.00300
                0x10006f2c        0x4 CMakeFiles/pico2pico_slave.dir/home/frohro/Projects/pico-sdk/src/rp2_common/pico_mem_ops/mem_ops_aeabi.S.o
 .preinit_array.00350
                0x10006f30        0x4 CMakeFiles/pico2pico_slave.dir/home/frohro/Projects/pico-sdk/src/rp2_common/pico_double/double_aeabi_rp2040.S.o
 .preinit_array.00350
                0x10006f34        0x4 CMakeFiles/pico2pico_slave.dir/home/frohro/Projects/pico-sdk/src/rp2_common/pico_float/float_aeabi_rp2040.S.o
 .preinit_array.00500
                0x10006f38        0x4 CMakeFiles/pico2pico_slave.dir/home/frohro/Projects/pico-sdk/src/rp2_common/pico_runtime_init/runtime_init.c.o
                0x10006f38                __pre_init_runtime_init_clocks
 .preinit_array.00600
                0x10006f3c        0x4 CMakeFiles/pico2pico_slave.dir/home/frohro/Projects/pico-sdk/src/rp2_common/pico_runtime_init/runtime_init.c.o
                0x10006f3c                __pre_init_runtime_init_post_clock_resets
 .preinit_array.00700
                0x10006f40        0x4 CMakeFiles/pico2pico_slave.dir/home/frohro/Projects/pico-sdk/src/rp2_common/pico_runtime_init/runtime_init.c.o
                0x10006f40                __pre_init_runtime_init_rp2040_gpio_ie_disable
 .preinit_array.01000
                0x10006f44        0x4 CMakeFiles/pico2pico_slave.dir/home/frohro/Projects/pico-sdk/src/rp2_common/pico_runtime_init/runtime_init.c.o
                0x10006f44                __pre_init_runtime_init_spin_locks_reset
 .preinit_array.01100
                0x10006f48        0x4 CMakeFiles/pico2pico_slave.dir/home/frohro/Projects/pico-sdk/src/common/pico_sync/mutex.c.o
                0x10006f48                __pre_init_runtime_init_mutex
 .preinit_array.10080
                0x10006f4c        0x4 CMakeFiles/pico2pico_slave.dir/home/frohro/Projects/pico-sdk/src/rp2_common/pico_runtime_init/runtime_init.c.o
                0x10006f4c                __pre_init_runtime_init_install_ram_vector_table
 .preinit_array.11000
                0x10006f50        0x4 CMakeFiles/pico2pico_slave.dir/home/frohro/Projects/pico-sdk/src/common/pico_time/time.c.o
                0x10006f50                __pre_init_runtime_init_default_alarm_pool
 .preinit_array.YYYYY
                0x10006f54        0x4 CMakeFiles/pico2pico_slave.dir/home/frohro/Projects/pico-sdk/src/rp2_common/pico_runtime/runtime.c.o
                0x10006f54                __pre_init_first_per_core_initializer
 .preinit_array.ZZZZZ.01200
                0x10006f58        0x4 CMakeFiles/pico2pico_slave.dir/home/frohro/Projects/pico-sdk/src/rp2_common/hardware_irq/irq.c.o
                0x10006f58                __pre_init_runtime_init_per_core_irq_priorities
 *(.preinit_array)
                0x10006f5c                        PROVIDE (__preinit_array_end = .)
                0x10006f5c                        . = ALIGN (0x4)
                0x10006f5c                        PROVIDE (__init_array_start = .)
 *(SORT_BY_NAME(.init_array.*))
 .init_array.00000
                0x10006f5c        0x4 /usr/lib/gcc/arm-none-eabi/14.2.1/../../../arm-none-eabi/lib/thumb/v6-m/nofp/libg.a(libc_a-__call_atexit.o)
 .init_array.01000
                0x10006f60        0x4 CMakeFiles/pico2pico_slave.dir/home/frohro/Projects/pico-sdk/src/rp2_common/pico_unique_id/unique_id.c.o
 *(.init_array)
 .init_array    0x10006f64        0x4 /usr/lib/gcc/arm-none-eabi/14.2.1/thumb/v6-m/nofp/crtbegin.o
                0x10006f68                        PROVIDE (__init_array_end = .)
                0x10006f68                        . = ALIGN (0x4)
                0x10006f68                        PROVIDE (__fini_array_start = .)
 *(SORT_BY_NAME(.fini_array.*))
 *(.fini_array)
                0x10006f68                        PROVIDE (__fini_array_end = .)
 *(.eh_frame*)
 .eh_frame      0x10006f68        0x0 /usr/lib/gcc/arm-none-eabi/14.2.1/thumb/v6-m/nofp/crtbegin.o
                0x10006f68                        . = ALIGN (0x4)

.glue_7         0x10006f68        0x0
 .glue_7        0x10006f68        0x0 linker stubs

.glue_7t        0x10006f68        0x0
 .glue_7t       0x10006f68        0x0 linker stubs

.vfp11_veneer   0x10006f68        0x0
 .vfp11_veneer  0x10006f68        0x0 linker stubs

.v4_bx          0x10006f68        0x0
 .v4_bx         0x10006f68        0x0 linker stubs

.iplt           0x10006f68        0x0
 .iplt          0x10006f68        0x0 /usr/lib/gcc/arm-none-eabi/14.2.1/thumb/v6-m/nofp/crtbegin.o

.rodata         0x10006f68      0x82c
 *(EXCLUDE_FILE(*libm.a: *libc.a:*lib_a-mem*.o *libgcc.a:) .rodata*)
 .rodata.main.str1.4
                0x10006f68      0x384 CMakeFiles/pico2pico_slave.dir/main_slave.c.o
                                0x211 (size before relaxing)
 .rodata.panic.str1.4
                0x100072ec       0x12 CMakeFiles/pico2pico_slave.dir/home/frohro/Projects/pico-sdk/src/rp2_common/pico_platform_panic/panic.c.o
 .rodata.spin_lock_claim_unused.str1.4
                0x100072ec       0x1b CMakeFiles/pico2pico_slave.dir/home/frohro/Projects/pico-sdk/src/rp2_common/hardware_sync/sync.c.o
 .rodata.user_irq_claim_unused.str1.4
                0x100072ec       0x1b CMakeFiles/pico2pico_slave.dir/home/frohro/Projects/pico-sdk/src/rp2_common/hardware_irq/irq.c.o
 .rodata.timer_hardware_alarm_claim.str1.4
                0x100072ec       0x22 CMakeFiles/pico2pico_slave.dir/home/frohro/Projects/pico-sdk/src/rp2_common/hardware_timer/timer.c.o
 .rodata.hard_assertion_failure.str1.4
                0x100072ec        0xc CMakeFiles/pico2pico_slave.dir/home/frohro/Projects/pico-sdk/src/rp2_common/pico_runtime/runtime.c.o
 .rodata.str1.4
                0x100072ec       0x44 CMakeFiles/pico2pico_slave.dir/home/frohro/Projects/pico-sdk/src/rp2_common/pico_standard_binary_info/standard_binary_info.c.o
 .rodata.__bi_84
                0x100072ec        0xc CMakeFiles/pico2pico_slave.dir/home/frohro/Projects/pico-sdk/src/rp2_common/pico_standard_binary_info/standard_binary_info.c.o
 .rodata.__bi_78
                0x100072f8        0xc CMakeFiles/pico2pico_slave.dir/home/frohro/Projects/pico-sdk/src/rp2_common/pico_standard_binary_info/standard_binary_info.c.o
 .rodata.__bi_54
                0x10007304        0xc CMakeFiles/pico2pico_slave.dir/home/frohro/Projects/pico-sdk/src/rp2_common/pico_standard_binary_info/standard_binary_info.c.o
 .rodata.__bi_48
                0x10007310        0xc CMakeFiles/pico2pico_slave.dir/home/frohro/Projects/pico-sdk/src/rp2_common/pico_standard_binary_info/standard_binary_info.c.o
 .rodata.__bi_42
                0x1000731c        0xc CMakeFiles/pico2pico_slave.dir/home/frohro/Projects/pico-sdk/src/rp2_common/pico_standard_binary_info/standard_binary_info.c.o
 .rodata.__bi_34
                0x10007328        0xc CMakeFiles/pico2pico_slave.dir/home/frohro/Projects/pico-sdk/src/rp2_common/pico_standard_binary_info/standard_binary_info.c.o
 .rodata.__bi_26
                0x10007334        0xc CMakeFiles/pico2pico_slave.dir/home/frohro/Projects/pico-sdk/src/rp2_common/pico_standard_binary_info/standard_binary_info.c.o
 .rodata._ftoa.str1.4
                0x10007340       0x15 CMakeFiles/pico2pico_slave.dir/home/frohro/Projects/pico-sdk/src/rp2_common/pico_printf/printf.c.o
 .rodata._vsnprintf
                0x10007340      0x19c CMakeFiles/pico2pico_slave.dir/home/frohro/Projects/pico-sdk/src/rp2_common/pico_printf/printf.c.o
 *fill*         0x100074dc        0x4 
 .rodata.pow10.0
                0x100074e0       0x50 CMakeFiles/pico2pico_slave.dir/home/frohro/Projects/pico-sdk/src/rp2_common/pico_printf/printf.c.o
 .rodata.crlf_str.0
                0x10007530        0x2 CMakeFiles/pico2pico_slave.dir/home/frohro/Projects/pico-sdk/src/rp2_common/pico_stdio/stdio.c.o
 *fill*         0x10007532        0x2 
 .rodata._resetd_driver
                0x10007534       0x20 CMakeFiles/pico2pico_slave.dir/home/frohro/Projects/pico-sdk/src/rp2_common/pico_stdio_usb/reset_interface.c.o
 .rodata.desc_ms_os_20
                0x10007554       0xa6 CMakeFiles/pico2pico_slave.dir/home/frohro/Projects/pico-sdk/src/rp2_common/pico_stdio_usb/reset_interface.c.o
 *fill*         0x100075fa        0x2 
 .rodata.desc_bos
                0x100075fc       0x21 CMakeFiles/pico2pico_slave.dir/home/frohro/Projects/pico-sdk/src/rp2_common/pico_stdio_usb/reset_interface.c.o
                0x100075fc                desc_bos
 .rodata.str1.4
                0x1000761d       0x13 CMakeFiles/pico2pico_slave.dir/home/frohro/Projects/pico-sdk/src/rp2_common/pico_stdio_usb/stdio_usb.c.o
 *fill*         0x1000761d        0x3 
 .rodata.__bi_202.0
                0x10007620        0xc CMakeFiles/pico2pico_slave.dir/home/frohro/Projects/pico-sdk/src/rp2_common/pico_stdio_usb/stdio_usb.c.o
 .rodata.str1.4
                0x1000762c       0x2a CMakeFiles/pico2pico_slave.dir/home/frohro/Projects/pico-sdk/src/rp2_common/pico_stdio_usb/stdio_usb_descriptors.c.o
 .rodata.usbd_desc_str
                0x1000762c       0x18 CMakeFiles/pico2pico_slave.dir/home/frohro/Projects/pico-sdk/src/rp2_common/pico_stdio_usb/stdio_usb_descriptors.c.o
 .rodata.usbd_desc_cfg
                0x10007644       0x54 CMakeFiles/pico2pico_slave.dir/home/frohro/Projects/pico-sdk/src/rp2_common/pico_stdio_usb/stdio_usb_descriptors.c.o
 .rodata.usbd_desc_device
                0x10007698       0x12 CMakeFiles/pico2pico_slave.dir/home/frohro/Projects/pico-sdk/src/rp2_common/pico_stdio_usb/stdio_usb_descriptors.c.o
 .rodata.str1.4
                0x100076aa       0x14 CMakeFiles/pico2pico_slave.dir/home/frohro/Projects/pico-sdk/lib/tinyusb/src/portable/raspberrypi/rp2040/dcd_rp2040.c.o
 .rodata.str1.4
                0x100076aa       0x48 CMakeFiles/pico2pico_slave.dir/home/frohro/Projects/pico-sdk/lib/tinyusb/src/portable/raspberrypi/rp2040/rp2040_usb.c.o
 *fill*         0x100076aa        0x2 
 .rodata.tud_task_ext
                0x100076ac       0x8c CMakeFiles/pico2pico_slave.dir/home/frohro/Projects/pico-sdk/lib/tinyusb/src/device/usbd.c.o
 .rodata        0x10007738       0x1c CMakeFiles/pico2pico_slave.dir/home/frohro/Projects/pico-sdk/lib/tinyusb/src/device/usbd.c.o
 .rodata._usbd_driver
                0x10007754       0x40 CMakeFiles/pico2pico_slave.dir/home/frohro/Projects/pico-sdk/lib/tinyusb/src/device/usbd.c.o
                0x10007794                        . = ALIGN (0x4)
 *(SORT_BY_ALIGNMENT(SORT_BY_NAME(.flashdata*)))
                0x10007794                        . = ALIGN (0x4)

.ARM.extab
 *(.ARM.extab* .gnu.linkonce.armextab.*)
                0x10007794                        __exidx_start = .

.ARM.exidx
 *(.ARM.exidx* .gnu.linkonce.armexidx.*)
                0x10007794                        __exidx_end = .
                0x10007794                        . = ALIGN (0x4)
                0x10007794                        __binary_info_start = .

.binary_info    0x10007794       0x20
 *(.binary_info.keep.*)
 .binary_info.keep.__bi_ptr84
                0x10007794        0x4 CMakeFiles/pico2pico_slave.dir/home/frohro/Projects/pico-sdk/src/rp2_common/pico_standard_binary_info/standard_binary_info.c.o
 .binary_info.keep.__bi_ptr78
                0x10007798        0x4 CMakeFiles/pico2pico_slave.dir/home/frohro/Projects/pico-sdk/src/rp2_common/pico_standard_binary_info/standard_binary_info.c.o
 .binary_info.keep.__bi_ptr54
                0x1000779c        0x4 CMakeFiles/pico2pico_slave.dir/home/frohro/Projects/pico-sdk/src/rp2_common/pico_standard_binary_info/standard_binary_info.c.o
 .binary_info.keep.__bi_ptr48
                0x100077a0        0x4 CMakeFiles/pico2pico_slave.dir/home/frohro/Projects/pico-sdk/src/rp2_common/pico_standard_binary_info/standard_binary_info.c.o
 .binary_info.keep.__bi_ptr42
                0x100077a4        0x4 CMakeFiles/pico2pico_slave.dir/home/frohro/Projects/pico-sdk/src/rp2_common/pico_standard_binary_info/standard_binary_info.c.o
 .binary_info.keep.__bi_ptr34
                0x100077a8        0x4 CMakeFiles/pico2pico_slave.dir/home/frohro/Projects/pico-sdk/src/rp2_common/pico_standard_binary_info/standard_binary_info.c.o
 .binary_info.keep.__bi_ptr26
                0x100077ac        0x4 CMakeFiles/pico2pico_slave.dir/home/frohro/Projects/pico-sdk/src/rp2_common/pico_standard_binary_info/standard_binary_info.c.o
 *(.binary_info.*)
 .binary_info.__bi_ptr202
                0x100077b0        0x4 CMakeFiles/pico2pico_slave.dir/home/frohro/Projects/pico-sdk/src/rp2_common/pico_stdio_usb/stdio_usb.c.o
                0x100077b4                        __binary_info_end = .
                0x100077b4                        . = ALIGN (0x4)

.ram_vector_table
                0x20000000       0xc0
 *(.ram_vector_table)
 .ram_vector_table
                0x20000000       0xc0 CMakeFiles/pico2pico_slave.dir/home/frohro/Projects/pico-sdk/src/rp2_common/pico_runtime_init/runtime_init.c.o
                0x20000000                ram_vector_table

.uninitialized_data
                0x200000c0        0x0
                0x200000c0                        . = ALIGN (0x4)
 *(.uninitialized_data*)

.data           0x200000c0      0xff0 load address 0x100077b4
                0x200000c0                        __data_start__ = .
 *(vtable)
 *(.time_critical*)
 .time_critical.mutex_try_enter
                0x200000c0       0x40 CMakeFiles/pico2pico_slave.dir/home/frohro/Projects/pico-sdk/src/common/pico_sync/mutex.c.o
                0x200000c0                mutex_try_enter
 .time_critical.mutex_try_enter_block_until
                0x20000100       0x98 CMakeFiles/pico2pico_slave.dir/home/frohro/Projects/pico-sdk/src/common/pico_sync/mutex.c.o
                0x20000100                mutex_try_enter_block_until
 .time_critical.mutex_enter_timeout_ms
                0x20000198       0x8c CMakeFiles/pico2pico_slave.dir/home/frohro/Projects/pico-sdk/src/common/pico_sync/mutex.c.o
                0x20000198                mutex_enter_timeout_ms
 .time_critical.mutex_exit
                0x20000224       0x28 CMakeFiles/pico2pico_slave.dir/home/frohro/Projects/pico-sdk/src/common/pico_sync/mutex.c.o
                0x20000224                mutex_exit
 .time_critical.flash_init_boot2_copyout
                0x2000024c       0x30 CMakeFiles/pico2pico_slave.dir/home/frohro/Projects/pico-sdk/src/rp2_common/hardware_flash/flash.c.o
 .time_critical.flash_enable_xip_via_boot2
                0x2000027c        0xc CMakeFiles/pico2pico_slave.dir/home/frohro/Projects/pico-sdk/src/rp2_common/hardware_flash/flash.c.o
 .time_critical.flash_save_hardware_state
                0x20000288       0x20 CMakeFiles/pico2pico_slave.dir/home/frohro/Projects/pico-sdk/src/rp2_common/hardware_flash/flash.c.o
 .time_critical.flash_restore_hardware_state
                0x200002a8       0x20 CMakeFiles/pico2pico_slave.dir/home/frohro/Projects/pico-sdk/src/rp2_common/hardware_flash/flash.c.o
 .time_critical.flash_cs_force
                0x200002c8       0x38 CMakeFiles/pico2pico_slave.dir/home/frohro/Projects/pico-sdk/src/rp2_common/hardware_flash/flash.c.o
 .time_critical.flash_do_cmd
                0x20000300      0x13c CMakeFiles/pico2pico_slave.dir/home/frohro/Projects/pico-sdk/src/rp2_common/hardware_flash/flash.c.o
                0x20000300                flash_do_cmd
 .time_critical.reset_non_control_endpoints
                0x2000043c       0x68 CMakeFiles/pico2pico_slave.dir/home/frohro/Projects/pico-sdk/lib/tinyusb/src/portable/raspberrypi/rp2040/dcd_rp2040.c.o
 .time_critical.hw_handle_buff_status
                0x200004a4       0xa0 CMakeFiles/pico2pico_slave.dir/home/frohro/Projects/pico-sdk/lib/tinyusb/src/portable/raspberrypi/rp2040/dcd_rp2040.c.o
 .time_critical.dcd_rp2040_irq
                0x20000544      0x548 CMakeFiles/pico2pico_slave.dir/home/frohro/Projects/pico-sdk/lib/tinyusb/src/portable/raspberrypi/rp2040/dcd_rp2040.c.o
 .time_critical.prepare_ep_buffer
                0x20000a8c       0xc8 CMakeFiles/pico2pico_slave.dir/home/frohro/Projects/pico-sdk/lib/tinyusb/src/portable/raspberrypi/rp2040/rp2040_usb.c.o
 .time_critical.sync_ep_buffer
                0x20000b54       0x9c CMakeFiles/pico2pico_slave.dir/home/frohro/Projects/pico-sdk/lib/tinyusb/src/portable/raspberrypi/rp2040/rp2040_usb.c.o
 .time_critical._hw_endpoint_xfer_sync
                0x20000bf0       0x28 CMakeFiles/pico2pico_slave.dir/home/frohro/Projects/pico-sdk/lib/tinyusb/src/portable/raspberrypi/rp2040/rp2040_usb.c.o
 .time_critical.e15_is_bulkin_ep
                0x20000c18       0x28 CMakeFiles/pico2pico_slave.dir/home/frohro/Projects/pico-sdk/lib/tinyusb/src/portable/raspberrypi/rp2040/rp2040_usb.c.o
 .time_critical.e15_is_critical_frame_period
                0x20000c40       0x34 CMakeFiles/pico2pico_slave.dir/home/frohro/Projects/pico-sdk/lib/tinyusb/src/portable/raspberrypi/rp2040/rp2040_usb.c.o
 .time_critical.hw_endpoint_reset_transfer
                0x20000c74        0xc CMakeFiles/pico2pico_slave.dir/home/frohro/Projects/pico-sdk/lib/tinyusb/src/portable/raspberrypi/rp2040/rp2040_usb.c.o
                0x20000c74                hw_endpoint_reset_transfer
 .time_critical._hw_endpoint_buffer_control_update32
                0x20000c80       0x50 CMakeFiles/pico2pico_slave.dir/home/frohro/Projects/pico-sdk/lib/tinyusb/src/portable/raspberrypi/rp2040/rp2040_usb.c.o
                0x20000c80                _hw_endpoint_buffer_control_update32
 .time_critical.hw_endpoint_start_next_buffer
                0x20000cd0       0x68 CMakeFiles/pico2pico_slave.dir/home/frohro/Projects/pico-sdk/lib/tinyusb/src/portable/raspberrypi/rp2040/rp2040_usb.c.o
                0x20000cd0                hw_endpoint_start_next_buffer
 .time_critical.hw_endpoint_xfer_continue
                0x20000d38       0x40 CMakeFiles/pico2pico_slave.dir/home/frohro/Projects/pico-sdk/lib/tinyusb/src/portable/raspberrypi/rp2040/rp2040_usb.c.o
                0x20000d38                hw_endpoint_xfer_continue
 .time_critical.tinyusb
                0x20000d78      0x1e4 CMakeFiles/pico2pico_slave.dir/home/frohro/Projects/pico-sdk/lib/tinyusb/src/device/usbd.c.o
                0x20000d78                dcd_event_handler
 *(.text*)
 .text          0x20000f5c        0x4 /usr/lib/gcc/arm-none-eabi/14.2.1/thumb/v6-m/nofp/libgcc.a(_dvmd_tls.o)
                0x20000f5c                __aeabi_ldiv0
                0x20000f5c                __aeabi_idiv0
 .text.__stub   0x20000f60       0x80 linker stubs
                0x20000fe0                        . = ALIGN (0x4)
 *(.rodata*)
                0x20000fe0                        . = ALIGN (0x4)
 *(.data*)
 .data.striped_spin_lock_num
                0x20000fe0        0x1 CMakeFiles/pico2pico_slave.dir/home/frohro/Projects/pico-sdk/src/rp2_common/hardware_sync/sync.c.o
 *fill*         0x20000fe1        0x3 
 .data          0x20000fe4       0x48 CMakeFiles/pico2pico_slave.dir/home/frohro/Projects/pico-sdk/src/rp2_common/hardware_irq/irq_handler_chain.S.o
                0x20000fe4                irq_handler_chain_slots
                0x20001014                irq_handler_chain_first_slot
                0x2000101e                irq_handler_chain_remove_tail
 .data.default_alarm_pool
                0x2000102c       0x18 CMakeFiles/pico2pico_slave.dir/home/frohro/Projects/pico-sdk/src/common/pico_time/time.c.o
 *fill*         0x20001044        0xc 
 .data.aeabi_bits_funcs
                0x20001050       0x10 CMakeFiles/pico2pico_slave.dir/home/frohro/Projects/pico-sdk/src/rp2_common/pico_bit_ops/bit_ops_aeabi.S.o
                0x20001050                aeabi_bits_funcs
                0x20001060                aeabi_bits_funcs_end
 .data.aeabi_mem_funcs
                0x20001060       0x10 CMakeFiles/pico2pico_slave.dir/home/frohro/Projects/pico-sdk/src/rp2_common/pico_mem_ops/mem_ops_aeabi.S.o
                0x20001060                aeabi_mem_funcs
                0x20001070                aeabi_mem_funcs_end
 .data.stdio_usb
                0x20001070       0x18 CMakeFiles/pico2pico_slave.dir/home/frohro/Projects/pico-sdk/src/rp2_common/pico_stdio_usb/stdio_usb.c.o
                0x20001070                stdio_usb
 .data._usbd_qdef
                0x20001088       0x1c CMakeFiles/pico2pico_slave.dir/home/frohro/Projects/pico-sdk/lib/tinyusb/src/device/usbd.c.o
                0x20001088                _usbd_qdef
 .data._usbd_rhport
                0x200010a4        0x1 CMakeFiles/pico2pico_slave.dir/home/frohro/Projects/pico-sdk/lib/tinyusb/src/device/usbd.c.o
                0x200010a8                        . = ALIGN (0x4)
 *fill*         0x200010a5        0x3 
 *(.after_data.*)
                0x200010a8                        . = ALIGN (0x4)
                0x200010a8                        PROVIDE (__mutex_array_start = .)
 *(SORT_BY_NAME(.mutex_array.*))
 *(.mutex_array)
 .mutex_array   0x200010a8        0x8 CMakeFiles/pico2pico_slave.dir/home/frohro/Projects/pico-sdk/src/rp2_common/pico_stdio/stdio.c.o
                0x200010b0                        PROVIDE (__mutex_array_end = .)
                0x200010b0                        . = ALIGN (0x4)
 *(.jcr)
                0x200010b0                        . = ALIGN (0x4)

.tm_clone_table
                0x200010b0        0x0 load address 0x100087a4
 .tm_clone_table
                0x200010b0        0x0 /usr/lib/gcc/arm-none-eabi/14.2.1/thumb/v6-m/nofp/crtbegin.o
 .tm_clone_table
                0x200010b0        0x0 /usr/lib/gcc/arm-none-eabi/14.2.1/thumb/v6-m/nofp/crtend.o

.igot.plt       0x200010b0        0x0 load address 0x100087a4
 .igot.plt      0x200010b0        0x0 /usr/lib/gcc/arm-none-eabi/14.2.1/thumb/v6-m/nofp/crtbegin.o

.tdata          0x200010b0        0x0 load address 0x100087a4
                0x200010b0                        . = ALIGN (0x4)
 *(.tdata .tdata.* .gnu.linkonce.td.*)
                0x200010b0                        __tdata_end = .
                0x200010b0                        PROVIDE (__data_end__ = .)
                0x100077b4                        __etext = LOADADDR (.data)

.tbss           0x200010b0        0x0 load address 0x100087a4
                0x200010b0                        . = ALIGN (0x4)
                0x200010b0                        __bss_start__ = .
                0x200010b0                        __tls_base = .
 *(.tbss .tbss.* .gnu.linkonce.tb.*)
 *(.tcommon)
                0x200010b0                        __tls_end = .

.bss            0x200010b0     0x1094 load address 0x100087a4
                0x200010b0                        . = ALIGN (0x4)
                0x200010b0                        __tbss_end = .
 *(SORT_BY_ALIGNMENT(SORT_BY_NAME(.bss*)))
 .bss.default_alarm_pool_entries
                0x200010b0      0x180 CMakeFiles/pico2pico_slave.dir/home/frohro/Projects/pico-sdk/src/common/pico_time/time.c.o
 .bss.last_avail_time.1
                0x20001230        0x8 CMakeFiles/pico2pico_slave.dir/home/frohro/Projects/pico-sdk/src/rp2_common/pico_stdio_usb/stdio_usb.c.o
 .bss.sd_table  0x20001238      0x100 CMakeFiles/pico2pico_slave.dir/home/frohro/Projects/pico-sdk/src/rp2_common/pico_double/double_init_rom_rp2040.c.o
                0x20001238                sd_table
 .bss.sf_table  0x20001338      0x100 CMakeFiles/pico2pico_slave.dir/home/frohro/Projects/pico-sdk/src/rp2_common/pico_float/float_init_rom_rp2040.c.o
                0x20001338                sf_table
 .bss           0x20001438       0x1c /usr/lib/gcc/arm-none-eabi/14.2.1/thumb/v6-m/nofp/crtbegin.o
 .bss           0x20001454      0x190 /usr/lib/gcc/arm-none-eabi/14.2.1/../../../arm-none-eabi/lib/thumb/v6-m/nofp/libg.a(libc_a-__atexit.o)
                0x20001454                __atexit0
 .bss           0x200015e4        0x4 /usr/lib/gcc/arm-none-eabi/14.2.1/../../../arm-none-eabi/lib/thumb/v6-m/nofp/libg.a(libc_a-__call_atexit.o)
                0x200015e4                __atexit
 .bss._app_driver
                0x200015e8        0x4 CMakeFiles/pico2pico_slave.dir/home/frohro/Projects/pico-sdk/lib/tinyusb/src/device/usbd.c.o
 .bss._cdcd_epbuf
                0x200015ec       0x80 CMakeFiles/pico2pico_slave.dir/home/frohro/Projects/pico-sdk/lib/tinyusb/src/class/cdc/cdc_device.c.o
 .bss._cdcd_fifo_cfg
                0x2000166c        0x1 CMakeFiles/pico2pico_slave.dir/home/frohro/Projects/pico-sdk/lib/tinyusb/src/class/cdc/cdc_device.c.o
 *fill*         0x2000166d        0x3 
 .bss._cdcd_itf
                0x20001670       0xc8 CMakeFiles/pico2pico_slave.dir/home/frohro/Projects/pico-sdk/lib/tinyusb/src/class/cdc/cdc_device.c.o
 .bss._ctrl_epbuf
                0x20001738       0x40 CMakeFiles/pico2pico_slave.dir/home/frohro/Projects/pico-sdk/lib/tinyusb/src/device/usbd_control.c.o
 .bss._ctrl_xfer
                0x20001778       0x14 CMakeFiles/pico2pico_slave.dir/home/frohro/Projects/pico-sdk/lib/tinyusb/src/device/usbd_control.c.o
 .bss._tusb_rhport_role
                0x2000178c        0x2 CMakeFiles/pico2pico_slave.dir/home/frohro/Projects/pico-sdk/lib/tinyusb/src/tusb.c.o
                0x2000178c                _tusb_rhport_role
 *fill*         0x2000178e        0x2 
 .bss._ubsd_mutexdef
                0x20001790        0x8 CMakeFiles/pico2pico_slave.dir/home/frohro/Projects/pico-sdk/lib/tinyusb/src/device/usbd.c.o
 .bss._usbd_dev
                0x20001798       0x54 CMakeFiles/pico2pico_slave.dir/home/frohro/Projects/pico-sdk/lib/tinyusb/src/device/usbd.c.o
 .bss._usbd_mutex
                0x200017ec        0x4 CMakeFiles/pico2pico_slave.dir/home/frohro/Projects/pico-sdk/lib/tinyusb/src/device/usbd.c.o
 .bss._usbd_q   0x200017f0        0x4 CMakeFiles/pico2pico_slave.dir/home/frohro/Projects/pico-sdk/lib/tinyusb/src/device/usbd.c.o
 .bss._usbd_qdef_buf
                0x200017f4       0xc0 CMakeFiles/pico2pico_slave.dir/home/frohro/Projects/pico-sdk/lib/tinyusb/src/device/usbd.c.o
                0x200017f4                _usbd_qdef_buf
 .bss._vendord_epbuf
                0x200018b4       0x80 CMakeFiles/pico2pico_slave.dir/home/frohro/Projects/pico-sdk/lib/tinyusb/src/class/vendor/vendor_device.c.o
 .bss._vendord_itf
                0x20001934      0x24c CMakeFiles/pico2pico_slave.dir/home/frohro/Projects/pico-sdk/lib/tinyusb/src/class/vendor/vendor_device.c.o
 .bss.boot2_copyout
                0x20001b80      0x100 CMakeFiles/pico2pico_slave.dir/home/frohro/Projects/pico-sdk/src/rp2_common/hardware_flash/flash.c.o
 .bss.chars_available_callback
                0x20001c80        0x4 CMakeFiles/pico2pico_slave.dir/home/frohro/Projects/pico-sdk/src/rp2_common/pico_stdio_usb/stdio_usb.c.o
 .bss.chars_available_param
                0x20001c84        0x4 CMakeFiles/pico2pico_slave.dir/home/frohro/Projects/pico-sdk/src/rp2_common/pico_stdio_usb/stdio_usb.c.o
 .bss.claimed   0x20001c88        0x4 CMakeFiles/pico2pico_slave.dir/home/frohro/Projects/pico-sdk/src/rp2_common/hardware_sync/sync.c.o
 .bss.claimed   0x20001c8c        0x1 CMakeFiles/pico2pico_slave.dir/home/frohro/Projects/pico-sdk/src/rp2_common/hardware_timer/timer.c.o
 *fill*         0x20001c8d        0x3 
 .bss.configured_freq
                0x20001c90       0x28 CMakeFiles/pico2pico_slave.dir/home/frohro/Projects/pico-sdk/src/rp2_common/hardware_clocks/clocks.c.o
 .bss.desc_str.0
                0x20001cb8       0x28 CMakeFiles/pico2pico_slave.dir/home/frohro/Projects/pico-sdk/src/rp2_common/pico_stdio_usb/stdio_usb_descriptors.c.o
 .bss.drivers   0x20001ce0        0x4 CMakeFiles/pico2pico_slave.dir/home/frohro/Projects/pico-sdk/src/rp2_common/pico_stdio/stdio.c.o
 .bss.e15_last_sof
                0x20001ce4        0x4 CMakeFiles/pico2pico_slave.dir/home/frohro/Projects/pico-sdk/lib/tinyusb/src/portable/raspberrypi/rp2040/rp2040_usb.c.o
                0x20001ce4                e15_last_sof
 .bss.filter    0x20001ce8        0x4 CMakeFiles/pico2pico_slave.dir/home/frohro/Projects/pico-sdk/src/rp2_common/pico_stdio/stdio.c.o
 .bss.hw_endpoints
                0x20001cec      0x400 CMakeFiles/pico2pico_slave.dir/home/frohro/Projects/pico-sdk/lib/tinyusb/src/portable/raspberrypi/rp2040/dcd_rp2040.c.o
 .bss.lazy_vsnprintf
                0x200020ec        0x4 CMakeFiles/pico2pico_slave.dir/home/frohro/Projects/pico-sdk/src/rp2_common/pico_printf/printf.c.o
 .bss.load_value
                0x200020f0        0x4 CMakeFiles/pico2pico_slave.dir/home/frohro/Projects/pico-sdk/src/rp2_common/hardware_watchdog/watchdog.c.o
 .bss.next_buffer_ptr
                0x200020f4        0x4 CMakeFiles/pico2pico_slave.dir/home/frohro/Projects/pico-sdk/lib/tinyusb/src/portable/raspberrypi/rp2040/dcd_rp2040.c.o
 .bss.one_shot_timer_crit_sec
                0x200020f8        0x8 CMakeFiles/pico2pico_slave.dir/home/frohro/Projects/pico-sdk/src/rp2_common/pico_stdio_usb/stdio_usb.c.o
 .bss.pools     0x20002100       0x10 CMakeFiles/pico2pico_slave.dir/home/frohro/Projects/pico-sdk/src/common/pico_time/time.c.o
 .bss.retrieved_id
                0x20002110        0x8 CMakeFiles/pico2pico_slave.dir/home/frohro/Projects/pico-sdk/src/rp2_common/pico_unique_id/unique_id.c.o
 .bss.sf_clz_func
                0x20002118        0x4 CMakeFiles/pico2pico_slave.dir/home/frohro/Projects/pico-sdk/src/rp2_common/pico_double/double_init_rom_rp2040.c.o
                0x20002118                sf_clz_func
 .bss.sleep_notifier
                0x2000211c        0x4 CMakeFiles/pico2pico_slave.dir/home/frohro/Projects/pico-sdk/src/common/pico_time/time.c.o
 .bss.stdio_usb_mutex
                0x20002120        0x8 CMakeFiles/pico2pico_slave.dir/home/frohro/Projects/pico-sdk/src/rp2_common/pico_stdio_usb/stdio_usb.c.o
 .bss.usbd_serial_str
                0x20002128       0x11 CMakeFiles/pico2pico_slave.dir/home/frohro/Projects/pico-sdk/src/rp2_common/pico_stdio_usb/stdio_usb_descriptors.c.o
 .bss._app_driver_count
                0x20002139        0x1 CMakeFiles/pico2pico_slave.dir/home/frohro/Projects/pico-sdk/lib/tinyusb/src/device/usbd.c.o
 .bss._sof_enable
                0x2000213a        0x1 CMakeFiles/pico2pico_slave.dir/home/frohro/Projects/pico-sdk/lib/tinyusb/src/portable/raspberrypi/rp2040/dcd_rp2040.c.o
 .bss._usbd_queued_setup
                0x2000213b        0x1 CMakeFiles/pico2pico_slave.dir/home/frohro/Projects/pico-sdk/lib/tinyusb/src/device/usbd.c.o
 .bss.boot2_copyout_valid
                0x2000213c        0x1 CMakeFiles/pico2pico_slave.dir/home/frohro/Projects/pico-sdk/src/rp2_common/hardware_flash/flash.c.o
 .bss.irq_handler_chain_free_slot_head
                0x2000213d        0x1 CMakeFiles/pico2pico_slave.dir/home/frohro/Projects/pico-sdk/src/rp2_common/hardware_irq/irq.c.o
 .bss.itf_num   0x2000213e        0x1 CMakeFiles/pico2pico_slave.dir/home/frohro/Projects/pico-sdk/src/rp2_common/pico_stdio_usb/reset_interface.c.o
 .bss.low_priority_irq_num
                0x2000213f        0x1 CMakeFiles/pico2pico_slave.dir/home/frohro/Projects/pico-sdk/src/rp2_common/pico_stdio_usb/stdio_usb.c.o
 .bss.one_shot_timer_pending
                0x20002140        0x1 CMakeFiles/pico2pico_slave.dir/home/frohro/Projects/pico-sdk/src/rp2_common/pico_stdio_usb/stdio_usb.c.o
 .bss.user_irq_claimed
                0x20002141        0x1 CMakeFiles/pico2pico_slave.dir/home/frohro/Projects/pico-sdk/src/rp2_common/hardware_irq/irq.c.o
 *(COMMON)
                0x20002144                        . = ALIGN (0x4)
 *fill*         0x20002142        0x2 
                0x20002144                        __bss_end__ = .

.heap           0x20002144      0x800 load address 0x100087a4
                0x20002144                        __end__ = .
                0x20002144                        end = __end__
 *(.heap*)
 .heap          0x20002144      0x800 CMakeFiles/pico2pico_slave.dir/home/frohro/Projects/pico-sdk/src/rp2_common/pico_crt0/crt0.S.o
                0x20040000                        __HeapLimit = (ORIGIN (RAM) + LENGTH (RAM))

.scratch_x      0x20040000        0x0 load address 0x100087a4
                0x20040000                        __scratch_x_start__ = .
 *(.scratch_x.*)
                0x20040000                        . = ALIGN (0x4)
                0x20040000                        __scratch_x_end__ = .
                0x100087a4                        __scratch_x_source__ = LOADADDR (.scratch_x)

.scratch_y      0x20041000        0x0 load address 0x100087a4
                0x20041000                        __scratch_y_start__ = .
 *(.scratch_y.*)
                0x20041000                        . = ALIGN (0x4)
                0x20041000                        __scratch_y_end__ = .
                0x100087a4                        __scratch_y_source__ = LOADADDR (.scratch_y)

.stack1_dummy
 *(.stack1*)

.stack_dummy    0x20041000      0x800
 *(.stack*)
 .stack         0x20041000      0x800 CMakeFiles/pico2pico_slave.dir/home/frohro/Projects/pico-sdk/src/rp2_common/pico_crt0/crt0.S.o

.rel.dyn        0x20041800        0x0
 .rel.iplt      0x20041800        0x0 /usr/lib/gcc/arm-none-eabi/14.2.1/thumb/v6-m/nofp/crtbegin.o

.flash_end      0x100087a4        0x0
 *(.embedded_end_block*)
                0x100087a4                        PROVIDE (__flash_binary_end = .)
                0x20040000                        __StackLimit = (ORIGIN (RAM) + LENGTH (RAM))
                0x20041000                        __StackOneTop = (ORIGIN (SCRATCH_X) + LENGTH (SCRATCH_X))
                0x20042000                        __StackTop = (ORIGIN (SCRATCH_Y) + LENGTH (SCRATCH_Y))
                0x20041000                        __StackOneBottom = (__StackOneTop - SIZEOF (.stack1_dummy))
                0x20041800                        __StackBottom = (__StackTop - SIZEOF (.stack_dummy))
                0x20042000                        PROVIDE (__stack = __StackTop)
                [!provide]                        PROVIDE (__heap_start = __end__)
                [!provide]                        PROVIDE (__heap_end = __HeapLimit)
                [!provide]                        PROVIDE (__tls_align = MAX (ALIGNOF (.tdata), ALIGNOF (.tbss)))
                [!provide]                        PROVIDE (__tls_size_align = (((__tls_size + __tls_align) - 0x1) & ~ ((__tls_align - 0x1))))
                [!provide]                        PROVIDE (__arm32_tls_tcb_offset = MAX (0x8, __tls_align))
                [!provide]                        PROVIDE (_end = __end__)
                [!provide]                        PROVIDE (__llvm_libc_heap_limit = __HeapLimit)
                0x00000001                        ASSERT ((__StackLimit >= __HeapLimit), region RAM overflowed)
                0x00000001                        ASSERT (((__binary_info_header_end - __logical_binary_start) <= 0x100), Binary info must be in first 256 bytes of the binary)
LOAD CMakeFiles/pico2pico_slave.dir/main_slave.c.o
LOAD CMakeFiles/pico2pico_slave.dir/home/frohro/Projects/pico-sdk/src/rp2_common/pico_stdlib/stdlib.c.o
LOAD CMakeFiles/pico2pico_slave.dir/home/frohro/Projects/pico-sdk/src/rp2_common/hardware_gpio/gpio.c.o
LOAD CMakeFiles/pico2pico_slave.dir/home/frohro/Projects/pico-sdk/src/rp2040/pico_platform/platform.c.o
LOAD CMakeFiles/pico2pico_slave.dir/home/frohro/Projects/pico-sdk/src/rp2_common/pico_platform_common/common.c.o
LOAD CMakeFiles/pico2pico_slave.dir/home/frohro/Projects/pico-sdk/src/rp2_common/pico_platform_panic/panic.c.o
LOAD CMakeFiles/pico2pico_slave.dir/home/frohro/Projects/pico-sdk/src/common/hardware_claim/claim.c.o
LOAD CMakeFiles/pico2pico_slave.dir/home/frohro/Projects/pico-sdk/src/rp2_common/hardware_sync/sync.c.o
LOAD CMakeFiles/pico2pico_slave.dir/home/frohro/Projects/pico-sdk/src/rp2_common/hardware_sync_spin_lock/sync_spin_lock.c.o
LOAD CMakeFiles/pico2pico_slave.dir/home/frohro/Projects/pico-sdk/src/rp2_common/hardware_irq/irq.c.o
LOAD CMakeFiles/pico2pico_slave.dir/home/frohro/Projects/pico-sdk/src/rp2_common/hardware_irq/irq_handler_chain.S.o
LOAD CMakeFiles/pico2pico_slave.dir/home/frohro/Projects/pico-sdk/src/common/pico_sync/sem.c.o
LOAD CMakeFiles/pico2pico_slave.dir/home/frohro/Projects/pico-sdk/src/common/pico_sync/lock_core.c.o
LOAD CMakeFiles/pico2pico_slave.dir/home/frohro/Projects/pico-sdk/src/common/pico_sync/mutex.c.o
LOAD CMakeFiles/pico2pico_slave.dir/home/frohro/Projects/pico-sdk/src/common/pico_sync/critical_section.c.o
LOAD CMakeFiles/pico2pico_slave.dir/home/frohro/Projects/pico-sdk/src/common/pico_time/time.c.o
LOAD CMakeFiles/pico2pico_slave.dir/home/frohro/Projects/pico-sdk/src/common/pico_time/timeout_helper.c.o
LOAD CMakeFiles/pico2pico_slave.dir/home/frohro/Projects/pico-sdk/src/rp2_common/hardware_timer/timer.c.o
LOAD CMakeFiles/pico2pico_slave.dir/home/frohro/Projects/pico-sdk/src/common/pico_util/datetime.c.o
LOAD CMakeFiles/pico2pico_slave.dir/home/frohro/Projects/pico-sdk/src/common/pico_util/pheap.c.o
LOAD CMakeFiles/pico2pico_slave.dir/home/frohro/Projects/pico-sdk/src/common/pico_util/queue.c.o
LOAD CMakeFiles/pico2pico_slave.dir/home/frohro/Projects/pico-sdk/src/rp2_common/hardware_uart/uart.c.o
LOAD CMakeFiles/pico2pico_slave.dir/home/frohro/Projects/pico-sdk/src/rp2_common/hardware_clocks/clocks.c.o
LOAD CMakeFiles/pico2pico_slave.dir/home/frohro/Projects/pico-sdk/src/rp2_common/hardware_pll/pll.c.o
LOAD CMakeFiles/pico2pico_slave.dir/home/frohro/Projects/pico-sdk/src/rp2_common/hardware_vreg/vreg.c.o
LOAD CMakeFiles/pico2pico_slave.dir/home/frohro/Projects/pico-sdk/src/rp2_common/hardware_watchdog/watchdog.c.o
LOAD CMakeFiles/pico2pico_slave.dir/home/frohro/Projects/pico-sdk/src/rp2_common/hardware_ticks/ticks.c.o
LOAD CMakeFiles/pico2pico_slave.dir/home/frohro/Projects/pico-sdk/src/rp2_common/pico_bootrom/bootrom.c.o
LOAD CMakeFiles/pico2pico_slave.dir/home/frohro/Projects/pico-sdk/src/rp2_common/pico_bootrom/bootrom_lock.c.o
LOAD CMakeFiles/pico2pico_slave.dir/home/frohro/Projects/pico-sdk/src/rp2_common/hardware_boot_lock/boot_lock.c.o
LOAD CMakeFiles/pico2pico_slave.dir/home/frohro/Projects/pico-sdk/src/rp2_common/pico_flash/flash.c.o
LOAD CMakeFiles/pico2pico_slave.dir/home/frohro/Projects/pico-sdk/src/rp2_common/hardware_xosc/xosc.c.o
LOAD CMakeFiles/pico2pico_slave.dir/home/frohro/Projects/pico-sdk/src/rp2_common/hardware_divider/divider.S.o
LOAD CMakeFiles/pico2pico_slave.dir/home/frohro/Projects/pico-sdk/src/rp2_common/pico_runtime/runtime.c.o
LOAD CMakeFiles/pico2pico_slave.dir/home/frohro/Projects/pico-sdk/src/rp2_common/pico_runtime_init/runtime_init.c.o
LOAD CMakeFiles/pico2pico_slave.dir/home/frohro/Projects/pico-sdk/src/rp2_common/pico_runtime_init/runtime_init_clocks.c.o
LOAD CMakeFiles/pico2pico_slave.dir/home/frohro/Projects/pico-sdk/src/rp2_common/pico_runtime_init/runtime_init_stack_guard.c.o
LOAD CMakeFiles/pico2pico_slave.dir/home/frohro/Projects/pico-sdk/src/rp2_common/pico_bit_ops/bit_ops_aeabi.S.o
LOAD CMakeFiles/pico2pico_slave.dir/home/frohro/Projects/pico-sdk/src/rp2_common/pico_divider/divider_hardware.S.o
LOAD CMakeFiles/pico2pico_slave.dir/home/frohro/Projects/pico-sdk/src/rp2_common/pico_double/double_aeabi_rp2040.S.o
LOAD CMakeFiles/pico2pico_slave.dir/home/frohro/Projects/pico-sdk/src/rp2_common/pico_double/double_init_rom_rp2040.c.o
LOAD CMakeFiles/pico2pico_slave.dir/home/frohro/Projects/pico-sdk/src/rp2_common/pico_double/double_math.c.o
LOAD CMakeFiles/pico2pico_slave.dir/home/frohro/Projects/pico-sdk/src/rp2_common/pico_double/double_v1_rom_shim_rp2040.S.o
LOAD CMakeFiles/pico2pico_slave.dir/home/frohro/Projects/pico-sdk/src/rp2_common/pico_int64_ops/pico_int64_ops_aeabi.S.o
LOAD CMakeFiles/pico2pico_slave.dir/home/frohro/Projects/pico-sdk/src/rp2_common/pico_float/float_aeabi_rp2040.S.o
LOAD CMakeFiles/pico2pico_slave.dir/home/frohro/Projects/pico-sdk/src/rp2_common/pico_float/float_init_rom_rp2040.c.o
LOAD CMakeFiles/pico2pico_slave.dir/home/frohro/Projects/pico-sdk/src/rp2_common/pico_float/float_math.c.o