Archive member included to satisfy reference by file (symbol)

/usr/lib/gcc/arm-none-eabi/14.2.1/../../../arm-none-eabi/lib/thumb/v8-m.main+fp/softfp/libm.a(libm_a-wf_sqrt.o)
                              CMakeFiles/LogicAnalyzer.dir/home/frohro/Projects/pico-sdk/src/rp2_common/pico_float/float_math.c.o (sqrtf)
/usr/lib/gcc/arm-none-eabi/14.2.1/../../../arm-none-eabi/lib/thumb/v8-m.main+fp/softfp/libm.a(libm_a-ef_sqrt.o)
                              /usr/lib/gcc/arm-none-eabi/14.2.1/../../../arm-none-eabi/lib/thumb/v8-m.main+fp/softfp/libm.a(libm_a-wf_sqrt.o) (__ieee754_sqrtf)
/usr/lib/gcc/arm-none-eabi/14.2.1/thumb/v8-m.main+fp/softfp/libgcc.a(_arm_addsubdf3.o)
                              CMakeFiles/LogicAnalyzer.dir/home/frohro/Projects/pico-sdk/src/rp2_common/pico_float/float_math.c.o (__aeabi_f2d)
/usr/lib/gcc/arm-none-eabi/14.2.1/thumb/v8-m.main+fp/softfp/libgcc.a(_aeabi_ldivmod.o)
                              CMakeFiles/LogicAnalyzer.dir/home/frohro/Projects/pico-sdk/src/common/pico_time/time.c.o (__aeabi_ldivmod)
/usr/lib/gcc/arm-none-eabi/14.2.1/thumb/v8-m.main+fp/softfp/libgcc.a(_aeabi_uldivmod.o)
                              CMakeFiles/LogicAnalyzer.dir/home/frohro/Projects/pico-sdk/src/rp2_common/hardware_clocks/clocks.c.o (__aeabi_uldivmod)
/usr/lib/gcc/arm-none-eabi/14.2.1/thumb/v8-m.main+fp/softfp/libgcc.a(_udivmoddi4.o)
                              /usr/lib/gcc/arm-none-eabi/14.2.1/thumb/v8-m.main+fp/softfp/libgcc.a(_aeabi_ldivmod.o) (__udivmoddi4)
/usr/lib/gcc/arm-none-eabi/14.2.1/thumb/v8-m.main+fp/softfp/libgcc.a(_dvmd_tls.o)
                              /usr/lib/gcc/arm-none-eabi/14.2.1/thumb/v8-m.main+fp/softfp/libgcc.a(_aeabi_ldivmod.o) (__aeabi_ldiv0)
/usr/lib/gcc/arm-none-eabi/14.2.1/../../../arm-none-eabi/lib/thumb/v8-m.main+fp/softfp/libg.a(libc_a-strlen-stub.o)
                              CMakeFiles/LogicAnalyzer.dir/home/frohro/Projects/pico-sdk/src/rp2_common/pico_stdio/stdio.c.o (strlen)
/usr/lib/gcc/arm-none-eabi/14.2.1/../../../arm-none-eabi/lib/thumb/v8-m.main+fp/softfp/libg.a(libc_a-memset.o)
                              /usr/lib/gcc/arm-none-eabi/14.2.1/../../../arm-none-eabi/lib/thumb/v8-m.main+fp/softfp/crt0.o (memset)
/usr/lib/gcc/arm-none-eabi/14.2.1/../../../arm-none-eabi/lib/thumb/v8-m.main+fp/softfp/libg.a(libc_a-fini.o)
                              /usr/lib/gcc/arm-none-eabi/14.2.1/../../../arm-none-eabi/lib/thumb/v8-m.main+fp/softfp/crt0.o (__libc_fini_array)
/usr/lib/gcc/arm-none-eabi/14.2.1/../../../arm-none-eabi/lib/thumb/v8-m.main+fp/softfp/libg.a(libc_a-calloc.o)
                              CMakeFiles/LogicAnalyzer.dir/home/frohro/Projects/pico-sdk/src/rp2_common/pico_malloc/malloc.c.o (calloc)
/usr/lib/gcc/arm-none-eabi/14.2.1/../../../arm-none-eabi/lib/thumb/v8-m.main+fp/softfp/libg.a(libc_a-callocr.o)
                              /usr/lib/gcc/arm-none-eabi/14.2.1/../../../arm-none-eabi/lib/thumb/v8-m.main+fp/softfp/libg.a(libc_a-calloc.o) (_calloc_r)
/usr/lib/gcc/arm-none-eabi/14.2.1/../../../arm-none-eabi/lib/thumb/v8-m.main+fp/softfp/libg.a(libc_a-realloc.o)
                              CMakeFiles/LogicAnalyzer.dir/home/frohro/Projects/pico-sdk/src/rp2_common/pico_malloc/malloc.c.o (realloc)
/usr/lib/gcc/arm-none-eabi/14.2.1/../../../arm-none-eabi/lib/thumb/v8-m.main+fp/softfp/libg.a(libc_a-mallocr.o)
                              /usr/lib/gcc/arm-none-eabi/14.2.1/../../../arm-none-eabi/lib/thumb/v8-m.main+fp/softfp/libg.a(libc_a-callocr.o) (_malloc_r)
/usr/lib/gcc/arm-none-eabi/14.2.1/../../../arm-none-eabi/lib/thumb/v8-m.main+fp/softfp/libg.a(libc_a-freer.o)
                              /usr/lib/gcc/arm-none-eabi/14.2.1/../../../arm-none-eabi/lib/thumb/v8-m.main+fp/softfp/libg.a(libc_a-mallocr.o) (_free_r)
/usr/lib/gcc/arm-none-eabi/14.2.1/../../../arm-none-eabi/lib/thumb/v8-m.main+fp/softfp/libg.a(libc_a-memcmp.o)
                              CMakeFiles/LogicAnalyzer.dir/home/frohro/Projects/pico-sdk/src/rp2_common/pico_atomic/atomic.c.o (memcmp)
/usr/lib/gcc/arm-none-eabi/14.2.1/../../../arm-none-eabi/lib/thumb/v8-m.main+fp/softfp/libg.a(libc_a-errno.o)
                              /usr/lib/gcc/arm-none-eabi/14.2.1/../../../arm-none-eabi/lib/thumb/v8-m.main+fp/softfp/libm.a(libm_a-wf_sqrt.o) (__errno)
/usr/lib/gcc/arm-none-eabi/14.2.1/../../../arm-none-eabi/lib/thumb/v8-m.main+fp/softfp/libg.a(libc_a-malloc.o)
                              CMakeFiles/LogicAnalyzer.dir/home/frohro/Projects/pico-sdk/src/rp2_common/pico_malloc/malloc.c.o (malloc)
/usr/lib/gcc/arm-none-eabi/14.2.1/../../../arm-none-eabi/lib/thumb/v8-m.main+fp/softfp/libg.a(libc_a-reallocr.o)
                              /usr/lib/gcc/arm-none-eabi/14.2.1/../../../arm-none-eabi/lib/thumb/v8-m.main+fp/softfp/libg.a(libc_a-realloc.o) (_realloc_r)
/usr/lib/gcc/arm-none-eabi/14.2.1/../../../arm-none-eabi/lib/thumb/v8-m.main+fp/softfp/libg.a(libc_a-mktime.o)
[...]
Memory Configuration

Name             Origin             Length             Attributes
FLASH            0x10000000         0x00400000         xr
RAM              0x20000000         0x00080000         xrw
SCRATCH_X        0x20080000         0x00001000         xrw
SCRATCH_Y        0x20081000         0x00001000         xrw
*default*        0x00000000         0xffffffff

Linker script and memory map

LOAD /usr/lib/gcc/arm-none-eabi/14.2.1/thumb/v8-m.main+fp/softfp/crti.o
LOAD /usr/lib/gcc/arm-none-eabi/14.2.1/thumb/v8-m.main+fp/softfp/crtbegin.o
LOAD /usr/lib/gcc/arm-none-eabi/14.2.1/../../../arm-none-eabi/lib/thumb/v8-m.main+fp/softfp/crt0.o

.flash_begin    0x10000000        0x0
                0x10000000                        __flash_binary_start = .

.flashtext      0x10000000      0x1f0
                0x10000000                        __logical_binary_start = .
 *(.vectors)
 .vectors       0x10000000      0x124 CMakeFiles/LogicAnalyzer.dir/home/frohro/Projects/pico-sdk/src/rp2_common/pico_crt0/crt0.S.o
                0x10000000                __vectors
                0x10000000                __VECTOR_TABLE
                0x10000110                DebugMon_Handler
                0x10000110                UART0_IRQ_Handler
                0x10000110                __unhandled_user_irq
                0x10000110                TIMER1_IRQ_1_Handler
                0x10000110                TRNG_IRQ_Handler
                0x10000110                isr_irq49
                0x10000110                PLL_SYS_IRQ_Handler
                0x10000110                IO_IRQ_BANK0_Handler
                0x10000110                PIO0_IRQ_0_Handler
                0x10000110                USBCTRL_IRQ_Handler
                0x10000110                SPI1_IRQ_Handler
                0x10000110                POWMAN_IRQ_POW_Handler
                0x10000110                DMA_IRQ_2_Handler
                0x10000110                PIO1_IRQ_1_Handler
                0x10000110                POWMAN_IRQ_TIMER_Handler
                0x10000110                DMA_IRQ_1_Handler
                0x10000110                SIO_IRQ_FIFO_Handler
                0x10000110                UsageFault_Handler
                0x10000110                PLL_USB_IRQ_Handler
                0x10000110                TIMER0_IRQ_2_Handler
                0x10000110                I2C1_IRQ_Handler
                0x10000110                IO_IRQ_BANK0_NS_Handler
                0x10000110                isr_irq48
                0x10000110                PIO2_IRQ_1_Handler
                0x10000110                PWM_IRQ_WRAP_0_Handler
                0x10000110                isr_irq50
                0x10000110                TIMER1_IRQ_0_Handler
                0x10000110                isr_irq40
                0x10000110                SPI0_IRQ_Handler
                0x10000110                PWM_IRQ_WRAP_1_Handler
                0x10000110                SIO_IRQ_BELL_Handler
                0x10000110                isr_irq41
                0x10000110                OTP_IRQ_Handler
                0x10000110                PIO0_IRQ_1_Handler
                0x10000110                I2C0_IRQ_Handler
                0x10000110                SIO_IRQ_FIFO_NS_Handler
                0x10000110                SecureFault_Handler
                0x10000110                SIO_IRQ_BELL_NS_Handler
                0x10000110                SIO_IRQ_MTIMECMP_Handler
                0x10000110                __vectors_end
                0x10000110                UART1_IRQ_Handler
                0x10000110                __default_isrs_start
                0x10000110                DMA_IRQ_0_Handler
                0x10000110                CLOCKS_IRQ_Handler
                0x10000110                PIO1_IRQ_0_Handler
                0x10000110                MemManage_Handler
                0x10000110                PIO2_IRQ_0_Handler
                0x10000110                isr_irq46
                0x10000110                ADC_IRQ_FIFO_Handler
                0x10000110                isr_irq47
                0x10000110                isr_irq51
                0x10000110                IO_IRQ_QSPI_Handler
                0x10000110                TIMER1_IRQ_3_Handler
                0x10000110                TIMER0_IRQ_0_Handler
                0x10000110                IO_IRQ_QSPI_NS_Handler
                0x10000110                BusFault_Handler
                0x10000110                TIMER0_IRQ_3_Handler
                0x10000110                TIMER1_IRQ_2_Handler
                0x10000110                TIMER0_IRQ_1_Handler
                0x10000110                DMA_IRQ_3_Handler
                0x10000116                unhandled_user_irq_num_in_r0
                0x10000118                isr_invalid
                0x1000011a                NMI_Handler
                0x1000011c                HardFault_Handler
                0x1000011e                SVC_Handler
                0x10000120                PendSV_Handler
                0x10000122                SysTick_Handler
                0x10000124                __default_isrs_end
 *(.binary_info_header)
 .binary_info_header
                0x10000124       0x14 CMakeFiles/LogicAnalyzer.dir/home/frohro/Projects/pico-sdk/src/rp2_common/pico_crt0/crt0.S.o
                0x10000138                        __binary_info_header_end = .
 *(.embedded_block)
 .embedded_block
                0x10000138       0x14 CMakeFiles/LogicAnalyzer.dir/home/frohro/Projects/pico-sdk/src/rp2_common/pico_crt0/crt0.S.o
                0x1000014c                        __embedded_block_end = .
 *(.reset)
 .reset         0x1000014c       0xa4 CMakeFiles/LogicAnalyzer.dir/home/frohro/Projects/pico-sdk/src/rp2_common/pico_crt0/crt0.S.o
                0x1000014c                _entry_point
                0x100001f0                        . = ALIGN (0x4)

.boot2          0x100001f0        0x0
                0x100001f0                        __boot2_start__ = .
 *(.boot2)
                0x100001f0                        __boot2_end__ = .
                0x00000001                        ASSERT (((__boot2_end__ - __boot2_start__) <= 0x100), ERROR: Pico second stage bootloader must be no more than 256 bytes in size)

.rodata         0x100001f0        0x0
 *(SORT_BY_ALIGNMENT(SORT_BY_NAME(.flashdata*)))
                0x100001f0                        . = ALIGN (0x4)

.ARM.extab
 *(.ARM.extab* .gnu.linkonce.armextab.*)
                0x100001f0                        __exidx_start = .

.ARM.exidx      0x100001f0        0x8
 *(.ARM.exidx* .gnu.linkonce.armexidx.*)
 .ARM.exidx     0x100001f0        0x8 /usr/lib/gcc/arm-none-eabi/14.2.1/thumb/v8-m.main+fp/softfp/libgcc.a(_udivmoddi4.o)
 .ARM.exidx     0x100001f8        0x0 /usr/lib/gcc/arm-none-eabi/14.2.1/../../../arm-none-eabi/lib/thumb/v8-m.main+fp/softfp/libg.a(libc_a-memcpy.o)
                                  0x8 (size before relaxing)
                0x100001f8                        __exidx_end = .
                0x100001f8                        . = ALIGN (0x4)
                0x100001f8                        __binary_info_start = .

.binary_info    0x100001f8       0x24
 *(.binary_info.keep.*)
 .binary_info.keep.__bi_ptr84
                0x100001f8        0x4 CMakeFiles/LogicAnalyzer.dir/home/frohro/Projects/pico-sdk/src/rp2_common/pico_standard_binary_info/standard_binary_info.c.o
 .binary_info.keep.__bi_ptr78
                0x100001fc        0x4 CMakeFiles/LogicAnalyzer.dir/home/frohro/Projects/pico-sdk/src/rp2_common/pico_standard_binary_info/standard_binary_info.c.o
 .binary_info.keep.__bi_ptr60
                0x10000200        0x4 CMakeFiles/LogicAnalyzer.dir/home/frohro/Projects/pico-sdk/src/rp2_common/pico_standard_binary_info/standard_binary_info.c.o
 .binary_info.keep.__bi_ptr54
                0x10000204        0x4 CMakeFiles/LogicAnalyzer.dir/home/frohro/Projects/pico-sdk/src/rp2_common/pico_standard_binary_info/standard_binary_info.c.o
 .binary_info.keep.__bi_ptr48
                0x10000208        0x4 CMakeFiles/LogicAnalyzer.dir/home/frohro/Projects/pico-sdk/src/rp2_common/pico_standard_binary_info/standard_binary_info.c.o
 .binary_info.keep.__bi_ptr42
                0x1000020c        0x4 CMakeFiles/LogicAnalyzer.dir/home/frohro/Projects/pico-sdk/src/rp2_common/pico_standard_binary_info/standard_binary_info.c.o
 .binary_info.keep.__bi_ptr34
                0x10000210        0x4 CMakeFiles/LogicAnalyzer.dir/home/frohro/Projects/pico-sdk/src/rp2_common/pico_standard_binary_info/standard_binary_info.c.o
 .binary_info.keep.__bi_ptr26
                0x10000214        0x4 CMakeFiles/LogicAnalyzer.dir/home/frohro/Projects/pico-sdk/src/rp2_common/pico_standard_binary_info/standard_binary_info.c.o
 *(.binary_info.*)
 .binary_info.__bi_ptr202
                0x10000218        0x4 CMakeFiles/LogicAnalyzer.dir/home/frohro/Projects/pico-sdk/src/rp2_common/pico_stdio_usb/stdio_usb.c.o
                0x1000021c                        __binary_info_end = .
                0x1000021c                        . = ALIGN (0x4)

.ram_vector_table
                0x20000000      0x110
 *(.ram_vector_table)
 .ram_vector_table
                0x20000000      0x110 CMakeFiles/LogicAnalyzer.dir/home/frohro/Projects/pico-sdk/src/rp2_common/pico_runtime_init/runtime_init.c.o
                0x20000000                ram_vector_table

.uninitialized_data
                0x20000110        0x0
                0x20000110                        . = ALIGN (0x4)
 *(.uninitialized_data*)

.text           0x20000110     0x903c load address 0x1000021c
                0x20000110                        __ram_text_start__ = .
 *(.init)
 .init          0x20000110        0x4 /usr/lib/gcc/arm-none-eabi/14.2.1/thumb/v8-m.main+fp/softfp/crti.o
                0x20000110                _init
 *(.text*)
 .text          0x20000114       0x8c /usr/lib/gcc/arm-none-eabi/14.2.1/thumb/v8-m.main+fp/softfp/crtbegin.o
 .text.processData
                0x200001a0      0x2b0 CMakeFiles/LogicAnalyzer.dir/LogicAnalyzer.c.o
                0x200001a0                processData
 .text.startup.main
                0x20000450      0x3fc CMakeFiles/LogicAnalyzer.dir/LogicAnalyzer.c.o
                0x20000450                main
 .text.blast_capture_completed
                0x2000084c       0xa0 CMakeFiles/LogicAnalyzer.dir/LogicAnalyzer_Capture.c.o
                0x2000084c                blast_capture_completed
 .text.abort_DMAs
                0x200008ec       0x88 CMakeFiles/LogicAnalyzer.dir/LogicAnalyzer_Capture.c.o
                0x200008ec                abort_DMAs
 .text.complex_capture_completed
                0x20000974      0x130 CMakeFiles/LogicAnalyzer.dir/LogicAnalyzer_Capture.c.o
                0x20000974                complex_capture_completed
 .text.simple_capture_completed
                0x20000aa4      0x160 CMakeFiles/LogicAnalyzer.dir/LogicAnalyzer_Capture.c.o
                0x20000aa4                simple_capture_completed
 .text.fast_capture_completed
                0x20000c04      0x120 CMakeFiles/LogicAnalyzer.dir/LogicAnalyzer_Capture.c.o
                0x20000c04                fast_capture_completed
 .text.check_fast_interrupt
                0x20000d24       0x20 CMakeFiles/LogicAnalyzer.dir/LogicAnalyzer_Capture.c.o
                0x20000d24                check_fast_interrupt
 .text.configureBlastDMA
                0x20000d44       0xb8 CMakeFiles/LogicAnalyzer.dir/LogicAnalyzer_Capture.c.o
                0x20000d44                configureBlastDMA
 .text.configureCaptureDMAs
                0x20000dfc      0x160 CMakeFiles/LogicAnalyzer.dir/LogicAnalyzer_Capture.c.o
                0x20000dfc                configureCaptureDMAs
 .text.StopCapture
                0x20000f5c       0x78 CMakeFiles/LogicAnalyzer.dir/LogicAnalyzer_Capture.c.o
                0x20000f5c                StopCapture
 .text.StartCaptureFast
                0x20000fd4      0x3d0 CMakeFiles/LogicAnalyzer.dir/LogicAnalyzer_Capture.c.o
                0x20000fd4                StartCaptureFast
 .text.StartCaptureComplex
                0x200013a4      0x3e4 CMakeFiles/LogicAnalyzer.dir/LogicAnalyzer_Capture.c.o
                0x200013a4                StartCaptureComplex
 .text.StartCaptureBlast
                0x20001788      0x28c CMakeFiles/LogicAnalyzer.dir/LogicAnalyzer_Capture.c.o
                0x20001788                StartCaptureBlast
 .text.StartCaptureSimple
                0x20001a14      0x40c CMakeFiles/LogicAnalyzer.dir/LogicAnalyzer_Capture.c.o
                0x20001a14                StartCaptureSimple
 .text.IsCapturing
                0x20001e20       0x10 CMakeFiles/LogicAnalyzer.dir/LogicAnalyzer_Capture.c.o
                0x20001e20                IsCapturing
 .text.GetBuffer
                0x20001e30      0x318 CMakeFiles/LogicAnalyzer.dir/LogicAnalyzer_Capture.c.o
                0x20001e30                GetBuffer
 .text.GetTimestamps
                0x20002148       0x14 CMakeFiles/LogicAnalyzer.dir/LogicAnalyzer_Capture.c.o
                0x20002148                GetTimestamps
 .text.gpio_set_function
                0x2000215c       0x3c CMakeFiles/LogicAnalyzer.dir/home/frohro/Projects/pico-sdk/src/rp2_common/hardware_gpio/gpio.c.o
                0x2000215c                gpio_set_function
 .text.gpio_set_inover
                0x20002198       0x20 CMakeFiles/LogicAnalyzer.dir/home/frohro/Projects/pico-sdk/src/rp2_common/hardware_gpio/gpio.c.o
                0x20002198                gpio_set_inover
 .text.gpio_init
                0x200021b8       0x48 CMakeFiles/LogicAnalyzer.dir/home/frohro/Projects/pico-sdk/src/rp2_common/hardware_gpio/gpio.c.o
                0x200021b8                gpio_init
 .text.gpio_deinit
                0x20002200       0x40 CMakeFiles/LogicAnalyzer.dir/home/frohro/Projects/pico-sdk/src/rp2_common/hardware_gpio/gpio.c.o
                0x20002200                gpio_deinit
 .text.panic    0x20002240       0x30 CMakeFiles/LogicAnalyzer.dir/home/frohro/Projects/pico-sdk/src/rp2_common/pico_platform_panic/panic.c.o
                0x20002240                panic
 .text.hw_claim_lock
                0x20002270       0x24 CMakeFiles/LogicAnalyzer.dir/home/frohro/Projects/pico-sdk/src/common/hardware_claim/claim.c.o
                0x20002270                hw_claim_lock
 .text.hw_claim_unlock
                0x20002294       0x14 CMakeFiles/LogicAnalyzer.dir/home/frohro/Projects/pico-sdk/src/common/hardware_claim/claim.c.o
                0x20002294                hw_claim_unlock
 .text.hw_claim_or_assert
                0x200022a8       0x58 CMakeFiles/LogicAnalyzer.dir/home/frohro/Projects/pico-sdk/src/common/hardware_claim/claim.c.o
                0x200022a8                hw_claim_or_assert
 .text.hw_claim_unused_from_range
                0x20002300       0x80 CMakeFiles/LogicAnalyzer.dir/home/frohro/Projects/pico-sdk/src/common/hardware_claim/claim.c.o
                0x20002300                hw_claim_unused_from_range
 .text.hw_claim_clear
                0x20002380       0x50 CMakeFiles/LogicAnalyzer.dir/home/frohro/Projects/pico-sdk/src/common/hardware_claim/claim.c.o
                0x20002380                hw_claim_clear
 .text.next_striped_spin_lock_num
                0x200023d0       0x18 CMakeFiles/LogicAnalyzer.dir/home/frohro/Projects/pico-sdk/src/rp2_common/hardware_sync/sync.c.o
                0x200023d0                next_striped_spin_lock_num
 .text.spin_lock_claim_unused
                0x200023e8       0x20 CMakeFiles/LogicAnalyzer.dir/home/frohro/Projects/pico-sdk/src/rp2_common/hardware_sync/sync.c.o
                0x200023e8                spin_lock_claim_unused
 .text.spinlock_set_extexclall
                0x20002408       0x10 CMakeFiles/LogicAnalyzer.dir/home/frohro/Projects/pico-sdk/src/rp2_common/hardware_sync_spin_lock/sync_spin_lock.c.o
 .text.spin_locks_reset
                0x20002418       0x18 CMakeFiles/LogicAnalyzer.dir/home/frohro/Projects/pico-sdk/src/rp2_common/hardware_sync_spin_lock/sync_spin_lock.c.o
                0x20002418                spin_locks_reset
 .text.runtime_init_per_core_irq_priorities
                0x20002430       0x40 CMakeFiles/LogicAnalyzer.dir/home/frohro/Projects/pico-sdk/src/rp2_common/hardware_irq/irq.c.o
                0x20002430                runtime_init_per_core_irq_priorities
 .text.irq_set_enabled
                0x20002470       0x2c CMakeFiles/LogicAnalyzer.dir/home/frohro/Projects/pico-sdk/src/rp2_common/hardware_irq/irq.c.o
                0x20002470                irq_set_enabled
 .text.irq_is_enabled
                0x2000249c       0x20 CMakeFiles/LogicAnalyzer.dir/home/frohro/Projects/pico-sdk/src/rp2_common/hardware_irq/irq.c.o
                0x2000249c                irq_is_enabled
 .text.irq_set_pending
                0x200024bc       0x18 CMakeFiles/LogicAnalyzer.dir/home/frohro/Projects/pico-sdk/src/rp2_common/hardware_irq/irq.c.o
                0x200024bc                irq_set_pending
 .text.irq_has_shared_handler
                0x200024d4       0x20 CMakeFiles/LogicAnalyzer.dir/home/frohro/Projects/pico-sdk/src/rp2_common/hardware_irq/irq.c.o
                0x200024d4                irq_has_shared_handler
 .text.irq_set_exclusive_handler
                0x200024f4       0x60 CMakeFiles/LogicAnalyzer.dir/home/frohro/Projects/pico-sdk/src/rp2_common/hardware_irq/irq.c.o
                0x200024f4                irq_set_exclusive_handler
 .text.irq_add_shared_handler
                0x20002554      0x1e8 CMakeFiles/LogicAnalyzer.dir/home/frohro/Projects/pico-sdk/src/rp2_common/hardware_irq/irq.c.o
                0x20002554                irq_add_shared_handler
 .text.irq_remove_handler
                0x2000273c      0x1f4 CMakeFiles/LogicAnalyzer.dir/home/frohro/Projects/pico-sdk/src/rp2_common/hardware_irq/irq.c.o
                0x2000273c                irq_remove_handler
 .text.irq_set_priority
                0x20002930       0x28 CMakeFiles/LogicAnalyzer.dir/home/frohro/Projects/pico-sdk/src/rp2_common/hardware_irq/irq.c.o
                0x20002930                irq_set_priority
 .text.irq_add_tail_to_free_list
                0x20002958       0xbc CMakeFiles/LogicAnalyzer.dir/home/frohro/Projects/pico-sdk/src/rp2_common/hardware_irq/irq.c.o
                0x20002958                irq_add_tail_to_free_list
 .text.user_irq_claim_unused
                0x20002a14       0x28 CMakeFiles/LogicAnalyzer.dir/home/frohro/Projects/pico-sdk/src/rp2_common/hardware_irq/irq.c.o
                0x20002a14                user_irq_claim_unused
 .text.lock_init
                0x20002a3c        0xc CMakeFiles/LogicAnalyzer.dir/home/frohro/Projects/pico-sdk/src/common/pico_sync/lock_core.c.o
                0x20002a3c                lock_init
 .text.runtime_init_mutex
                0x20002a48       0x4c CMakeFiles/LogicAnalyzer.dir/home/frohro/Projects/pico-sdk/src/common/pico_sync/mutex.c.o
                0x20002a48                runtime_init_mutex
 .text.mutex_init
                0x20002a94       0x1c CMakeFiles/LogicAnalyzer.dir/home/frohro/Projects/pico-sdk/src/common/pico_sync/mutex.c.o
                0x20002a94                mutex_init
 .text.critical_section_init
                0x20002ab0       0x1c CMakeFiles/LogicAnalyzer.dir/home/frohro/Projects/pico-sdk/src/common/pico_sync/critical_section.c.o
                0x20002ab0                critical_section_init
 .text.critical_section_init_with_lock_num
                0x20002acc       0x10 CMakeFiles/LogicAnalyzer.dir/home/frohro/Projects/pico-sdk/src/common/pico_sync/critical_section.c.o
                0x20002acc                critical_section_init_with_lock_num
 .text.sleep_until_callback
                0x20002adc       0x3c CMakeFiles/LogicAnalyzer.dir/home/frohro/Projects/pico-sdk/src/common/pico_time/time.c.o
 .text.alarm_pool_irq_handler
                0x20002b18      0x2f0 CMakeFiles/LogicAnalyzer.dir/home/frohro/Projects/pico-sdk/src/common/pico_time/time.c.o
 .text.runtime_init_default_alarm_pool
                0x20002e08      0x100 CMakeFiles/LogicAnalyzer.dir/home/frohro/Projects/pico-sdk/src/common/pico_time/time.c.o
                0x20002e08                runtime_init_default_alarm_pool
 .text.alarm_pool_get_default
                0x20002f08        0x8 CMakeFiles/LogicAnalyzer.dir/home/frohro/Projects/pico-sdk/src/common/pico_time/time.c.o
                0x20002f08                alarm_pool_get_default
 .text.alarm_pool_add_alarm_at
                0x20002f10       0xdc CMakeFiles/LogicAnalyzer.dir/home/frohro/Projects/pico-sdk/src/common/pico_time/time.c.o
                0x20002f10                alarm_pool_add_alarm_at
 .text.alarm_pool_add_alarm_at_force_in_context
                0x20002fec       0xc8 CMakeFiles/LogicAnalyzer.dir/home/frohro/Projects/pico-sdk/src/common/pico_time/time.c.o
                0x20002fec                alarm_pool_add_alarm_at_force_in_context
 .text.alarm_pool_cancel_alarm
                0x200030b4       0x80 CMakeFiles/LogicAnalyzer.dir/home/frohro/Projects/pico-sdk/src/common/pico_time/time.c.o
                0x200030b4                alarm_pool_cancel_alarm
 .text.alarm_pool_core_num
                0x20003134        0x4 CMakeFiles/LogicAnalyzer.dir/home/frohro/Projects/pico-sdk/src/common/pico_time/time.c.o
                0x20003134                alarm_pool_core_num
 .text.sleep_ms
                0x20003138       0xdc CMakeFiles/LogicAnalyzer.dir/home/frohro/Projects/pico-sdk/src/common/pico_time/time.c.o
                0x20003138                sleep_ms
 .text.best_effort_wfe_or_timeout
                0x20003214       0xd4 CMakeFiles/LogicAnalyzer.dir/home/frohro/Projects/pico-sdk/src/common/pico_time/time.c.o
                0x20003214                best_effort_wfe_or_timeout
 .text.timer_hardware_alarm_claim
                0x200032e8       0x24 CMakeFiles/LogicAnalyzer.dir/home/frohro/Projects/pico-sdk/src/rp2_common/hardware_timer/timer.c.o
                0x200032e8                timer_hardware_alarm_claim
 .text.timer_time_us_64
                0x2000330c       0x10 CMakeFiles/LogicAnalyzer.dir/home/frohro/Projects/pico-sdk/src/rp2_common/hardware_timer/timer.c.o
                0x2000330c                timer_time_us_64
 .text.time_us_64
                0x2000331c       0x14 CMakeFiles/LogicAnalyzer.dir/home/frohro/Projects/pico-sdk/src/rp2_common/hardware_timer/timer.c.o
                0x2000331c                time_us_64
 .text.busy_wait_us
                0x20003330       0x5c CMakeFiles/LogicAnalyzer.dir/home/frohro/Projects/pico-sdk/src/rp2_common/hardware_timer/timer.c.o
                0x20003330                busy_wait_us
 .text.busy_wait_ms
                0x2000338c       0x88 CMakeFiles/LogicAnalyzer.dir/home/frohro/Projects/pico-sdk/src/rp2_common/hardware_timer/timer.c.o
                0x2000338c                busy_wait_ms
 .text.busy_wait_until
                0x20003414       0x24 CMakeFiles/LogicAnalyzer.dir/home/frohro/Projects/pico-sdk/src/rp2_common/hardware_timer/timer.c.o
                0x20003414                busy_wait_until
 .text.clock_configure_undivided
                0x20003438       0xd0 CMakeFiles/LogicAnalyzer.dir/home/frohro/Projects/pico-sdk/src/rp2_common/hardware_clocks/clocks.c.o
                0x20003438                clock_configure_undivided
 .text.clock_get_hz
                0x20003508        0xc CMakeFiles/LogicAnalyzer.dir/home/frohro/Projects/pico-sdk/src/rp2_common/hardware_clocks/clocks.c.o
                0x20003508                clock_get_hz
 .text.set_sys_clock_pll
                0x20003514      0x184 CMakeFiles/LogicAnalyzer.dir/home/frohro/Projects/pico-sdk/src/rp2_common/hardware_clocks/clocks.c.o
                0x20003514                set_sys_clock_pll
 .text.check_sys_clock_khz
                0x20003698      0x19c CMakeFiles/LogicAnalyzer.dir/home/frohro/Projects/pico-sdk/src/rp2_common/hardware_clocks/clocks.c.o
                0x20003698                check_sys_clock_khz
 .text.pll_init
                0x20003834       0x8c CMakeFiles/LogicAnalyzer.dir/home/frohro/Projects/pico-sdk/src/rp2_common/hardware_pll/pll.c.o
                0x20003834                pll_init
 .text.vreg_set_voltage
                0x200038c0       0x44 CMakeFiles/LogicAnalyzer.dir/home/frohro/Projects/pico-sdk/src/rp2_common/hardware_vreg/vreg.c.o
                0x200038c0                vreg_set_voltage
 .text.vreg_disable_voltage_limit
                0x20003904       0x10 CMakeFiles/LogicAnalyzer.dir/home/frohro/Projects/pico-sdk/src/rp2_common/hardware_vreg/vreg.c.o
                0x20003904                vreg_disable_voltage_limit
 .text.watchdog_reboot
                0x20003914       0x98 CMakeFiles/LogicAnalyzer.dir/home/frohro/Projects/pico-sdk/src/rp2_common/hardware_watchdog/watchdog.c.o
                0x20003914                watchdog_reboot
 .text.tick_start
                0x200039ac       0x18 CMakeFiles/LogicAnalyzer.dir/home/frohro/Projects/pico-sdk/src/rp2_common/hardware_ticks/ticks.c.o
                0x200039ac                tick_start
 .text.rom_reboot.constprop.0.isra.0
                0x200039c4       0x34 CMakeFiles/LogicAnalyzer.dir/home/frohro/Projects/pico-sdk/src/rp2_common/pico_bootrom/bootrom.c.o
 .text.rom_func_lookup
                0x200039f8       0x18 CMakeFiles/LogicAnalyzer.dir/home/frohro/Projects/pico-sdk/src/rp2_common/pico_bootrom/bootrom.c.o
                0x200039f8                rom_func_lookup
 .text.rom_reset_usb_boot
                0x20003a10       0x1c CMakeFiles/LogicAnalyzer.dir/home/frohro/Projects/pico-sdk/src/rp2_common/pico_bootrom/bootrom.c.o
                0x20003a10                rom_reset_usb_boot
 .text.rom_reset_usb_boot_extra
                0x20003a2c       0x1c CMakeFiles/LogicAnalyzer.dir/home/frohro/Projects/pico-sdk/src/rp2_common/pico_bootrom/bootrom.c.o
                0x20003a2c                rom_reset_usb_boot_extra
 .text.runtime_init_bootrom_locking_enable
                0x20003a48       0x14 CMakeFiles/LogicAnalyzer.dir/home/frohro/Projects/pico-sdk/src/rp2_common/pico_bootrom/bootrom_lock.c.o
                0x20003a48                runtime_init_bootrom_locking_enable
 .text.runtime_init_boot_locks_reset
                0x20003a5c       0x1c CMakeFiles/LogicAnalyzer.dir/home/frohro/Projects/pico-sdk/src/rp2_common/hardware_boot_lock/boot_lock.c.o
                0x20003a5c                runtime_init_boot_locks_reset
 .text.xosc_init
                0x20003a78       0x30 CMakeFiles/LogicAnalyzer.dir/home/frohro/Projects/pico-sdk/src/rp2_common/hardware_xosc/xosc.c.o
                0x20003a78                xosc_init
 .text.first_per_core_initializer
                0x20003aa8        0x4 CMakeFiles/LogicAnalyzer.dir/home/frohro/Projects/pico-sdk/src/rp2_common/pico_runtime/runtime.c.o
 .text.hard_assertion_failure
                0x20003aac        0xc CMakeFiles/LogicAnalyzer.dir/home/frohro/Projects/pico-sdk/src/rp2_common/pico_runtime/runtime.c.o
                0x20003aac                hard_assertion_failure
 .text.runtime_run_initializers
                0x20003ab8       0x20 CMakeFiles/LogicAnalyzer.dir/home/frohro/Projects/pico-sdk/src/rp2_common/pico_runtime/runtime.c.o
                0x20003ab8                runtime_run_initializers
 .text.runtime_init_early_resets
                0x20003ad8       0x34 CMakeFiles/LogicAnalyzer.dir/home/frohro/Projects/pico-sdk/src/rp2_common/pico_runtime_init/runtime_init.c.o
                0x20003ad8                runtime_init_early_resets
 .text.runtime_init_usb_power_down
                0x20003b0c       0x1c CMakeFiles/LogicAnalyzer.dir/home/frohro/Projects/pico-sdk/src/rp2_common/pico_runtime_init/runtime_init.c.o
                0x20003b0c                runtime_init_usb_power_down
 .text.runtime_init_per_core_enable_coprocessors
                0x20003b28       0x1c CMakeFiles/LogicAnalyzer.dir/home/frohro/Projects/pico-sdk/src/rp2_common/pico_runtime_init/runtime_init.c.o
                0x20003b28                runtime_init_per_core_enable_coprocessors
 .text.runtime_init_post_clock_resets
                0x20003b44       0x20 CMakeFiles/LogicAnalyzer.dir/home/frohro/Projects/pico-sdk/src/rp2_common/pico_runtime_init/runtime_init.c.o
                0x20003b44                runtime_init_post_clock_resets
 .text.runtime_init_bootrom_reset
                0x20003b64       0x14 CMakeFiles/LogicAnalyzer.dir/home/frohro/Projects/pico-sdk/src/rp2_common/pico_runtime_init/runtime_init.c.o
                0x20003b64                runtime_init_bootrom_reset
 .text.runtime_init_per_core_bootrom_reset
                0x20003b78       0x14 CMakeFiles/LogicAnalyzer.dir/home/frohro/Projects/pico-sdk/src/rp2_common/pico_runtime_init/runtime_init.c.o
                0x20003b78                runtime_init_per_core_bootrom_reset
 .text.runtime_init_spin_locks_reset
                0x20003b8c        0x4 CMakeFiles/LogicAnalyzer.dir/home/frohro/Projects/pico-sdk/src/rp2_common/pico_runtime_init/runtime_init.c.o
                0x20003b8c                runtime_init_spin_locks_reset
 .text.runtime_init_install_ram_vector_table
                0x20003b90       0x68 CMakeFiles/LogicAnalyzer.dir/home/frohro/Projects/pico-sdk/src/rp2_common/pico_runtime_init/runtime_init.c.o
                0x20003b90                runtime_init_install_ram_vector_table
 .text.runtime_init_clocks
                0x20003bf8       0xdc CMakeFiles/LogicAnalyzer.dir/home/frohro/Projects/pico-sdk/src/rp2_common/pico_runtime_init/runtime_init_clocks.c.o
                0x20003bf8                runtime_init_clocks
 .text.__rp2350_dcp_engaged_state_save_restore
                0x20003cd4       0x3a CMakeFiles/LogicAnalyzer.dir/home/frohro/Projects/pico-sdk/src/rp2_common/pico_double/double_aeabi_dcp.S.o
 *fill*         0x20003d0e        0x2 
 .text.__wrap___aeabi_dadd
                0x20003d10       0x28 CMakeFiles/LogicAnalyzer.dir/home/frohro/Projects/pico-sdk/src/rp2_common/pico_double/double_aeabi_dcp.S.o
                0x20003d18                __wrap___aeabi_dadd
 .text.__wrap___aeabi_dsub
                0x20003d38       0x28 CMakeFiles/LogicAnalyzer.dir/home/frohro/Projects/pico-sdk/src/rp2_common/pico_double/double_aeabi_dcp.S.o
                0x20003d40                __wrap___aeabi_dsub
 .text.__wrap___aeabi_dmul
                0x20003d60       0x4c CMakeFiles/LogicAnalyzer.dir/home/frohro/Projects/pico-sdk/src/rp2_common/pico_double/double_aeabi_dcp.S.o
                0x20003d68                __wrap___aeabi_dmul
 .text.__wrap___aeabi_ddiv
                0x20003dac       0x9c CMakeFiles/LogicAnalyzer.dir/home/frohro/Projects/pico-sdk/src/rp2_common/pico_double/double_aeabi_dcp.S.o
                0x20003db4                __wrap___aeabi_ddiv
 .text.__wrap___aeabi_i2d
                0x20003e48       0x24 CMakeFiles/LogicAnalyzer.dir/home/frohro/Projects/pico-sdk/src/rp2_common/pico_double/double_aeabi_dcp.S.o
                0x20003e50                __wrap___aeabi_i2d
                0x20003e50                int2double
 .text.__wrap___aeabi_ui2d
                0x20003e6c       0x24 CMakeFiles/LogicAnalyzer.dir/home/frohro/Projects/pico-sdk/src/rp2_common/pico_double/double_aeabi_dcp.S.o
                0x20003e74                __wrap___aeabi_ui2d
                0x20003e74                uint2double
 .text.__wrap___aeabi_d2iz
                0x20003e90       0x24 CMakeFiles/LogicAnalyzer.dir/home/frohro/Projects/pico-sdk/src/rp2_common/pico_double/double_aeabi_dcp.S.o
                0x20003e98                __wrap___aeabi_d2iz
                0x20003e98                double2int_z
 .text.__wrap___aeabi_d2uiz
                0x20003eb4       0x24 CMakeFiles/LogicAnalyzer.dir/home/frohro/Projects/pico-sdk/src/rp2_common/pico_double/double_aeabi_dcp.S.o
                0x20003ebc                double2uint_z
                0x20003ebc                double2uint
                0x20003ebc                __wrap___aeabi_d2uiz
 .text.__wrap___aeabi_dcmpun
                0x20003ed8       0x24 CMakeFiles/LogicAnalyzer.dir/home/frohro/Projects/pico-sdk/src/rp2_common/pico_double/double_aeabi_dcp.S.o
                0x20003ee0                __wrap___aeabi_dcmpun
 .text.__wrap___aeabi_dcmplt
                0x20003efc       0x28 CMakeFiles/LogicAnalyzer.dir/home/frohro/Projects/pico-sdk/src/rp2_common/pico_double/double_aeabi_dcp.S.o
                0x20003f04                __wrap___aeabi_dcmplt
 .text.__wrap___aeabi_dcmple
                0x20003f24       0x28 CMakeFiles/LogicAnalyzer.dir/home/frohro/Projects/pico-sdk/src/rp2_common/pico_double/double_aeabi_dcp.S.o
                0x20003f2c                __wrap___aeabi_dcmple
 .text.__wrap___aeabi_dcmpge
                0x20003f4c       0x28 CMakeFiles/LogicAnalyzer.dir/home/frohro/Projects/pico-sdk/src/rp2_common/pico_double/double_aeabi_dcp.S.o
                0x20003f54                __wrap___aeabi_dcmpge
 .text.__wrap___aeabi_dcmpgt
                0x20003f74       0x28 CMakeFiles/LogicAnalyzer.dir/home/frohro/Projects/pico-sdk/src/rp2_common/pico_double/double_aeabi_dcp.S.o
                0x20003f7c                __wrap___aeabi_dcmpgt
 .text._out_buffer
                0x20003f9c        0x8 CMakeFiles/LogicAnalyzer.dir/home/frohro/Projects/pico-sdk/src/rp2_common/pico_printf/printf.c.o
 .text._out_null
                0x20003fa4        0x4 CMakeFiles/LogicAnalyzer.dir/home/frohro/Projects/pico-sdk/src/rp2_common/pico_printf/printf.c.o
 .text._out_rev
                0x20003fa8       0x9c CMakeFiles/LogicAnalyzer.dir/home/frohro/Projects/pico-sdk/src/rp2_common/pico_printf/printf.c.o
 .text._ntoa_format
                0x20004044      0x1d4 CMakeFiles/LogicAnalyzer.dir/home/frohro/Projects/pico-sdk/src/rp2_common/pico_printf/printf.c.o
 .text._out_char
                0x20004218        0x8 CMakeFiles/LogicAnalyzer.dir/home/frohro/Projects/pico-sdk/src/rp2_common/pico_printf/printf.c.o
 .text._out_fct
                0x20004220        0xc CMakeFiles/LogicAnalyzer.dir/home/frohro/Projects/pico-sdk/src/rp2_common/pico_printf/printf.c.o
 *fill*         0x2000422c        0x4 
 .text._ftoa    0x20004230      0x4bc CMakeFiles/LogicAnalyzer.dir/home/frohro/Projects/pico-sdk/src/rp2_common/pico_printf/printf.c.o
 *fill*         0x200046ec        0x4 
 .text._etoa    0x200046f0      0x574 CMakeFiles/LogicAnalyzer.dir/home/frohro/Projects/pico-sdk/src/rp2_common/pico_printf/printf.c.o
 .text._vsnprintf
                0x20004c64      0x9e4 CMakeFiles/LogicAnalyzer.dir/home/frohro/Projects/pico-sdk/src/rp2_common/pico_printf/printf.c.o
 .text.__wrap_sprintf
                0x20005648       0x2c CMakeFiles/LogicAnalyzer.dir/home/frohro/Projects/pico-sdk/src/rp2_common/pico_printf/printf.c.o
                0x20005648                __wrap_sprintf
 .text.vfctprintf
                0x20005674       0x28 CMakeFiles/LogicAnalyzer.dir/home/frohro/Projects/pico-sdk/src/rp2_common/pico_printf/printf.c.o
                0x20005674                vfctprintf
 .text.weak_raw_vprintf
                0x2000569c       0x30 CMakeFiles/LogicAnalyzer.dir/home/frohro/Projects/pico-sdk/src/rp2_common/pico_printf/printf.c.o
                0x2000569c                weak_raw_vprintf
 .text._exit    0x200056cc        0x4 CMakeFiles/LogicAnalyzer.dir/home/frohro/Projects/pico-sdk/src/rp2_common/pico_clib_interface/newlib_interface.c.o
                0x200056cc                _exit
 .text.exit     0x200056d0        0x8 CMakeFiles/LogicAnalyzer.dir/home/frohro/Projects/pico-sdk/src/rp2_common/pico_clib_interface/newlib_interface.c.o
                0x200056d0                exit
 .text.runtime_init
                0x200056d8       0x24 CMakeFiles/LogicAnalyzer.dir/home/frohro/Projects/pico-sdk/src/rp2_common/pico_clib_interface/newlib_interface.c.o
                0x200056d8                runtime_init
 .text.stdio_out_chars_no_crlf
                0x200056fc        0x8 CMakeFiles/LogicAnalyzer.dir/home/frohro/Projects/pico-sdk/src/rp2_common/pico_stdio/stdio.c.o
 .text.stdio_out_chars_crlf
                0x20005704       0xb0 CMakeFiles/LogicAnalyzer.dir/home/frohro/Projects/pico-sdk/src/rp2_common/pico_stdio/stdio.c.o
 .text.stdio_buffered_printer
                0x200057b4       0x60 CMakeFiles/LogicAnalyzer.dir/home/frohro/Projects/pico-sdk/src/rp2_common/pico_stdio/stdio.c.o
 .text.stdio_put_string
                0x20005814       0xec CMakeFiles/LogicAnalyzer.dir/home/frohro/Projects/pico-sdk/src/rp2_common/pico_stdio/stdio.c.o
                0x20005814                stdio_put_string
 .text.stdio_set_driver_enabled
                0x20005900       0x28 CMakeFiles/LogicAnalyzer.dir/home/frohro/Projects/pico-sdk/src/rp2_common/pico_stdio/stdio.c.o
                0x20005900                stdio_set_driver_enabled
 .text.stdio_init_all
                0x20005928        0x4 CMakeFiles/LogicAnalyzer.dir/home/frohro/Projects/pico-sdk/src/rp2_common/pico_stdio/stdio.c.o
                0x20005928                stdio_init_all
 .text.stdio_getchar_timeout_us
                0x2000592c       0x8c CMakeFiles/LogicAnalyzer.dir/home/frohro/Projects/pico-sdk/src/rp2_common/pico_stdio/stdio.c.o
                0x2000592c                stdio_getchar_timeout_us
 .text.__wrap_putchar
                0x200059b8       0x84 CMakeFiles/LogicAnalyzer.dir/home/frohro/Projects/pico-sdk/src/rp2_common/pico_stdio/stdio.c.o
                0x200059b8                stdio_putchar
                0x200059b8                __wrap_putchar
 .text.__wrap_puts
                0x20005a3c       0x3c CMakeFiles/LogicAnalyzer.dir/home/frohro/Projects/pico-sdk/src/rp2_common/pico_stdio/stdio.c.o
                0x20005a3c                __wrap_puts
                0x20005a3c                stdio_puts
 .text.__wrap_vprintf
                0x20005a78       0xc4 CMakeFiles/LogicAnalyzer.dir/home/frohro/Projects/pico-sdk/src/rp2_common/pico_stdio/stdio.c.o
                0x20005a78                __wrap_vprintf
                0x20005a78                stdio_vprintf
 .text.__wrap_printf
                0x20005b3c       0x1c CMakeFiles/LogicAnalyzer.dir/home/frohro/Projects/pico-sdk/src/rp2_common/pico_stdio/stdio.c.o
                0x20005b3c                stdio_printf
                0x20005b3c                __wrap_printf
 .text.resetd_init
                0x20005b58        0x4 CMakeFiles/LogicAnalyzer.dir/home/frohro/Projects/pico-sdk/src/rp2_common/pico_stdio_usb/reset_interface.c.o
 .text.resetd_reset
                0x20005b5c        0xc CMakeFiles/LogicAnalyzer.dir/home/frohro/Projects/pico-sdk/src/rp2_common/pico_stdio_usb/reset_interface.c.o
 .text.resetd_open
                0x20005b68       0x28 CMakeFiles/LogicAnalyzer.dir/home/frohro/Projects/pico-sdk/src/rp2_common/pico_stdio_usb/reset_interface.c.o
 .text.resetd_xfer_cb
                0x20005b90        0x4 CMakeFiles/LogicAnalyzer.dir/home/frohro/Projects/pico-sdk/src/rp2_common/pico_stdio_usb/reset_interface.c.o
 .text.resetd_control_xfer_cb
                0x20005b94       0x4c CMakeFiles/LogicAnalyzer.dir/home/frohro/Projects/pico-sdk/src/rp2_common/pico_stdio_usb/reset_interface.c.o
 .text.tud_descriptor_bos_cb
                0x20005be0        0x8 CMakeFiles/LogicAnalyzer.dir/home/frohro/Projects/pico-sdk/src/rp2_common/pico_stdio_usb/reset_interface.c.o
                0x20005be0                tud_descriptor_bos_cb
 .text.tud_vendor_control_xfer_cb
                0x20005be8       0x24 CMakeFiles/LogicAnalyzer.dir/home/frohro/Projects/pico-sdk/src/rp2_common/pico_stdio_usb/reset_interface.c.o
                0x20005be8                tud_vendor_control_xfer_cb
 .text.usbd_app_driver_get_cb
                0x20005c0c       0x10 CMakeFiles/LogicAnalyzer.dir/home/frohro/Projects/pico-sdk/src/rp2_common/pico_stdio_usb/reset_interface.c.o
                0x20005c0c                usbd_app_driver_get_cb
 .text.tud_cdc_line_coding_cb
                0x20005c1c       0x18 CMakeFiles/LogicAnalyzer.dir/home/frohro/Projects/pico-sdk/src/rp2_common/pico_stdio_usb/reset_interface.c.o
                0x20005c1c                tud_cdc_line_coding_cb
 .text.stdio_usb_set_chars_available_callback
                0x20005c34       0x14 CMakeFiles/LogicAnalyzer.dir/home/frohro/Projects/pico-sdk/src/rp2_common/pico_stdio_usb/stdio_usb.c.o
                0x20005c34                stdio_usb_set_chars_available_callback
 .text.timer_task
                0x20005c48       0x70 CMakeFiles/LogicAnalyzer.dir/home/frohro/Projects/pico-sdk/src/rp2_common/pico_stdio_usb/stdio_usb.c.o
 .text.usb_irq  0x20005cb8        0xc CMakeFiles/LogicAnalyzer.dir/home/frohro/Projects/pico-sdk/src/rp2_common/pico_stdio_usb/stdio_usb.c.o
 .text.stdio_usb_in_chars
                0x20005cc4       0x84 CMakeFiles/LogicAnalyzer.dir/home/frohro/Projects/pico-sdk/src/rp2_common/pico_stdio_usb/stdio_usb.c.o
                0x20005cc4                stdio_usb_in_chars
 .text.stdio_usb_out_flush
                0x20005d48       0x4c CMakeFiles/LogicAnalyzer.dir/home/frohro/Projects/pico-sdk/src/rp2_common/pico_stdio_usb/stdio_usb.c.o
 .text.stdio_usb_out_chars
                0x20005d94       0xe8 CMakeFiles/LogicAnalyzer.dir/home/frohro/Projects/pico-sdk/src/rp2_common/pico_stdio_usb/stdio_usb.c.o
 .text.low_priority_worker_irq
                0x20005e7c       0xd0 CMakeFiles/LogicAnalyzer.dir/home/frohro/Projects/pico-sdk/src/rp2_common/pico_stdio_usb/stdio_usb.c.o
 .text.stdio_usb_init
                0x20005f4c       0xe4 CMakeFiles/LogicAnalyzer.dir/home/frohro/Projects/pico-sdk/src/rp2_common/pico_stdio_usb/stdio_usb.c.o
                0x20005f4c                stdio_usb_init
 .text.tud_descriptor_device_cb
                0x20006030        0x8 CMakeFiles/LogicAnalyzer.dir/home/frohro/Projects/pico-sdk/src/rp2_common/pico_stdio_usb/stdio_usb_descriptors.c.o
                0x20006030                tud_descriptor_device_cb
 .text.tud_descriptor_configuration_cb
                0x20006038        0x8 CMakeFiles/LogicAnalyzer.dir/home/frohro/Projects/pico-sdk/src/rp2_common/pico_stdio_usb/stdio_usb_descriptors.c.o
                0x20006038                tud_descriptor_configuration_cb
 .text.tud_descriptor_string_cb
                0x20006040       0x70 CMakeFiles/LogicAnalyzer.dir/home/frohro/Projects/pico-sdk/src/rp2_common/pico_stdio_usb/stdio_usb_descriptors.c.o
                0x20006040                tud_descriptor_string_cb
 .text.startup._retrieve_unique_id_on_boot
                0x200060b0       0x30 CMakeFiles/LogicAnalyzer.dir/home/frohro/Projects/pico-sdk/src/rp2_common/pico_unique_id/unique_id.c.o
 .text.pico_get_unique_board_id
                0x200060e0       0x10 CMakeFiles/LogicAnalyzer.dir/home/frohro/Projects/pico-sdk/src/rp2_common/pico_unique_id/unique_id.c.o
                0x200060e0                pico_get_unique_board_id
 .text.pico_get_unique_board_id_string
                0x200060f0      0x184 CMakeFiles/LogicAnalyzer.dir/home/frohro/Projects/pico-sdk/src/rp2_common/pico_unique_id/unique_id.c.o
                0x200060f0                pico_get_unique_board_id_string
 .text.dcd_rp2040_irq
                0x20006274      0x19c CMakeFiles/LogicAnalyzer.dir/home/frohro/Projects/pico-sdk/lib/tinyusb/src/portable/raspberrypi/rp2040/dcd_rp2040.c.o
 .text.dcd_int_enable
                0x20006410        0x8 CMakeFiles/LogicAnalyzer.dir/home/frohro/Projects/pico-sdk/lib/tinyusb/src/portable/raspberrypi/rp2040/dcd_rp2040.c.o
                0x20006410                dcd_int_enable
 .text.dcd_set_address
                0x20006418       0x10 CMakeFiles/LogicAnalyzer.dir/home/frohro/Projects/pico-sdk/lib/tinyusb/src/portable/raspberrypi/rp2040/dcd_rp2040.c.o
                0x20006418                dcd_set_address
 .text.dcd_connect
                0x20006428       0x10 CMakeFiles/LogicAnalyzer.dir/home/frohro/Projects/pico-sdk/lib/tinyusb/src/portable/raspberrypi/rp2040/dcd_rp2040.c.o
                0x20006428                dcd_connect
 .text.dcd_init
                0x20006438       0xdc CMakeFiles/LogicAnalyzer.dir/home/frohro/Projects/pico-sdk/lib/tinyusb/src/portable/raspberrypi/rp2040/dcd_rp2040.c.o
                0x20006438                dcd_init
 .text.dcd_edpt0_status_complete
                0x20006514       0x1c CMakeFiles/LogicAnalyzer.dir/home/frohro/Projects/pico-sdk/lib/tinyusb/src/portable/raspberrypi/rp2040/dcd_rp2040.c.o
                0x20006514                dcd_edpt0_status_complete
 .text.dcd_edpt_open
                0x20006530       0xec CMakeFiles/LogicAnalyzer.dir/home/frohro/Projects/pico-sdk/lib/tinyusb/src/portable/raspberrypi/rp2040/dcd_rp2040.c.o
                0x20006530                dcd_edpt_open
 .text.dcd_edpt_close_all
                0x2000661c       0x64 CMakeFiles/LogicAnalyzer.dir/home/frohro/Projects/pico-sdk/lib/tinyusb/src/portable/raspberrypi/rp2040/dcd_rp2040.c.o
                0x2000661c                dcd_edpt_close_all
 .text.dcd_edpt_xfer
                0x20006680       0x28 CMakeFiles/LogicAnalyzer.dir/home/frohro/Projects/pico-sdk/lib/tinyusb/src/portable/raspberrypi/rp2040/dcd_rp2040.c.o
                0x20006680                dcd_edpt_xfer
 .text.dcd_edpt_stall
                0x200066a8       0x30 CMakeFiles/LogicAnalyzer.dir/home/frohro/Projects/pico-sdk/lib/tinyusb/src/portable/raspberrypi/rp2040/dcd_rp2040.c.o
                0x200066a8                dcd_edpt_stall
 .text.dcd_edpt_clear_stall
                0x200066d8       0x24 CMakeFiles/LogicAnalyzer.dir/home/frohro/Projects/pico-sdk/lib/tinyusb/src/portable/raspberrypi/rp2040/dcd_rp2040.c.o
                0x200066d8                dcd_edpt_clear_stall
 .text._hw_endpoint_buffer_control_update32.part.0.isra.0
                0x200066fc       0x20 CMakeFiles/LogicAnalyzer.dir/home/frohro/Projects/pico-sdk/lib/tinyusb/src/portable/raspberrypi/rp2040/rp2040_usb.c.o
 .text.rp2040_usb_init
                0x2000671c       0x50 CMakeFiles/LogicAnalyzer.dir/home/frohro/Projects/pico-sdk/lib/tinyusb/src/portable/raspberrypi/rp2040/rp2040_usb.c.o
                0x2000671c                rp2040_usb_init
 .text.hw_endpoint_reset_transfer
                0x2000676c        0xc CMakeFiles/LogicAnalyzer.dir/home/frohro/Projects/pico-sdk/lib/tinyusb/src/portable/raspberrypi/rp2040/rp2040_usb.c.o
                0x2000676c                hw_endpoint_reset_transfer
 .text._hw_endpoint_buffer_control_update32
                0x20006778       0x38 CMakeFiles/LogicAnalyzer.dir/home/frohro/Projects/pico-sdk/lib/tinyusb/src/portable/raspberrypi/rp2040/rp2040_usb.c.o
                0x20006778                _hw_endpoint_buffer_control_update32
 .text.hw_endpoint_xfer_start
                0x200067b0      0x110 CMakeFiles/LogicAnalyzer.dir/home/frohro/Projects/pico-sdk/lib/tinyusb/src/portable/raspberrypi/rp2040/rp2040_usb.c.o
                0x200067b0                hw_endpoint_xfer_start
 .text.hw_endpoint_xfer_continue
                0x200068c0      0x1b4 CMakeFiles/LogicAnalyzer.dir/home/frohro/Projects/pico-sdk/lib/tinyusb/src/portable/raspberrypi/rp2040/rp2040_usb.c.o
                0x200068c0                hw_endpoint_xfer_continue
 .text.tud_mounted
                0x20006a74       0x10 CMakeFiles/LogicAnalyzer.dir/home/frohro/Projects/pico-sdk/lib/tinyusb/src/device/usbd.c.o
                0x20006a74                tud_mounted
 .text.tud_suspended
                0x20006a84       0x10 CMakeFiles/LogicAnalyzer.dir/home/frohro/Projects/pico-sdk/lib/tinyusb/src/device/usbd.c.o
                0x20006a84                tud_suspended
 .text.tud_inited
                0x20006a94        0xc CMakeFiles/LogicAnalyzer.dir/home/frohro/Projects/pico-sdk/lib/tinyusb/src/device/usbd.c.o
                0x20006a94                tud_inited
 .text.tud_init
                0x20006aa0       0xdc CMakeFiles/LogicAnalyzer.dir/home/frohro/Projects/pico-sdk/lib/tinyusb/src/device/usbd.c.o
                0x20006aa0                tud_init
 .text.tud_task
                0x20006b7c      0x97c CMakeFiles/LogicAnalyzer.dir/home/frohro/Projects/pico-sdk/lib/tinyusb/src/device/usbd.c.o
                0x20006b7c                tud_task
 .text.dcd_event_bus_signal
                0x200074f8      0x16c CMakeFiles/LogicAnalyzer.dir/home/frohro/Projects/pico-sdk/lib/tinyusb/src/device/usbd.c.o
                0x200074f8                dcd_event_bus_signal
 .text.dcd_event_bus_reset
                0x20007664       0x60 CMakeFiles/LogicAnalyzer.dir/home/frohro/Projects/pico-sdk/lib/tinyusb/src/device/usbd.c.o
                0x20007664                dcd_event_bus_reset
 .text.dcd_event_setup_received
                0x200076c4       0x60 CMakeFiles/LogicAnalyzer.dir/home/frohro/Projects/pico-sdk/lib/tinyusb/src/device/usbd.c.o
                0x200076c4                dcd_event_setup_received
 .text.dcd_event_xfer_complete
                0x20007724       0x64 CMakeFiles/LogicAnalyzer.dir/home/frohro/Projects/pico-sdk/lib/tinyusb/src/device/usbd.c.o
                0x20007724                dcd_event_xfer_complete
 .text.usbd_open_edpt_pair
                0x20007788       0x74 CMakeFiles/LogicAnalyzer.dir/home/frohro/Projects/pico-sdk/lib/tinyusb/src/device/usbd.c.o
                0x20007788                usbd_open_edpt_pair
 .text.usbd_edpt_open
                0x200077fc       0x30 CMakeFiles/LogicAnalyzer.dir/home/frohro/Projects/pico-sdk/lib/tinyusb/src/device/usbd.c.o
                0x200077fc                usbd_edpt_open
 .text.usbd_edpt_claim
                0x2000782c       0x70 CMakeFiles/LogicAnalyzer.dir/home/frohro/Projects/pico-sdk/lib/tinyusb/src/device/usbd.c.o
                0x2000782c                usbd_edpt_claim
 .text.usbd_edpt_release
                0x2000789c       0x5c CMakeFiles/LogicAnalyzer.dir/home/frohro/Projects/pico-sdk/lib/tinyusb/src/device/usbd.c.o
                0x2000789c                usbd_edpt_release
 .text.usbd_edpt_xfer
                0x200078f8       0x4c CMakeFiles/LogicAnalyzer.dir/home/frohro/Projects/pico-sdk/lib/tinyusb/src/device/usbd.c.o
                0x200078f8                usbd_edpt_xfer
 .text.usbd_edpt_busy
                0x20007944       0x1c CMakeFiles/LogicAnalyzer.dir/home/frohro/Projects/pico-sdk/lib/tinyusb/src/device/usbd.c.o
                0x20007944                usbd_edpt_busy
 .text.tud_control_status
                0x20007960       0x34 CMakeFiles/LogicAnalyzer.dir/home/frohro/Projects/pico-sdk/lib/tinyusb/src/device/usbd_control.c.o
                0x20007960                tud_control_status
 .text.tud_control_xfer
                0x20007994       0x9c CMakeFiles/LogicAnalyzer.dir/home/frohro/Projects/pico-sdk/lib/tinyusb/src/device/usbd_control.c.o
                0x20007994                tud_control_xfer
 .text.usbd_control_reset
                0x20007a30       0x14 CMakeFiles/LogicAnalyzer.dir/home/frohro/Projects/pico-sdk/lib/tinyusb/src/device/usbd_control.c.o
                0x20007a30                usbd_control_reset
 .text.usbd_control_set_complete_callback
                0x20007a44        0xc CMakeFiles/LogicAnalyzer.dir/home/frohro/Projects/pico-sdk/lib/tinyusb/src/device/usbd_control.c.o
                0x20007a44                usbd_control_set_complete_callback
 .text.usbd_control_set_request
                0x20007a50       0x1c CMakeFiles/LogicAnalyzer.dir/home/frohro/Projects/pico-sdk/lib/tinyusb/src/device/usbd_control.c.o
                0x20007a50                usbd_control_set_request
 .text.usbd_control_xfer_cb
                0x20007a6c       0xf4 CMakeFiles/LogicAnalyzer.dir/home/frohro/Projects/pico-sdk/lib/tinyusb/src/device/usbd_control.c.o
                0x20007a6c                usbd_control_xfer_cb
 .text.tud_cdc_n_connected
                0x20007b60       0x2c CMakeFiles/LogicAnalyzer.dir/home/frohro/Projects/pico-sdk/lib/tinyusb/src/class/cdc/cdc_device.c.o
                0x20007b60                tud_cdc_n_connected
 .text.tud_cdc_n_available
                0x20007b8c       0x18 CMakeFiles/LogicAnalyzer.dir/home/frohro/Projects/pico-sdk/lib/tinyusb/src/class/cdc/cdc_device.c.o
                0x20007b8c                tud_cdc_n_available
 .text.tud_cdc_n_read
                0x20007ba4       0x74 CMakeFiles/LogicAnalyzer.dir/home/frohro/Projects/pico-sdk/lib/tinyusb/src/class/cdc/cdc_device.c.o
                0x20007ba4                tud_cdc_n_read
 .text.tud_cdc_n_write_flush
                0x20007c18       0x7c CMakeFiles/LogicAnalyzer.dir/home/frohro/Projects/pico-sdk/lib/tinyusb/src/class/cdc/cdc_device.c.o
                0x20007c18                tud_cdc_n_write_flush
 .text.tud_cdc_n_write
                0x20007c94       0x38 CMakeFiles/LogicAnalyzer.dir/home/frohro/Projects/pico-sdk/lib/tinyusb/src/class/cdc/cdc_device.c.o
                0x20007c94                tud_cdc_n_write
 .text.tud_cdc_n_write_available
                0x20007ccc       0x18 CMakeFiles/LogicAnalyzer.dir/home/frohro/Projects/pico-sdk/lib/tinyusb/src/class/cdc/cdc_device.c.o
                0x20007ccc                tud_cdc_n_write_available
 .text.cdcd_init
                0x20007ce4       0x70 CMakeFiles/LogicAnalyzer.dir/home/frohro/Projects/pico-sdk/lib/tinyusb/src/class/cdc/cdc_device.c.o
                0x20007ce4                cdcd_init
 .text.cdcd_reset
                0x20007d54       0x34 CMakeFiles/LogicAnalyzer.dir/home/frohro/Projects/pico-sdk/lib/tinyusb/src/class/cdc/cdc_device.c.o
                0x20007d54                cdcd_reset
 .text.cdcd_open
                0x20007d88       0xe8 CMakeFiles/LogicAnalyzer.dir/home/frohro/Projects/pico-sdk/lib/tinyusb/src/class/cdc/cdc_device.c.o
                0x20007d88                cdcd_open
 .text.cdcd_control_xfer_cb
                0x20007e70       0xbc CMakeFiles/LogicAnalyzer.dir/home/frohro/Projects/pico-sdk/lib/tinyusb/src/class/cdc/cdc_device.c.o
                0x20007e70                cdcd_control_xfer_cb
 .text.cdcd_xfer_cb
                0x20007f2c      0x118 CMakeFiles/LogicAnalyzer.dir/home/frohro/Projects/pico-sdk/lib/tinyusb/src/class/cdc/cdc_device.c.o
                0x20007f2c                cdcd_xfer_cb
 .text.vendord_init
                0x20008044       0x64 CMakeFiles/LogicAnalyzer.dir/home/frohro/Projects/pico-sdk/lib/tinyusb/src/class/vendor/vendor_device.c.o
                0x20008044                vendord_init
 .text.vendord_reset
                0x200080a8       0x20 CMakeFiles/LogicAnalyzer.dir/home/frohro/Projects/pico-sdk/lib/tinyusb/src/class/vendor/vendor_device.c.o
                0x200080a8                vendord_reset
 .text.vendord_open
                0x200080c8       0xcc CMakeFiles/LogicAnalyzer.dir/home/frohro/Projects/pico-sdk/lib/tinyusb/src/class/vendor/vendor_device.c.o
                0x200080c8                vendord_open
 .text.vendord_xfer_cb
                0x20008194       0x8c CMakeFiles/LogicAnalyzer.dir/home/frohro/Projects/pico-sdk/lib/tinyusb/src/class/vendor/vendor_device.c.o
                0x20008194                vendord_xfer_cb
 .text.tusb_init
                0x20008220        0x8 CMakeFiles/LogicAnalyzer.dir/home/frohro/Projects/pico-sdk/lib/tinyusb/src/tusb.c.o
                0x20008220                tusb_init
 .text.tusb_inited
                0x20008228        0x4 CMakeFiles/LogicAnalyzer.dir/home/frohro/Projects/pico-sdk/lib/tinyusb/src/tusb.c.o
                0x20008228                tusb_inited
 .text.tu_edpt_validate
                0x2000822c       0x68 CMakeFiles/LogicAnalyzer.dir/home/frohro/Projects/pico-sdk/lib/tinyusb/src/tusb.c.o
                0x2000822c                tu_edpt_validate
 .text.tu_edpt_bind_driver
                0x20008294       0x4c CMakeFiles/LogicAnalyzer.dir/home/frohro/Projects/pico-sdk/lib/tinyusb/src/tusb.c.o
                0x20008294                tu_edpt_bind_driver
 .text.tu_fifo_config
                0x200082e0       0x68 CMakeFiles/LogicAnalyzer.dir/home/frohro/Projects/pico-sdk/lib/tinyusb/src/common/tusb_fifo.c.o
                0x200082e0                tu_fifo_config
 .text.tu_fifo_count
                0x20008348       0x24 CMakeFiles/LogicAnalyzer.dir/home/frohro/Projects/pico-sdk/lib/tinyusb/src/common/tusb_fifo.c.o
                0x20008348                tu_fifo_count
 .text.tu_fifo_empty
                0x2000836c       0x14 CMakeFiles/LogicAnalyzer.dir/home/frohro/Projects/pico-sdk/lib/tinyusb/src/common/tusb_fifo.c.o
                0x2000836c                tu_fifo_empty
 .text.tu_fifo_remaining
                0x20008380       0x24 CMakeFiles/LogicAnalyzer.dir/home/frohro/Projects/pico-sdk/lib/tinyusb/src/common/tusb_fifo.c.o
                0x20008380                tu_fifo_remaining
 .text.tu_fifo_read
                0x200083a4       0xa8 CMakeFiles/LogicAnalyzer.dir/home/frohro/Projects/pico-sdk/lib/tinyusb/src/common/tusb_fifo.c.o
                0x200083a4                tu_fifo_read
 .text.tu_fifo_read_n
                0x2000844c       0xf0 CMakeFiles/LogicAnalyzer.dir/home/frohro/Projects/pico-sdk/lib/tinyusb/src/common/tusb_fifo.c.o
                0x2000844c                tu_fifo_read_n
 .text.tu_fifo_write
                0x2000853c       0x8c CMakeFiles/LogicAnalyzer.dir/home/frohro/Projects/pico-sdk/lib/tinyusb/src/common/tusb_fifo.c.o
                0x2000853c                tu_fifo_write
 .text.tu_fifo_write_n
                0x200085c8       0xdc CMakeFiles/LogicAnalyzer.dir/home/frohro/Projects/pico-sdk/lib/tinyusb/src/common/tusb_fifo.c.o
                0x200085c8                tu_fifo_write_n
 .text.tu_fifo_clear
                0x200086a4       0x44 CMakeFiles/LogicAnalyzer.dir/home/frohro/Projects/pico-sdk/lib/tinyusb/src/common/tusb_fifo.c.o
                0x200086a4                tu_fifo_clear
 .text.tu_fifo_set_overwritable
                0x200086e8       0x34 CMakeFiles/LogicAnalyzer.dir/home/frohro/Projects/pico-sdk/lib/tinyusb/src/common/tusb_fifo.c.o
                0x200086e8                tu_fifo_set_overwritable
 .text.dma_channel_unclaim
                0x2000871c        0xc CMakeFiles/LogicAnalyzer.dir/home/frohro/Projects/pico-sdk/src/rp2_common/hardware_dma/dma.c.o
                0x2000871c                dma_channel_unclaim
 .text.dma_claim_unused_channel
                0x20008728       0x20 CMakeFiles/LogicAnalyzer.dir/home/frohro/Projects/pico-sdk/src/rp2_common/hardware_dma/dma.c.o
                0x20008728                dma_claim_unused_channel
 .text.pio_sm_unclaim
                0x20008748       0x1c CMakeFiles/LogicAnalyzer.dir/home/frohro/Projects/pico-sdk/src/rp2_common/hardware_pio/pio.c.o
                0x20008748                pio_sm_unclaim
 .text.pio_claim_unused_sm
                0x20008764       0x38 CMakeFiles/LogicAnalyzer.dir/home/frohro/Projects/pico-sdk/src/rp2_common/hardware_pio/pio.c.o
                0x20008764                pio_claim_unused_sm
 .text.pio_add_program
                0x2000879c       0xf4 CMakeFiles/LogicAnalyzer.dir/home/frohro/Projects/pico-sdk/src/rp2_common/hardware_pio/pio.c.o
                0x2000879c                pio_add_program
 .text.pio_remove_program
                0x20008890       0x38 CMakeFiles/LogicAnalyzer.dir/home/frohro/Projects/pico-sdk/src/rp2_common/hardware_pio/pio.c.o
                0x20008890                pio_remove_program
 .text.pio_clear_instruction_memory
                0x200088c8       0x34 CMakeFiles/LogicAnalyzer.dir/home/frohro/Projects/pico-sdk/src/rp2_common/hardware_pio/pio.c.o
                0x200088c8                pio_clear_instruction_memory
 .text.pio_sm_set_pins
                0x200088fc       0x64 CMakeFiles/LogicAnalyzer.dir/home/frohro/Projects/pico-sdk/src/rp2_common/hardware_pio/pio.c.o
                0x200088fc                pio_sm_set_pins
 .text.pio_sm_set_consecutive_pindirs
                0x20008960       0x8c CMakeFiles/LogicAnalyzer.dir/home/frohro/Projects/pico-sdk/src/rp2_common/hardware_pio/pio.c.o
                0x20008960                pio_sm_set_consecutive_pindirs
 .text.pio_sm_init
                0x200089ec       0xa8 CMakeFiles/LogicAnalyzer.dir/home/frohro/Projects/pico-sdk/src/rp2_common/hardware_pio/pio.c.o
                0x200089ec                pio_sm_init
 .text.exception_set_exclusive_handler
                0x20008a94       0x4c CMakeFiles/LogicAnalyzer.dir/home/frohro/Projects/pico-sdk/src/rp2_common/hardware_exception/exception.c.o
                0x20008a94                exception_set_exclusive_handler
 .text.exception_restore_handler
                0x20008ae0       0x3c CMakeFiles/LogicAnalyzer.dir/home/frohro/Projects/pico-sdk/src/rp2_common/hardware_exception/exception.c.o
                0x20008ae0                exception_restore_handler
 .text.startup.SystemInit
                0x20008b1c       0x14 CMakeFiles/LogicAnalyzer.dir/home/frohro/Projects/pico-sdk/src/rp2_common/cmsis/stub/CMSIS/Device/RP2350/Source/system_RP2350.c.o
                0x20008b1c                SystemInit
 .text          0x20008b30       0x30 /usr/lib/gcc/arm-none-eabi/14.2.1/thumb/v8-m.main+fp/softfp/libgcc.a(_aeabi_uldivmod.o)
                0x20008b30                __aeabi_uldivmod
 .text          0x20008b60      0x34c /usr/lib/gcc/arm-none-eabi/14.2.1/thumb/v8-m.main+fp/softfp/libgcc.a(_udivmoddi4.o)
                0x20008b60                __udivmoddi4
 .text          0x20008eac        0x4 /usr/lib/gcc/arm-none-eabi/14.2.1/thumb/v8-m.main+fp/softfp/libgcc.a(_dvmd_tls.o)
                0x20008eac                __aeabi_ldiv0
                0x20008eac                __aeabi_idiv0
 .text          0x20008eb0       0x5c /usr/lib/gcc/arm-none-eabi/14.2.1/../../../arm-none-eabi/lib/thumb/v8-m.main+fp/softfp/libg.a(libc_a-strlen-stub.o)
                0x20008eb0                strlen
 .text          0x20008f0c       0xa4 /usr/lib/gcc/arm-none-eabi/14.2.1/../../../arm-none-eabi/lib/thumb/v8-m.main+fp/softfp/libg.a(libc_a-memset.o)
                0x20008f0c                memset
 .text          0x20008fb0       0x28 /usr/lib/gcc/arm-none-eabi/14.2.1/../../../arm-none-eabi/lib/thumb/v8-m.main+fp/softfp/libg.a(libc_a-fini.o)
                0x20008fb0                __libc_fini_array
 .text          0x20008fd8        0xc /usr/lib/gcc/arm-none-eabi/14.2.1/../../../arm-none-eabi/lib/thumb/v8-m.main+fp/softfp/libg.a(libc_a-atexit.o)
                0x20008fd8                atexit
 .text          0x20008fe4       0xec /usr/lib/gcc/arm-none-eabi/14.2.1/../../../arm-none-eabi/lib/thumb/v8-m.main+fp/softfp/libg.a(libc_a-memcpy.o)
                0x20008fe4                memcpy
 .text          0x200090d0       0x64 /usr/lib/gcc/arm-none-eabi/14.2.1/../../../arm-none-eabi/lib/thumb/v8-m.main+fp/softfp/libg.a(libc_a-__atexit.o)
                0x200090d0                __register_exitproc
 .text.startup  0x20009134       0x14 /usr/lib/gcc/arm-none-eabi/14.2.1/../../../arm-none-eabi/lib/thumb/v8-m.main+fp/softfp/libg.a(libc_a-__call_atexit.o)
 *(.fini)
 .fini          0x20009148        0x4 /usr/lib/gcc/arm-none-eabi/14.2.1/thumb/v8-m.main+fp/softfp/crti.o
                0x20009148                _fini
 *crtbegin.o(.ctors)
 *crtbegin?.o(.ctors)
 *(EXCLUDE_FILE(*crtend.o *crtend?.o) .ctors)
 *(SORT_BY_NAME(.ctors.*))
 *(.ctors)
 *crtbegin.o(.dtors)
 *crtbegin?.o(.dtors)
 *(EXCLUDE_FILE(*crtend.o *crtend?.o) .dtors)
 *(SORT_BY_NAME(.dtors.*))
 *(.dtors)
 *(.eh_frame*)
 .eh_frame      0x2000914c        0x0 /usr/lib/gcc/arm-none-eabi/14.2.1/thumb/v8-m.main+fp/softfp/crtbegin.o
                0x2000914c                        . = ALIGN (0x4)
                0x2000914c                        __ram_text_end__ = .
                0x1000021c                        __ram_text_source__ = LOADADDR (.text)

.glue_7         0x2000914c        0x0 load address 0x10009258
 .glue_7        0x2000914c        0x0 linker stubs

.glue_7t        0x2000914c        0x0 load address 0x10009258
 .glue_7t       0x2000914c        0x0 linker stubs

.vfp11_veneer   0x2000914c        0x0 load address 0x10009258
 .vfp11_veneer  0x2000914c        0x0 linker stubs

.v4_bx          0x2000914c        0x0 load address 0x10009258
 .v4_bx         0x2000914c        0x0 linker stubs

.iplt           0x2000914c        0x0 load address 0x10009258
 .iplt          0x2000914c        0x0 /usr/lib/gcc/arm-none-eabi/14.2.1/thumb/v8-m.main+fp/softfp/crtbegin.o
                0x2000914c                        . = ALIGN (0x4)

.data           0x20009150      0x974 load address 0x10009258
                0x20009150                        __data_start__ = .
 *(vtable)
 *(.time_critical*)
 .time_critical.dma_handler
                0x20009150       0x4c CMakeFiles/LogicAnalyzer.dir/LogicAnalyzer_Capture.c.o
                0x20009150                dma_handler
 .time_critical.sysTickRoll
                0x2000919c       0x10 CMakeFiles/LogicAnalyzer.dir/LogicAnalyzer_Capture.c.o
                0x2000919c                sysTickRoll
 .time_critical.loopEndHandler
                0x200091ac       0x40 CMakeFiles/LogicAnalyzer.dir/LogicAnalyzer_Capture.c.o
                0x200091ac                loopEndHandler
 .time_critical.mutex_try_enter
                0x200091ec       0x50 CMakeFiles/LogicAnalyzer.dir/home/frohro/Projects/pico-sdk/src/common/pico_sync/mutex.c.o
                0x200091ec                mutex_try_enter
 .time_critical.mutex_enter_block_until
                0x2000923c       0x6c CMakeFiles/LogicAnalyzer.dir/home/frohro/Projects/pico-sdk/src/common/pico_sync/mutex.c.o
                0x2000923c                mutex_enter_block_until
 .time_critical.mutex_try_enter_block_until
                0x200092a8       0x68 CMakeFiles/LogicAnalyzer.dir/home/frohro/Projects/pico-sdk/src/common/pico_sync/mutex.c.o
                0x200092a8                mutex_try_enter_block_until
 .time_critical.mutex_enter_timeout_ms
                0x20009310       0x38 CMakeFiles/LogicAnalyzer.dir/home/frohro/Projects/pico-sdk/src/common/pico_sync/mutex.c.o
                0x20009310                mutex_enter_timeout_ms
 .time_critical.mutex_exit
                0x20009348       0x3c CMakeFiles/LogicAnalyzer.dir/home/frohro/Projects/pico-sdk/src/common/pico_sync/mutex.c.o
                0x20009348                mutex_exit
                0x20009384                        . = ALIGN (0x4)
 *(.rodata*)
 .rodata.processData.str1.4
                0x20009384      0x2b4 CMakeFiles/LogicAnalyzer.dir/LogicAnalyzer.c.o
                                 0xbd (size before relaxing)
 .rodata.main.str1.4
                0x20009638       0x32 CMakeFiles/LogicAnalyzer.dir/LogicAnalyzer.c.o
 .rodata.CSWTCH.491
                0x20009638        0xc CMakeFiles/LogicAnalyzer.dir/LogicAnalyzer_Capture.c.o
 .rodata.CSWTCH.458
                0x20009644        0xc CMakeFiles/LogicAnalyzer.dir/LogicAnalyzer_Capture.c.o
 .rodata.pinMap
                0x20009650       0x19 CMakeFiles/LogicAnalyzer.dir/LogicAnalyzer_Capture.c.o
                0x20009650                pinMap
 *fill*         0x20009669        0x3 
 .rodata.FAST_CAPTURE_program
                0x2000966c        0x8 CMakeFiles/LogicAnalyzer.dir/LogicAnalyzer_Capture.c.o
 .rodata.FAST_CAPTURE_program_instructions
                0x20009674       0x10 CMakeFiles/LogicAnalyzer.dir/LogicAnalyzer_Capture.c.o
 .rodata.COMPLEX_CAPTURE_program
                0x20009684        0x8 CMakeFiles/LogicAnalyzer.dir/LogicAnalyzer_Capture.c.o
 .rodata.COMPLEX_CAPTURE_program_instructions
                0x2000968c       0x12 CMakeFiles/LogicAnalyzer.dir/LogicAnalyzer_Capture.c.o
 *fill*         0x2000969e        0x2 
 .rodata.NEGATIVE_CAPTURE_MEASUREBURSTS_program
                0x200096a0        0x8 CMakeFiles/LogicAnalyzer.dir/LogicAnalyzer_Capture.c.o
 .rodata.NEGATIVE_CAPTURE_MEASUREBURSTS_program_instructions
                0x200096a8       0x20 CMakeFiles/LogicAnalyzer.dir/LogicAnalyzer_Capture.c.o
 .rodata.POSITIVE_CAPTURE_MEASUREBURSTS_program
                0x200096c8        0x8 CMakeFiles/LogicAnalyzer.dir/LogicAnalyzer_Capture.c.o
 .rodata.POSITIVE_CAPTURE_MEASUREBURSTS_program_instructions
                0x200096d0       0x22 CMakeFiles/LogicAnalyzer.dir/LogicAnalyzer_Capture.c.o
 *fill*         0x200096f2        0x2 
 .rodata.NEGATIVE_CAPTURE_program
                0x200096f4        0x8 CMakeFiles/LogicAnalyzer.dir/LogicAnalyzer_Capture.c.o
 .rodata.NEGATIVE_CAPTURE_program_instructions
                0x200096fc       0x1a CMakeFiles/LogicAnalyzer.dir/LogicAnalyzer_Capture.c.o
 *fill*         0x20009716        0x2 
 .rodata.POSITIVE_CAPTURE_program
                0x20009718        0x8 CMakeFiles/LogicAnalyzer.dir/LogicAnalyzer_Capture.c.o
 .rodata.POSITIVE_CAPTURE_program_instructions
                0x20009720       0x1c CMakeFiles/LogicAnalyzer.dir/LogicAnalyzer_Capture.c.o
 .rodata.BLAST_CAPTURE_program
                0x2000973c        0x8 CMakeFiles/LogicAnalyzer.dir/LogicAnalyzer_Capture.c.o
 .rodata.BLAST_CAPTURE_program_instructions
                0x20009744        0x4 CMakeFiles/LogicAnalyzer.dir/LogicAnalyzer_Capture.c.o
 .rodata.panic.str1.4
                0x20009748       0x12 CMakeFiles/LogicAnalyzer.dir/home/frohro/Projects/pico-sdk/src/rp2_common/pico_platform_panic/panic.c.o
 .rodata.spin_lock_claim_unused.str1.4
                0x20009748       0x1b CMakeFiles/LogicAnalyzer.dir/home/frohro/Projects/pico-sdk/src/rp2_common/hardware_sync/sync.c.o
 .rodata.user_irq_claim_unused.str1.4
                0x20009748       0x1b CMakeFiles/LogicAnalyzer.dir/home/frohro/Projects/pico-sdk/src/rp2_common/hardware_irq/irq.c.o
 .rodata.timer_hardware_alarm_claim.str1.4
                0x20009748       0x22 CMakeFiles/LogicAnalyzer.dir/home/frohro/Projects/pico-sdk/src/rp2_common/hardware_timer/timer.c.o
 .rodata.hard_assertion_failure.str1.4
                0x20009748        0xc CMakeFiles/LogicAnalyzer.dir/home/frohro/Projects/pico-sdk/src/rp2_common/pico_runtime/runtime.c.o
 .rodata.str1.4
                0x20009748       0x48 CMakeFiles/LogicAnalyzer.dir/home/frohro/Projects/pico-sdk/src/rp2_common/pico_standard_binary_info/standard_binary_info.c.o
 .rodata.__bi_84
                0x20009748        0xc CMakeFiles/LogicAnalyzer.dir/home/frohro/Projects/pico-sdk/src/rp2_common/pico_standard_binary_info/standard_binary_info.c.o
 .rodata.__bi_78
                0x20009754        0xc CMakeFiles/LogicAnalyzer.dir/home/frohro/Projects/pico-sdk/src/rp2_common/pico_standard_binary_info/standard_binary_info.c.o
 .rodata.__bi_60
                0x20009760        0xc CMakeFiles/LogicAnalyzer.dir/home/frohro/Projects/pico-sdk/src/rp2_common/pico_standard_binary_info/standard_binary_info.c.o
 .rodata.__bi_54
                0x2000976c        0xc CMakeFiles/LogicAnalyzer.dir/home/frohro/Projects/pico-sdk/src/rp2_common/pico_standard_binary_info/standard_binary_info.c.o
 .rodata.__bi_48
                0x20009778        0xc CMakeFiles/LogicAnalyzer.dir/home/frohro/Projects/pico-sdk/src/rp2_common/pico_standard_binary_info/standard_binary_info.c.o
 .rodata.__bi_42
                0x20009784        0xc CMakeFiles/LogicAnalyzer.dir/home/frohro/Projects/pico-sdk/src/rp2_common/pico_standard_binary_info/standard_binary_info.c.o
 .rodata.__bi_34
                0x20009790        0xc CMakeFiles/LogicAnalyzer.dir/home/frohro/Projects/pico-sdk/src/rp2_common/pico_standard_binary_info/standard_binary_info.c.o
 .rodata.__bi_26
                0x2000979c        0xc CMakeFiles/LogicAnalyzer.dir/home/frohro/Projects/pico-sdk/src/rp2_common/pico_standard_binary_info/standard_binary_info.c.o
 .rodata._ftoa.str1.4
                0x200097a8       0x15 CMakeFiles/LogicAnalyzer.dir/home/frohro/Projects/pico-sdk/src/rp2_common/pico_printf/printf.c.o
 .rodata.pow10.0
                0x200097a8       0x50 CMakeFiles/LogicAnalyzer.dir/home/frohro/Projects/pico-sdk/src/rp2_common/pico_printf/printf.c.o
 .rodata.crlf_str.0
                0x200097f8        0x2 CMakeFiles/LogicAnalyzer.dir/home/frohro/Projects/pico-sdk/src/rp2_common/pico_stdio/stdio.c.o
 *fill*         0x200097fa        0x2 
 .rodata._resetd_driver
                0x200097fc       0x18 CMakeFiles/LogicAnalyzer.dir/home/frohro/Projects/pico-sdk/src/rp2_common/pico_stdio_usb/reset_interface.c.o
 .rodata.desc_ms_os_20
                0x20009814       0xa6 CMakeFiles/LogicAnalyzer.dir/home/frohro/Projects/pico-sdk/src/rp2_common/pico_stdio_usb/reset_interface.c.o
 *fill*         0x200098ba        0x2 
 .rodata.desc_bos
                0x200098bc       0x21 CMakeFiles/LogicAnalyzer.dir/home/frohro/Projects/pico-sdk/src/rp2_common/pico_stdio_usb/reset_interface.c.o
                0x200098bc                desc_bos
 .rodata.str1.4
                0x200098dd       0x13 CMakeFiles/LogicAnalyzer.dir/home/frohro/Projects/pico-sdk/src/rp2_common/pico_stdio_usb/stdio_usb.c.o
 *fill*         0x200098dd        0x3 
 .rodata.__bi_202.0
                0x200098e0        0xc CMakeFiles/LogicAnalyzer.dir/home/frohro/Projects/pico-sdk/src/rp2_common/pico_stdio_usb/stdio_usb.c.o
 .rodata.str1.4
                0x200098ec       0x2e CMakeFiles/LogicAnalyzer.dir/home/frohro/Projects/pico-sdk/src/rp2_common/pico_stdio_usb/stdio_usb_descriptors.c.o
 .rodata.usbd_desc_str
                0x200098ec       0x18 CMakeFiles/LogicAnalyzer.dir/home/frohro/Projects/pico-sdk/src/rp2_common/pico_stdio_usb/stdio_usb_descriptors.c.o
 .rodata.usbd_desc_cfg
                0x20009904       0x54 CMakeFiles/LogicAnalyzer.dir/home/frohro/Projects/pico-sdk/src/rp2_common/pico_stdio_usb/stdio_usb_descriptors.c.o
 .rodata.usbd_desc_device
                0x20009958       0x12 CMakeFiles/LogicAnalyzer.dir/home/frohro/Projects/pico-sdk/src/rp2_common/pico_stdio_usb/stdio_usb_descriptors.c.o
 .rodata.dcd_rp2040_irq.str1.4
                0x2000996a       0x14 CMakeFiles/LogicAnalyzer.dir/home/frohro/Projects/pico-sdk/lib/tinyusb/src/portable/raspberrypi/rp2040/dcd_rp2040.c.o
 .rodata._hw_endpoint_buffer_control_update32.part.0.isra.0.str1.4
                0x2000996a       0x1f CMakeFiles/LogicAnalyzer.dir/home/frohro/Projects/pico-sdk/lib/tinyusb/src/portable/raspberrypi/rp2040/rp2040_usb.c.o
 .rodata.hw_endpoint_xfer_continue.str1.4
                0x2000996a       0x29 CMakeFiles/LogicAnalyzer.dir/home/frohro/Projects/pico-sdk/lib/tinyusb/src/portable/raspberrypi/rp2040/rp2040_usb.c.o
 .rodata.str1.4
                0x2000996a        0x7 CMakeFiles/LogicAnalyzer.dir/home/frohro/Projects/pico-sdk/lib/tinyusb/src/portable/raspberrypi/rp2040/rp2040_usb.c.o
 *fill*         0x2000996a        0x2 
 .rodata._usbd_driver
                0x2000996c       0x30 CMakeFiles/LogicAnalyzer.dir/home/frohro/Projects/pico-sdk/lib/tinyusb/src/device/usbd.c.o
 .rodata.dma_claim_unused_channel.str1.4
                0x2000999c       0x1e CMakeFiles/LogicAnalyzer.dir/home/frohro/Projects/pico-sdk/src/rp2_common/hardware_dma/dma.c.o
 .rodata.pio_claim_unused_sm.str1.4
                0x2000999c       0x24 CMakeFiles/LogicAnalyzer.dir/home/frohro/Projects/pico-sdk/src/rp2_common/hardware_pio/pio.c.o
 *(.srodata*)
                0x200099c0                        . = ALIGN (0x4)
 *(.data*)
 .data.FAST_TRIGGER_program
                0x2000999c        0x8 CMakeFiles/LogicAnalyzer.dir/LogicAnalyzer_Capture.c.o
                0x2000999c                FAST_TRIGGER_program
 .data.COMPLEX_TRIGGER_program
                0x200099a4        0x8 CMakeFiles/LogicAnalyzer.dir/LogicAnalyzer_Capture.c.o
                0x200099a4                COMPLEX_TRIGGER_program
 .data.COMPLEX_TRIGGER_program_instructions
                0x200099ac       0x12 CMakeFiles/LogicAnalyzer.dir/LogicAnalyzer_Capture.c.o
                0x200099ac                COMPLEX_TRIGGER_program_instructions
 .data.striped_spin_lock_num
                0x200099be        0x1 CMakeFiles/LogicAnalyzer.dir/home/frohro/Projects/pico-sdk/src/rp2_common/hardware_sync/sync.c.o
 *fill*         0x200099bf        0x1 
 .data          0x200099c0       0x48 CMakeFiles/LogicAnalyzer.dir/home/frohro/Projects/pico-sdk/src/rp2_common/hardware_irq/irq_handler_chain.S.o
                0x200099c0                irq_handler_chain_slots
                0x200099f0                irq_handler_chain_first_slot
                0x200099fa                irq_handler_chain_remove_tail
 .data.default_alarm_pool
                0x20009a08       0x18 CMakeFiles/LogicAnalyzer.dir/home/frohro/Projects/pico-sdk/src/common/pico_time/time.c.o
 .data.stdio_usb
                0x20009a20       0x18 CMakeFiles/LogicAnalyzer.dir/home/frohro/Projects/pico-sdk/src/rp2_common/pico_stdio_usb/stdio_usb.c.o
                0x20009a20                stdio_usb
 .data.ep_dir_string
                0x20009a38        0x8 CMakeFiles/LogicAnalyzer.dir/home/frohro/Projects/pico-sdk/lib/tinyusb/src/portable/raspberrypi/rp2040/rp2040_usb.c.o
                0x20009a38                ep_dir_string
 .data._usbd_qdef
                0x20009a40       0x24 CMakeFiles/LogicAnalyzer.dir/home/frohro/Projects/pico-sdk/lib/tinyusb/src/device/usbd.c.o
                0x20009a40                _usbd_qdef
 *(.sdata*)
                0x20009a64                        . = ALIGN (0x4)
 *(.after_data.*)
                0x20009a64                        . = ALIGN (0x4)
                0x20009a64                        PROVIDE (__mutex_array_start = .)
 *(SORT_BY_NAME(.mutex_array.*))
 *(.mutex_array)
 .mutex_array   0x20009a64        0x8 CMakeFiles/LogicAnalyzer.dir/home/frohro/Projects/pico-sdk/src/rp2_common/pico_malloc/malloc.c.o
 .mutex_array   0x20009a6c        0x8 CMakeFiles/LogicAnalyzer.dir/home/frohro/Projects/pico-sdk/src/rp2_common/pico_stdio/stdio.c.o
                0x20009a74                        PROVIDE (__mutex_array_end = .)
                0x20009a74                        . = ALIGN (0x4)
                0x20009a74                        PROVIDE (__preinit_array_start = .)
 *(SORT_BY_NAME(.preinit_array.*))
 .preinit_array.00050
                0x20009a74        0x4 CMakeFiles/LogicAnalyzer.dir/home/frohro/Projects/pico-sdk/src/rp2_common/pico_runtime_init/runtime_init.c.o
                0x20009a74                __pre_init_runtime_init_bootrom_reset
 .preinit_array.00100
                0x20009a78        0x4 CMakeFiles/LogicAnalyzer.dir/home/frohro/Projects/pico-sdk/src/rp2_common/pico_runtime_init/runtime_init.c.o
                0x20009a78                __pre_init_runtime_init_early_resets
 .preinit_array.00101
                0x20009a7c        0x4 CMakeFiles/LogicAnalyzer.dir/home/frohro/Projects/pico-sdk/src/rp2_common/pico_runtime_init/runtime_init.c.o
                0x20009a7c                __pre_init_runtime_init_usb_power_down
 .preinit_array.00500
                0x20009a80        0x4 CMakeFiles/LogicAnalyzer.dir/home/frohro/Projects/pico-sdk/src/rp2_common/pico_runtime_init/runtime_init.c.o
                0x20009a80                __pre_init_runtime_init_clocks
 .preinit_array.00600
                0x20009a84        0x4 CMakeFiles/LogicAnalyzer.dir/home/frohro/Projects/pico-sdk/src/rp2_common/pico_runtime_init/runtime_init.c.o
                0x20009a84                __pre_init_runtime_init_post_clock_resets
 .preinit_array.01000
                0x20009a88        0x4 CMakeFiles/LogicAnalyzer.dir/home/frohro/Projects/pico-sdk/src/rp2_common/hardware_boot_lock/boot_lock.c.o
                0x20009a88                __pre_init_runtime_init_boot_locks_reset
 .preinit_array.01000
                0x20009a8c        0x4 CMakeFiles/LogicAnalyzer.dir/home/frohro/Projects/pico-sdk/src/rp2_common/pico_runtime_init/runtime_init.c.o
                0x20009a8c                __pre_init_runtime_init_spin_locks_reset
 .preinit_array.01010
                0x20009a90        0x4 CMakeFiles/LogicAnalyzer.dir/home/frohro/Projects/pico-sdk/src/rp2_common/pico_bootrom/bootrom_lock.c.o
                0x20009a90                __pre_init_runtime_init_bootrom_locking_enable
 .preinit_array.01100
                0x20009a94        0x4 CMakeFiles/LogicAnalyzer.dir/home/frohro/Projects/pico-sdk/src/common/pico_sync/mutex.c.o
                0x20009a94                __pre_init_runtime_init_mutex
 .preinit_array.10080
                0x20009a98        0x4 CMakeFiles/LogicAnalyzer.dir/home/frohro/Projects/pico-sdk/src/rp2_common/pico_runtime_init/runtime_init.c.o
                0x20009a98                __pre_init_runtime_init_install_ram_vector_table
 .preinit_array.11000
                0x20009a9c        0x4 CMakeFiles/LogicAnalyzer.dir/home/frohro/Projects/pico-sdk/src/common/pico_time/time.c.o
                0x20009a9c                __pre_init_runtime_init_default_alarm_pool
 .preinit_array.YYYYY
                0x20009aa0        0x4 CMakeFiles/LogicAnalyzer.dir/home/frohro/Projects/pico-sdk/src/rp2_common/pico_runtime/runtime.c.o
                0x20009aa0                __pre_init_first_per_core_initializer
 .preinit_array.ZZZZZ.00051
                0x20009aa4        0x4 CMakeFiles/LogicAnalyzer.dir/home/frohro/Projects/pico-sdk/src/rp2_common/pico_runtime_init/runtime_init.c.o
                0x20009aa4                __pre_init_runtime_init_per_core_bootrom_reset
 .preinit_array.ZZZZZ.00200
                0x20009aa8        0x4 CMakeFiles/LogicAnalyzer.dir/home/frohro/Projects/pico-sdk/src/rp2_common/pico_runtime_init/runtime_init.c.o
                0x20009aa8                __pre_init_runtime_init_per_core_enable_coprocessors
 .preinit_array.ZZZZZ.01000
                0x20009aac        0x4 CMakeFiles/LogicAnalyzer.dir/home/frohro/Projects/pico-sdk/src/rp2_common/hardware_sync_spin_lock/sync_spin_lock.c.o
                0x20009aac                __pre_init_spinlock_set_extexclall
 .preinit_array.ZZZZZ.01200
                0x20009ab0        0x4 CMakeFiles/LogicAnalyzer.dir/home/frohro/Projects/pico-sdk/src/rp2_common/hardware_irq/irq.c.o
                0x20009ab0                __pre_init_runtime_init_per_core_irq_priorities
 *(.preinit_array)
                0x20009ab4                        PROVIDE (__preinit_array_end = .)
                0x20009ab4                        . = ALIGN (0x4)
                0x20009ab4                        PROVIDE (__init_array_start = .)
 *(SORT_BY_NAME(.init_array.*))
 .init_array.00000
                0x20009ab4        0x4 /usr/lib/gcc/arm-none-eabi/14.2.1/../../../arm-none-eabi/lib/thumb/v8-m.main+fp/softfp/libg.a(libc_a-__call_atexit.o)
 .init_array.01000
                0x20009ab8        0x4 CMakeFiles/LogicAnalyzer.dir/home/frohro/Projects/pico-sdk/src/rp2_common/pico_unique_id/unique_id.c.o
 *(.init_array)
 .init_array    0x20009abc        0x4 /usr/lib/gcc/arm-none-eabi/14.2.1/thumb/v8-m.main+fp/softfp/crtbegin.o
 .init_array    0x20009ac0        0x4 CMakeFiles/LogicAnalyzer.dir/home/frohro/Projects/pico-sdk/src/rp2_common/cmsis/stub/CMSIS/Device/RP2350/Source/system_RP2350.c.o
                0x20009ac4                        PROVIDE (__init_array_end = .)
                0x20009ac4                        . = ALIGN (0x4)
                0x20009ac4                        PROVIDE (__fini_array_start = .)
 *(SORT_BY_NAME(.fini_array.*))
 *(.fini_array)
                0x20009ac4                        PROVIDE (__fini_array_end = .)
 *(.jcr)
                0x20009ac4                        . = ALIGN (0x4)

.tm_clone_table
                0x20009ac4        0x0 load address 0x10009bcc
 .tm_clone_table
                0x20009ac4        0x0 /usr/lib/gcc/arm-none-eabi/14.2.1/thumb/v8-m.main+fp/softfp/crtbegin.o
 .tm_clone_table
                0x20009ac4        0x0 /usr/lib/gcc/arm-none-eabi/14.2.1/thumb/v8-m.main+fp/softfp/crtend.o

.igot.plt       0x20009ac4        0x0 load address 0x10009bcc
 .igot.plt      0x20009ac4        0x0 /usr/lib/gcc/arm-none-eabi/14.2.1/thumb/v8-m.main+fp/softfp/crtbegin.o

.tdata          0x20009ac4        0x0 load address 0x10009bcc
                0x20009ac4                        . = ALIGN (0x4)
 *(.tdata .tdata.* .gnu.linkonce.td.*)
                0x20009ac4                        __tdata_end = .
                0x20009ac4                        PROVIDE (__data_end__ = .)
                0x10009258                        __etext = LOADADDR (.data)

.tbss           0x20009ac4        0x0 load address 0x10009bcc
                0x20009ac4                        . = ALIGN (0x4)
                0x20009ac4                        __bss_start__ = .
                0x20009ac4                        __tls_base = .
 *(.tbss .tbss.* .gnu.linkonce.tb.*)
 *(.tcommon)
                0x20009ac4                        __tls_end = .

.bss            0x20009ac8    0x61304 load address 0x10009bcc
                0x20009ac8                        . = ALIGN (0x4)
                0x20009ac8                        __tbss_end = .
 *(SORT_BY_ALIGNMENT(SORT_BY_NAME(.bss*)))
 .bss.default_alarm_pool_entries
                0x20009ac8      0x180 CMakeFiles/LogicAnalyzer.dir/home/frohro/Projects/pico-sdk/src/common/pico_time/time.c.o
 .bss.lastCapturePins
                0x20009c48       0x18 CMakeFiles/LogicAnalyzer.dir/LogicAnalyzer_Capture.c.o
 .bss.last_avail_time.1
                0x20009c60        0x8 CMakeFiles/LogicAnalyzer.dir/home/frohro/Projects/pico-sdk/src/rp2_common/pico_stdio_usb/stdio_usb.c.o
 .bss           0x20009c68       0x1c /usr/lib/gcc/arm-none-eabi/14.2.1/thumb/v8-m.main+fp/softfp/crtbegin.o
 .bss           0x20009c84      0x190 /usr/lib/gcc/arm-none-eabi/14.2.1/../../../arm-none-eabi/lib/thumb/v8-m.main+fp/softfp/libg.a(libc_a-__atexit.o)
                0x20009c84                __atexit0
 .bss           0x20009e14        0x4 /usr/lib/gcc/arm-none-eabi/14.2.1/../../../arm-none-eabi/lib/thumb/v8-m.main+fp/softfp/libg.a(libc_a-__call_atexit.o)
                0x20009e14                __atexit
 .bss.FAST_TRIGGER_program_instructions
                0x20009e18       0x40 CMakeFiles/LogicAnalyzer.dir/LogicAnalyzer_Capture.c.o
                0x20009e18                FAST_TRIGGER_program_instructions
 .bss.SystemCoreClock
                0x20009e58        0x4 CMakeFiles/LogicAnalyzer.dir/home/frohro/Projects/pico-sdk/src/rp2_common/cmsis/stub/CMSIS/Device/RP2350/Source/system_RP2350.c.o
                0x20009e58                SystemCoreClock
 .bss._app_driver
                0x20009e5c        0x4 CMakeFiles/LogicAnalyzer.dir/home/frohro/Projects/pico-sdk/lib/tinyusb/src/device/usbd.c.o
 .bss._cdcd_itf
                0x20009e60      0x158 CMakeFiles/LogicAnalyzer.dir/home/frohro/Projects/pico-sdk/lib/tinyusb/src/class/cdc/cdc_device.c.o
 .bss._ctrl_xfer
                0x20009fb8       0x14 CMakeFiles/LogicAnalyzer.dir/home/frohro/Projects/pico-sdk/lib/tinyusb/src/device/usbd_control.c.o
 .bss._sw_spin_locks
                0x20009fcc       0x20 CMakeFiles/LogicAnalyzer.dir/home/frohro/Projects/pico-sdk/src/rp2_common/hardware_sync_spin_lock/sync_spin_lock.c.o
                0x20009fcc                _sw_spin_locks
 .bss._ubsd_mutexdef
                0x20009fec        0x8 CMakeFiles/LogicAnalyzer.dir/home/frohro/Projects/pico-sdk/lib/tinyusb/src/device/usbd.c.o
 .bss._usbd_ctrl_buf
                0x20009ff4       0x40 CMakeFiles/LogicAnalyzer.dir/home/frohro/Projects/pico-sdk/lib/tinyusb/src/device/usbd_control.c.o
 .bss._usbd_dev
                0x2000a034       0x53 CMakeFiles/LogicAnalyzer.dir/home/frohro/Projects/pico-sdk/lib/tinyusb/src/device/usbd.c.o
 *fill*         0x2000a087        0x1 
 .bss._usbd_mutex
                0x2000a088        0x4 CMakeFiles/LogicAnalyzer.dir/home/frohro/Projects/pico-sdk/lib/tinyusb/src/device/usbd.c.o
 .bss._usbd_q   0x2000a08c        0x4 CMakeFiles/LogicAnalyzer.dir/home/frohro/Projects/pico-sdk/lib/tinyusb/src/device/usbd.c.o
 .bss._usbd_qdef_buf
                0x2000a090       0xc0 CMakeFiles/LogicAnalyzer.dir/home/frohro/Projects/pico-sdk/lib/tinyusb/src/device/usbd.c.o
                0x2000a090                _usbd_qdef_buf
 .bss._used_instruction_space
                0x2000a150        0xc CMakeFiles/LogicAnalyzer.dir/home/frohro/Projects/pico-sdk/src/rp2_common/hardware_pio/pio.c.o
 .bss._vendord_itf
                0x2000a15c      0x2cc CMakeFiles/LogicAnalyzer.dir/home/frohro/Projects/pico-sdk/lib/tinyusb/src/class/vendor/vendor_device.c.o
 .bss.blinkCount
                0x2000a428        0x4 CMakeFiles/LogicAnalyzer.dir/LogicAnalyzer.c.o
                0x2000a428                blinkCount
 .bss.captureBuffer
                0x2000a42c    0x60000 CMakeFiles/LogicAnalyzer.dir/LogicAnalyzer_Capture.c.o
 .bss.captureOffset
                0x2006a42c        0x4 CMakeFiles/LogicAnalyzer.dir/LogicAnalyzer_Capture.c.o
 .bss.capturePIO
                0x2006a430        0x4 CMakeFiles/LogicAnalyzer.dir/LogicAnalyzer_Capture.c.o
 .bss.chars_available_callback
                0x2006a434        0x4 CMakeFiles/LogicAnalyzer.dir/home/frohro/Projects/pico-sdk/src/rp2_common/pico_stdio_usb/stdio_usb.c.o
 .bss.chars_available_param
                0x2006a438        0x4 CMakeFiles/LogicAnalyzer.dir/home/frohro/Projects/pico-sdk/src/rp2_common/pico_stdio_usb/stdio_usb.c.o
 .bss.claimed   0x2006a43c        0x4 CMakeFiles/LogicAnalyzer.dir/home/frohro/Projects/pico-sdk/src/rp2_common/hardware_sync/sync.c.o
 .bss.claimed   0x2006a440        0x2 CMakeFiles/LogicAnalyzer.dir/home/frohro/Projects/pico-sdk/src/rp2_common/hardware_timer/timer.c.o
 *fill*         0x2006a442        0x2 
 .bss.claimed   0x2006a444        0x2 CMakeFiles/LogicAnalyzer.dir/home/frohro/Projects/pico-sdk/src/rp2_common/hardware_pio/pio.c.o
 *fill*         0x2006a446        0x2 
 .bss.configured_freq
                0x2006a448       0x28 CMakeFiles/LogicAnalyzer.dir/home/frohro/Projects/pico-sdk/src/rp2_common/hardware_clocks/clocks.c.o
 .bss.desc_str.0
                0x2006a470       0x28 CMakeFiles/LogicAnalyzer.dir/home/frohro/Projects/pico-sdk/src/rp2_common/pico_stdio_usb/stdio_usb_descriptors.c.o
 .bss.dmaPingPong0
                0x2006a498        0x4 CMakeFiles/LogicAnalyzer.dir/LogicAnalyzer_Capture.c.o
 .bss.dmaPingPong1
                0x2006a49c        0x4 CMakeFiles/LogicAnalyzer.dir/LogicAnalyzer_Capture.c.o
 .bss.drivers   0x2006a4a0        0x4 CMakeFiles/LogicAnalyzer.dir/home/frohro/Projects/pico-sdk/src/rp2_common/pico_stdio/stdio.c.o
 .bss.filter    0x2006a4a4        0x4 CMakeFiles/LogicAnalyzer.dir/home/frohro/Projects/pico-sdk/src/rp2_common/pico_stdio/stdio.c.o
 .bss.hw_endpoints
                0x2006a4a8      0x400 CMakeFiles/LogicAnalyzer.dir/home/frohro/Projects/pico-sdk/lib/tinyusb/src/portable/raspberrypi/rp2040/dcd_rp2040.c.o
 .bss.lastLoopCount
                0x2006a8a8        0x4 CMakeFiles/LogicAnalyzer.dir/LogicAnalyzer_Capture.c.o
 .bss.lastPostSize
                0x2006a8ac        0x4 CMakeFiles/LogicAnalyzer.dir/LogicAnalyzer_Capture.c.o
 .bss.lastPreSize
                0x2006a8b0        0x4 CMakeFiles/LogicAnalyzer.dir/LogicAnalyzer_Capture.c.o
 .bss.lastStartPosition
                0x2006a8b4        0x4 CMakeFiles/LogicAnalyzer.dir/LogicAnalyzer_Capture.c.o
 .bss.lastTail  0x2006a8b8        0x4 CMakeFiles/LogicAnalyzer.dir/LogicAnalyzer_Capture.c.o
 .bss.lazy_vsnprintf
                0x2006a8bc        0x4 CMakeFiles/LogicAnalyzer.dir/home/frohro/Projects/pico-sdk/src/rp2_common/pico_printf/printf.c.o
 .bss.load_value
                0x2006a8c0        0x4 CMakeFiles/LogicAnalyzer.dir/home/frohro/Projects/pico-sdk/src/rp2_common/hardware_watchdog/watchdog.c.o
 .bss.loopTimestamp
                0x2006a8c4      0x400 CMakeFiles/LogicAnalyzer.dir/LogicAnalyzer_Capture.c.o
 .bss.messageBuffer
                0x2006acc4       0x80 CMakeFiles/LogicAnalyzer.dir/LogicAnalyzer.c.o
                0x2006acc4                messageBuffer
 .bss.next_buffer_ptr
                0x2006ad44        0x4 CMakeFiles/LogicAnalyzer.dir/home/frohro/Projects/pico-sdk/lib/tinyusb/src/portable/raspberrypi/rp2040/dcd_rp2040.c.o
 .bss.oldNMIHandler
                0x2006ad48        0x4 CMakeFiles/LogicAnalyzer.dir/LogicAnalyzer_Capture.c.o
 .bss.oldSysTickHandler
                0x2006ad4c        0x4 CMakeFiles/LogicAnalyzer.dir/LogicAnalyzer_Capture.c.o
 .bss.one_shot_timer_crit_sec
                0x2006ad50        0x8 CMakeFiles/LogicAnalyzer.dir/home/frohro/Projects/pico-sdk/src/rp2_common/pico_stdio_usb/stdio_usb.c.o
 .bss.pools     0x2006ad58       0x20 CMakeFiles/LogicAnalyzer.dir/home/frohro/Projects/pico-sdk/src/common/pico_time/time.c.o
 .bss.req       0x2006ad78        0x4 CMakeFiles/LogicAnalyzer.dir/LogicAnalyzer.c.o
                0x2006ad78                req
 .bss.retrieved_id
                0x2006ad7c        0x8 CMakeFiles/LogicAnalyzer.dir/home/frohro/Projects/pico-sdk/src/rp2_common/pico_unique_id/unique_id.c.o
 .bss.sleep_notifier
                0x2006ad84        0x4 CMakeFiles/LogicAnalyzer.dir/home/frohro/Projects/pico-sdk/src/common/pico_time/time.c.o
 .bss.sm_Capture
                0x2006ad88        0x4 CMakeFiles/LogicAnalyzer.dir/LogicAnalyzer_Capture.c.o
 .bss.sm_Trigger
                0x2006ad8c        0x4 CMakeFiles/LogicAnalyzer.dir/LogicAnalyzer_Capture.c.o
 .bss.stdio_usb_mutex
                0x2006ad90        0x8 CMakeFiles/LogicAnalyzer.dir/home/frohro/Projects/pico-sdk/src/rp2_common/pico_stdio_usb/stdio_usb.c.o
 .bss.transferCount
                0x2006ad98        0x4 CMakeFiles/LogicAnalyzer.dir/LogicAnalyzer_Capture.c.o
 .bss.triggerOffset
                0x2006ad9c        0x4 CMakeFiles/LogicAnalyzer.dir/LogicAnalyzer_Capture.c.o
 .bss.triggerPIO
                0x2006ada0        0x4 CMakeFiles/LogicAnalyzer.dir/LogicAnalyzer_Capture.c.o
 .bss.usbd_serial_str
                0x2006ada4       0x11 CMakeFiles/LogicAnalyzer.dir/home/frohro/Projects/pico-sdk/src/rp2_common/pico_stdio_usb/stdio_usb_descriptors.c.o
 *fill*         0x2006adb5        0x1 
 .bss._claimed  0x2006adb6        0x2 CMakeFiles/LogicAnalyzer.dir/home/frohro/Projects/pico-sdk/src/rp2_common/hardware_dma/dma.c.o
 .bss._app_driver_count
                0x2006adb8        0x1 CMakeFiles/LogicAnalyzer.dir/home/frohro/Projects/pico-sdk/lib/tinyusb/src/device/usbd.c.o
 .bss._usbd_initialized
                0x2006adb9        0x1 CMakeFiles/LogicAnalyzer.dir/home/frohro/Projects/pico-sdk/lib/tinyusb/src/device/usbd.c.o
 .bss.blink     0x2006adba        0x1 CMakeFiles/LogicAnalyzer.dir/LogicAnalyzer.c.o
                0x2006adba                blink
 .bss.bufferPos
                0x2006adbb        0x1 CMakeFiles/LogicAnalyzer.dir/LogicAnalyzer.c.o
                0x2006adbb                bufferPos
 .bss.captureFinished
                0x2006adbc        0x1 CMakeFiles/LogicAnalyzer.dir/LogicAnalyzer_Capture.c.o
 .bss.captureProcessed
                0x2006adbd        0x1 CMakeFiles/LogicAnalyzer.dir/LogicAnalyzer_Capture.c.o
 .bss.capturing
                0x2006adbe        0x1 CMakeFiles/LogicAnalyzer.dir/LogicAnalyzer.c.o
                0x2006adbe                capturing
 .bss.irq_handler_chain_free_slot_head